2025-06-19 20:38:27.831  7240-7403  Finsky:background       com.android.vending                  I  [520] atel.n(32): DS::IDC: updateWith: <7:QUEUED with WAITING_FOR_START:0%[0%]>
2025-06-19 20:38:27.845  7240-7284  Finsky:background       com.android.vending                  I  [491] bemt.m(13): DSC: getDownload(6)
2025-06-19 20:38:27.845  7240-7284  Finsky:background       com.android.vending                  I  [491] bemt.m(13): DSC: getDownload(7)
2025-06-19 20:38:27.846  7240-7284  Finsky:background       com.android.vending                  I  [491] sjg.i(15): DS: getDownload(request_id=6)
2025-06-19 20:38:27.846  7240-7284  Finsky:background       com.android.vending                  I  [491] sjg.i(15): DS: getDownload(request_id=7)
2025-06-19 20:38:27.846  7240-7403  Finsky:background       com.android.vending                  I  [520] sjg.h(335): DS: onGetDownload(request_id=6, files_to_download=[com.google.android.googlequicksearchbox.dm(size:65794)], context[group_id=com.google.android.googlequicksearchbox:3dtdgDxpRMak8imSL4Fu7A], display_data[invisible=true, title=Required app update], network_restrictions=ANY_NETWORK status=running, bytes_downloaded=0, total_bytes=65794, retry[count=0, next_retry=n/a])
2025-06-19 20:38:27.847  7240-7403  Finsky:background       com.android.vending                  I  [520] sjg.h(335): DS: onGetDownload(request_id=7, files_to_download=[config.xxhdpi(size:1736689)], context[group_id=com.google.android.googlequicksearchbox:3dtdgDxpRMak8imSL4Fu7A], display_data[invisible=true, title=Required app update], network_restrictions=ANY_NETWORK status=queued[1], bytes_downloaded=0, total_bytes=1736689, retry[count=0, next_retry=n/a])
2025-06-19 20:38:27.847  7240-7403  Finsky:background       com.android.vending                  I  [520] smt.c(111): DSC::L: Update all listeners for download <6:RUNNING:0%[0%]> in group com.google.android.googlequicksearchbox:3dtdgDxpRMak8imSL4Fu7A
2025-06-19 20:38:27.847  7240-7403  Finsky:background       com.android.vending                  I  [520] smt.c(153): DSC::L: Updating listener sgt@d22c422 for download <6:RUNNING:0%[0%]>
2025-06-19 20:38:27.848  7240-7403  Finsky:background       com.android.vending                  I  [520] smt.c(153): DSC::L: Updating listener DownloadServiceManagerListener::qwb@129a404 for download <6:RUNNING:0%[0%]>
2025-06-19 20:38:27.848  7240-7403  Finsky:background       com.android.vending                  I  [520] smt.c(153): DSC::L: Updating listener DownloadServiceManagerListener::ahuw@6ccb57a for download <6:RUNNING:0%[0%]>
2025-06-19 20:38:27.848  7240-7403  Finsky:background       com.android.vending                  I  [520] ahuw.f(15): DS: Received onProgress request_id=6
2025-06-19 20:38:27.848  7240-7403  Finsky:background       com.android.vending                  I  [520] bqrp.i(59): RM: receive resource status onStart com.google.android.googlequicksearchbox.dm reason: rapid_auto_update isid: 3dtdgDxpRMak8imSL4Fu7A, 2, 192, size: 0/65794
2025-06-19 20:38:27.850  7240-7403  Finsky:background       com.android.vending                  I  [520] bqrp.h(78): RM: receive resource status onProgress download_request_id=6, group_id=com.google.android.googlequicksearchbox.dm reason: rapid_auto_update isid: 3dtdgDxpRMak8imSL4Fu7A, status_code=RESOURCE_STATUS_IN_PROGRESS, legacy_status_code=192, size: 0/65794
2025-06-19 20:38:27.850  7240-7279  Finsky:background       com.android.vending                  I  [486] bemt.m(13): DSC: getDownload(6)
2025-06-19 20:38:27.850  7240-7403  Finsky:background       com.android.vending                  I  [520] atel.n(32): DS::IDC: updateWith: <6:RUNNING:0%[0%]>
2025-06-19 20:38:27.851  7240-7284  Finsky:background       com.android.vending                  I  [491] sjg.i(15): DS: getDownload(request_id=6)
2025-06-19 20:38:27.851  7240-7280  Finsky:background       com.android.vending                  I  [487] tcp.accept(59): SCH: Scheduling phonesky job Id: 40-9998, CT: 1750354707820, Constraints: [{ L: 0, D: 86400000, C: CHARGING_NONE, I: IDLE_NONE, N: NET_ANY, B: BATTERY_ANY }, { L: 0, D: 0, C: CHARGING_NONE, I: IDLE_NONE, N: NET_NONE, B: BATTERY_ANY }]
2025-06-19 20:38:27.851  7240-7280  Finsky:background       com.android.vending                  I  [487] asdw.r(343): SCH: Scheduling system job 10028 to resume after 0 ms
2025-06-19 20:38:27.852  7240-7280  Finsky:background       com.android.vending                  I  [487] asdw.r(343): SCH: Scheduling system job 10029 to resume after 0 ms
2025-06-19 20:38:27.852  7240-7278  Finsky:background       com.android.vending                  I  [485] azbu.l(33): SCH: Resuming system job 10028 from hub.
2025-06-19 20:38:27.852  7240-7290  Finsky:background       com.android.vending                  I  [496] bemt.m(13): DSC: getDownload(6)
2025-06-19 20:38:27.852  7240-7290  Finsky:background       com.android.vending                  I  [496] sjg.i(15): DS: getDownload(request_id=6)
2025-06-19 20:38:27.856  7240-7280  Finsky:background       com.android.vending                  I  [487] azbu.l(33): SCH: Resuming system job 10029 from hub.
2025-06-19 20:38:27.859  7240-7749  HttpFlagsLoader         com.android.vending                  D  Not loading HTTP flags because they are disabled in the manifest
2025-06-19 20:38:27.860  7240-7278  Finsky:background       com.android.vending                  I  [485] oac.apply(312): SCH: Scheduling 0 system job(s)
2025-06-19 20:38:27.862  7240-7296  Finsky:background       com.android.vending                  I  [500] oab.a(728): SCH: Satisfied jobs for 10028 are: 3-3, 3-4, 40-9998
2025-06-19 20:38:27.864  7240-7385  Finsky:background       com.android.vending                  I  [509] ajkf.accept(151): SCH: Job 40-9998 starting
2025-06-19 20:38:27.865   501-1892  ConnectivityService     system_server                        D  requestNetwork for uid/pid:10107/7240 NetworkRequest [ TRACK_DEFAULT id=56, [ Capabilities: INTERNET&NOT_RESTRICTED&TRUSTED Uid: 10107 AdministratorUids: [] RequestorUid: 10107 RequestorPackageName: com.android.vending] ]
2025-06-19 20:38:27.865   501-663   ConnectivityService     system_server                        D  NetReassign [56 : null  100]
2025-06-19 20:38:27.865  7240-7240  Finsky:background       com.android.vending                  I  [2] InvisibleRunJob.i(6): DS::IRJ: Running InvisibleRunJob
2025-06-19 20:38:27.865  1074-1074  PhoneSwitc...stListener com.android.phone                    D  got request NetworkRequest [ TRACK_DEFAULT id=56, [ Capabilities: INTERNET&NOT_RESTRICTED&TRUSTED Uid: 10107 AdministratorUids: [] RequestorUid: 10107 RequestorPackageName: com.android.vending] ] with score 60 and providerId 2
2025-06-19 20:38:27.869  1074-1074  Telephony               com.android.phone                    D  isEmergencyPreferredAccount: subId=1, activeData=1
2025-06-19 20:38:27.869  1074-1074  Telephony               com.android.phone                    D  isEmergencyPreferredAccount: Device does not require preference.
2025-06-19 20:38:27.869   728-728   KeyguardUpdateMonitor   com.android.systemui                 V  onSubscriptionInfoChanged()
2025-06-19 20:38:27.871   728-728   KeyguardUpdateMonitor   com.android.systemui                 V  SubInfo:{id=1 iccId=890141032[****] simSlotIndex=0 carrierId=1 displayName=T-Mobile carrierName=T-Mobile nameSource=3 iconTint=-16746133 number=[****] dataRoaming=0 iconBitmap=android.graphics.Bitmap@e0bd1bb mcc=310 mnc=260 countryIso=us isEmbedded=false nativeAccessRules=null cardString=890141032[****] cardId=-1 isOpportunistic=false groupUUID=null isGroupDisabled=false profileClass=-1 ehplmns=null hplmns=null subscriptionType=0 groupOwner=null carrierConfigAccessRules=null areUiccApplicationsEnabled=true}
2025-06-19 20:38:27.874   501-663   ConnectivityService     system_server                        D  NetReassign [no changes]
2025-06-19 20:38:27.877  7240-7403  cn_CronetLibraryLoader  com.android.vending                  I  Cronet version: 138.0.7156.0, arch: x86_64
2025-06-19 20:38:27.880  7240-7403  Finsky:background       com.android.vending                  I  [520] smt.c(111): DSC::L: Update all listeners for download <8:QUEUED with WAITING_FOR_START:0%[0%]> in group com.google.android.googlequicksearchbox:3dtdgDxpRMak8imSL4Fu7A
2025-06-19 20:38:27.880  7240-7403  Finsky:background       com.android.vending                  I  [520] smt.c(153): DSC::L: Updating listener sgt@d22c422 for download <8:QUEUED with WAITING_FOR_START:0%[0%]>
2025-06-19 20:38:27.880  7240-7403  Finsky:background       com.android.vending                  I  [520] smt.c(153): DSC::L: Updating listener DownloadServiceManagerListener::qwb@129a404 for download <8:QUEUED with WAITING_FOR_START:0%[0%]>
2025-06-19 20:38:27.880  7240-7403  Finsky:background       com.android.vending                  I  [520] smt.c(153): DSC::L: Updating listener DownloadServiceManagerListener::ahuw@6ccb57a for download <8:QUEUED with WAITING_FOR_START:0%[0%]>
2025-06-19 20:38:27.880  7240-7403  Finsky:background       com.android.vending                  I  [520] atel.n(32): DS::IDC: updateWith: <8:QUEUED with WAITING_FOR_START:0%[0%]>
2025-06-19 20:38:27.881  7240-7296  Finsky:background       com.android.vending                  I  [500] oab.a(728): SCH: Satisfied jobs for 10029 are: 3-3, 3-4, 40-9998
2025-06-19 20:38:27.882  7240-7403  Finsky:background       com.android.vending                  I  [520] sjg.h(335): DS: onGetDownload(request_id=6, files_to_download=[com.google.android.googlequicksearchbox.dm(size:65794)], context[group_id=com.google.android.googlequicksearchbox:3dtdgDxpRMak8imSL4Fu7A], display_data[invisible=true, title=Required app update], network_restrictions=ANY_NETWORK status=running, bytes_downloaded=0, total_bytes=65794, retry[count=0, next_retry=n/a])
2025-06-19 20:38:27.885  7240-7403  Finsky:background       com.android.vending                  I  [520] sjg.h(335): DS: onGetDownload(request_id=6, files_to_download=[com.google.android.googlequicksearchbox.dm(size:65794)], context[group_id=com.google.android.googlequicksearchbox:3dtdgDxpRMak8imSL4Fu7A], display_data[invisible=true, title=Required app update], network_restrictions=ANY_NETWORK status=running, bytes_downloaded=0, total_bytes=65794, retry[count=0, next_retry=n/a])
2025-06-19 20:38:27.885  7240-7240  Finsky:background       com.android.vending                  I  [2] ahmz.run(263): RF: onStart 6
2025-06-19 20:38:27.888  7240-7240  Finsky:background       com.android.vending                  I  [2] ahug.l(77): bytesCompleted/bytesTotal/ratio = 0 / 75263728 / 0.000000
2025-06-19 20:38:27.888  7240-7240  Finsky:background       com.android.vending                  I  [2] ahue.a(39): RF: onProgress 6
2025-06-19 20:38:27.888  7240-7240  Finsky:background       com.android.vending                  I  [2] ahue.a(205): RF: onProgress 6
2025-06-19 20:38:27.888  7240-7240  Finsky:background       com.android.vending                  I  [2] ahug.l(77): bytesCompleted/bytesTotal/ratio = 0 / 75263728 / 0.000000
2025-06-19 20:38:27.892  7240-7282  Finsky:background       com.android.vending                  I  [489] nvi.accept(72): IV2: onTaskProgress com.google.android.googlequicksearchbox[iid:0] [isid:3dtdgDxpRMak8imSL4Fu7A] status:RESOURCE_FETCH_PROGRESS, size: 0/75263728
2025-06-19 20:38:27.902  7240-7282  Finsky:background       com.android.vending                  I  [489] nvi.accept(72): IV2: onTaskProgress com.google.android.googlequicksearchbox[iid:0] [isid:3dtdgDxpRMak8imSL4Fu7A] status:RESOURCE_FETCH_PROGRESS, size: 0/75263728
2025-06-19 20:38:27.902  7240-7279  Finsky:background       com.android.vending                  I  [486] bemt.m(13): DSC: getDownload(8)
2025-06-19 20:38:27.904  7240-7284  Finsky:background       com.android.vending                  I  [491] sjg.i(15): DS: getDownload(request_id=8)
2025-06-19 20:38:27.905  7240-7403  Finsky:background       com.android.vending                  I  [520] sjg.h(335): DS: onGetDownload(request_id=8, files_to_download=[com.google.android.googlequicksearchbox.apk(size:73461245)], context[group_id=com.google.android.googlequicksearchbox:3dtdgDxpRMak8imSL4Fu7A], display_data[invisible=true, title=Required app update], network_restrictions=ANY_NETWORK status=queued[1], bytes_downloaded=0, total_bytes=73461245, retry[count=0, next_retry=n/a])
2025-06-19 20:38:27.906  7240-7288  Finsky:background       com.android.vending                  I  [494] xvj.O(58): IQ: Notifying installation update. [Package:com.google.android.googlequicksearchbox, isid:3dtdgDxpRMak8imSL4Fu7A], status=DOWNLOADING, status_code=0, reason=rapid_auto_update, tsc=PT3.033S, attempt=0
2025-06-19 20:38:27.938  7240-7240  Finsky:background       com.android.vending                  I  [2] agrl.iY(56): PIM: Ignore install package event for: com.google.android.googlequicksearchbox, isid: 3dtdgDxpRMak8imSL4Fu7A
2025-06-19 20:38:27.947  7111-7211  GoogleApiManager        com.android.vending                  W  avzo could not execute call because it requires feature (get_storage_info_api, 1).
2025-06-19 20:38:27.948  7240-7288  Finsky:background       com.android.vending                  I  [494] xvj.O(58): IQ: Notifying installation update. [Package:com.google.android.googlequicksearchbox, isid:3dtdgDxpRMak8imSL4Fu7A], status=DOWNLOADING, status_code=0, reason=rapid_auto_update, tsc=PT3.075S, attempt=0
2025-06-19 20:38:27.949  7111-7111  Finsky                  com.android.vending                  I  [2] akjs.apply(400): IQ::HLD: if pauseAppUpdates is called now, it must wait for these ongoing installs: [[Package:com.google.android.googlequicksearchbox, isid:3dtdgDxpRMak8imSL4Fu7A]]
2025-06-19 20:38:27.986  7240-7240  Finsky:background       com.android.vending                  I  [2] agrl.iY(56): PIM: Ignore install package event for: com.google.android.googlequicksearchbox, isid: 3dtdgDxpRMak8imSL4Fu7A
2025-06-19 20:38:27.997  7111-7111  Finsky                  com.android.vending                  I  [2] akjs.apply(400): IQ::HLD: if pauseAppUpdates is called now, it must wait for these ongoing installs: [[Package:com.google.android.googlequicksearchbox, isid:3dtdgDxpRMak8imSL4Fu7A]]
2025-06-19 20:38:28.002  7240-7754  Finsky:background       com.android.vending                  I  [551] slj.d(6): CronetDownloader: onRedirectReceived
2025-06-19 20:38:28.314  5923-5961  BeaconBle               com.google.android.gms.persistent    I  Client requested scan, settings=BleSettings [scanMode=ZERO_POWER, callbackType=ALL_MATCHES, reportDelayMillis=0, 5 filters, 1 clients, callingClientName=Nearby] [CONTEXT service_id=111 ]
2025-06-19 20:38:28.315  5923-5961  BeaconBle               com.google.android.gms.persistent    I  Stopping scan on delegate scanner. BT state: 12 [CONTEXT service_id=111 ]
2025-06-19 20:38:28.315  5923-5961  BluetoothAdapter        com.google.android.gms.persistent    D  isLeEnabled(): ON
2025-06-19 20:38:28.321  5923-5961  BeaconBle               com.google.android.gms.persistent    I  Resetting - new scanner available: true [CONTEXT service_id=111 ]
2025-06-19 20:38:28.321  5923-5961  BeaconBle               com.google.android.gms.persistent    I  ZERO_POWER is disabled. [CONTEXT service_id=111 ]
2025-06-19 20:38:28.321  5923-5961  BeaconBle               com.google.android.gms.persistent    I  'L' hardware scan: scan stopped, no powered clients [CONTEXT service_id=111 ]
2025-06-19 20:38:28.362   501-996   chatty                  system_server                        I  uid=1000(system) Binder:501_7 expire 1 line
2025-06-19 20:38:28.644  7240-7754  Finsky:background       com.android.vending                  I  [551] slj.d(6): CronetDownloader: onRedirectReceived
2025-06-19 20:38:28.693  7111-7194  Finsky                  com.android.vending                  I  [491] myz.accept(250): Successfully collected the device disk space info.
2025-06-19 20:38:29.129  1799-2090  Greco3DataManager       com....android.googlequicksearchbox  I  #handleLocale  en-US
2025-06-19 20:38:29.133  1799-2090  Greco3DataManager       com....android.googlequicksearchbox  I  available language pack of en-US is version 310
2025-06-19 20:38:29.144  1830-3599  DownloadManager         android.process.media                V  Deleting /storage/emulated/0/Android/data/com.google.android.googlequicksearchbox/files/download_cache/en-US-v310-f32.zip via provider delete
2025-06-19 20:38:29.155  1552-1594  MediaProvider           com...ndroid.providers.media.module  I  Scanned external_primary due to REASON_DEMAND, found 0 items in 4ms, 0 inserts 0 updates 0 deletes
2025-06-19 20:38:29.352  7111-7194  Finsky                  com.android.vending                  I  [491] myz.accept(250): Successfully collected the device disk space info.
2025-06-19 20:38:29.523  7240-7403  Finsky:background       com.android.vending                  I  [520] smt.c(111): DSC::L: Update all listeners for download <6:RUNNING:0%[0%]> in group com.google.android.googlequicksearchbox:3dtdgDxpRMak8imSL4Fu7A
2025-06-19 20:38:29.523  7240-7403  Finsky:background       com.android.vending                  I  [520] smt.c(153): DSC::L: Updating listener sgt@d22c422 for download <6:RUNNING:0%[0%]>
2025-06-19 20:38:29.523  7240-7403  Finsky:background       com.android.vending                  I  [520] smt.c(153): DSC::L: Updating listener DownloadServiceManagerListener::qwb@129a404 for download <6:RUNNING:0%[0%]>
2025-06-19 20:38:29.523  7240-7403  Finsky:background       com.android.vending                  I  [520] smt.c(153): DSC::L: Updating listener DownloadServiceManagerListener::ahuw@6ccb57a for download <6:RUNNING:0%[0%]>
2025-06-19 20:38:29.523  7240-7403  Finsky:background       com.android.vending                  I  [520] ahuw.f(15): DS: Received onProgress request_id=6
2025-06-19 20:38:29.523  7240-7403  Finsky:background       com.android.vending                  I  [520] bqrp.h(78): RM: receive resource status onProgress download_request_id=6, group_id=com.google.android.googlequicksearchbox.dm reason: rapid_auto_update isid: 3dtdgDxpRMak8imSL4Fu7A, status_code=RESOURCE_STATUS_IN_PROGRESS, legacy_status_code=192, size: 0/65794
2025-06-19 20:38:29.523  7240-7403  Finsky:background       com.android.vending                  I  [520] atel.n(32): DS::IDC: updateWith: <6:RUNNING:0%[0%]>
2025-06-19 20:38:29.524  7240-7290  Finsky:background       com.android.vending                  I  [496] bemt.m(13): DSC: getDownload(6)
2025-06-19 20:38:29.525  7240-7284  Finsky:background       com.android.vending                  I  [491] sjg.i(15): DS: getDownload(request_id=6)
2025-06-19 20:38:29.526  7240-7403  Finsky:background       com.android.vending                  I  [520] sjg.h(335): DS: onGetDownload(request_id=6, files_to_download=[com.google.android.googlequicksearchbox.dm(size:65794)], context[group_id=com.google.android.googlequicksearchbox:3dtdgDxpRMak8imSL4Fu7A], display_data[invisible=true, title=Required app update], network_restrictions=ANY_NETWORK status=running, bytes_downloaded=0, total_bytes=65794, retry[count=0, next_retry=n/a])
2025-06-19 20:38:29.528  7240-7240  Finsky:background       com.android.vending                  I  [2] ahue.a(39): RF: onProgress 6
2025-06-19 20:38:29.528  7240-7240  Finsky:background       com.android.vending                  I  [2] ahue.a(205): RF: onProgress 6
2025-06-19 20:38:29.528  7240-7240  Finsky:background       com.android.vending                  I  [2] ahug.l(77): bytesCompleted/bytesTotal/ratio = 0 / 75263728 / 0.000000
2025-06-19 20:38:29.530  7240-7282  Finsky:background       com.android.vending                  I  [489] nvi.accept(72): IV2: onTaskProgress com.google.android.googlequicksearchbox[iid:0] [isid:3dtdgDxpRMak8imSL4Fu7A] status:RESOURCE_FETCH_PROGRESS, size: 0/75263728
2025-06-19 20:38:29.532  7240-7288  Finsky:background       com.android.vending                  I  [494] xvj.O(58): IQ: Notifying installation update. [Package:com.google.android.googlequicksearchbox, isid:3dtdgDxpRMak8imSL4Fu7A], status=DOWNLOADING, status_code=0, reason=rapid_auto_update, tsc=PT4.659S, attempt=0
2025-06-19 20:38:29.533  7240-7403  Finsky:background       com.android.vending                  I  [520] smt.c(111): DSC::L: Update all listeners for download <6:RUNNING:100%[100%]> in group com.google.android.googlequicksearchbox:3dtdgDxpRMak8imSL4Fu7A
2025-06-19 20:38:29.533  7240-7403  Finsky:background       com.android.vending                  I  [520] smt.c(153): DSC::L: Updating listener sgt@d22c422 for download <6:RUNNING:100%[100%]>
2025-06-19 20:38:29.533  7240-7403  Finsky:background       com.android.vending                  I  [520] smt.c(153): DSC::L: Updating listener DownloadServiceManagerListener::qwb@129a404 for download <6:RUNNING:100%[100%]>
2025-06-19 20:38:29.534  7240-7403  Finsky:background       com.android.vending                  I  [520] smt.c(153): DSC::L: Updating listener DownloadServiceManagerListener::ahuw@6ccb57a for download <6:RUNNING:100%[100%]>
2025-06-19 20:38:29.534  7240-7403  Finsky:background       com.android.vending                  I  [520] ahuw.f(15): DS: Received onProgress request_id=6
2025-06-19 20:38:29.534  7240-7403  Finsky:background       com.android.vending                  I  [520] bqrp.h(78): RM: receive resource status onProgress download_request_id=6, group_id=com.google.android.googlequicksearchbox.dm reason: rapid_auto_update isid: 3dtdgDxpRMak8imSL4Fu7A, status_code=RESOURCE_STATUS_IN_PROGRESS, legacy_status_code=192, size: 65794/65794
2025-06-19 20:38:29.535  7240-7403  Finsky:background       com.android.vending                  I  [520] atel.n(32): DS::IDC: updateWith: <6:RUNNING:100%[100%]>
2025-06-19 20:38:29.535  7240-7290  Finsky:background       com.android.vending                  I  [496] bemt.m(13): DSC: getDownload(6)
2025-06-19 20:38:29.536  7240-7284  Finsky:background       com.android.vending                  I  [491] sjg.i(15): DS: getDownload(request_id=6)
2025-06-19 20:38:29.536  7240-7403  Finsky:background       com.android.vending                  I  [520] sjg.h(335): DS: onGetDownload(request_id=6, files_to_download=[com.google.android.googlequicksearchbox.dm(size:65794)], context[group_id=com.google.android.googlequicksearchbox:3dtdgDxpRMak8imSL4Fu7A], display_data[invisible=true, title=Required app update], network_restrictions=ANY_NETWORK status=succeeded, bytes_downloaded=65794, total_bytes=65794, retry[count=0, next_retry=n/a])
2025-06-19 20:38:29.537  7240-7240  Finsky:background       com.android.vending                  I  [2] ahue.a(39): RF: onProgress 6
2025-06-19 20:38:29.538  7240-7240  Finsky:background       com.android.vending                  I  [2] ahue.a(205): RF: onProgress 6
2025-06-19 20:38:29.545  7240-7403  Finsky:background       com.android.vending                  I  [520] smt.c(111): DSC::L: Update all listeners for download <6:SUCCEEDED> in group com.google.android.googlequicksearchbox:3dtdgDxpRMak8imSL4Fu7A
2025-06-19 20:38:29.545  7240-7403  Finsky:background       com.android.vending                  I  [520] smt.c(153): DSC::L: Updating listener sgt@d22c422 for download <6:SUCCEEDED>
2025-06-19 20:38:29.545  7240-7403  Finsky:background       com.android.vending                  I  [520] smt.c(153): DSC::L: Updating listener DownloadServiceManagerListener::qwb@129a404 for download <6:SUCCEEDED>
2025-06-19 20:38:29.545  7240-7403  Finsky:background       com.android.vending                  I  [520] smt.c(153): DSC::L: Updating listener DownloadServiceManagerListener::ahuw@6ccb57a for download <6:SUCCEEDED>
2025-06-19 20:38:29.545  7240-7403  Finsky:background       com.android.vending                  I  [520] bqrp.j(59): RM: receive resource status onSuccess com.google.android.googlequicksearchbox.dm reason: rapid_auto_update isid: 3dtdgDxpRMak8imSL4Fu7A, 3, 200, size: 65794/65794
2025-06-19 20:38:29.545  7240-7403  Finsky:background       com.android.vending                  I  [520] atel.n(32): DS::IDC: updateWith: <6:SUCCEEDED>
2025-06-19 20:38:29.546  7240-7403  Finsky:background       com.android.vending                  I  [520] sli.b(13): DS::CD: download(7)
2025-06-19 20:38:29.547  7240-7290  Finsky:background       com.android.vending                  I  [496] bemt.m(13): DSC: getDownload(6)
2025-06-19 20:38:29.548  7240-7284  Finsky:background       com.android.vending                  I  [491] sjg.i(15): DS: getDownload(request_id=6)
2025-06-19 20:38:29.550  7240-7240  Finsky:background       com.android.vending                  I  [2] ahug.l(77): bytesCompleted/bytesTotal/ratio = 65794 / 75263728 / 0.000874
2025-06-19 20:38:29.550  7240-7240  Finsky:background       com.android.vending                  I  [2] agrl.iY(56): PIM: Ignore install package event for: com.google.android.googlequicksearchbox, isid: 3dtdgDxpRMak8imSL4Fu7A
2025-06-19 20:38:29.550  7111-7111  Finsky                  com.android.vending                  I  [2] akjs.apply(400): IQ::HLD: if pauseAppUpdates is called now, it must wait for these ongoing installs: [[Package:com.google.android.googlequicksearchbox, isid:3dtdgDxpRMak8imSL4Fu7A]]
2025-06-19 20:38:29.552  7240-7282  Finsky:background       com.android.vending                  I  [489] nvi.accept(72): IV2: onTaskProgress com.google.android.googlequicksearchbox[iid:0] [isid:3dtdgDxpRMak8imSL4Fu7A] status:RESOURCE_FETCH_PROGRESS, size: 65794/75263728
2025-06-19 20:38:29.553  7240-7403  Finsky:background       com.android.vending                  I  [520] sjg.h(335): DS: onGetDownload(request_id=6, files_to_download=[com.google.android.googlequicksearchbox.dm(size:65794)], context[group_id=com.google.android.googlequicksearchbox:3dtdgDxpRMak8imSL4Fu7A], display_data[invisible=true, title=Required app update], network_restrictions=ANY_NETWORK status=succeeded, bytes_downloaded=65794, total_bytes=65794, retry[count=0, next_retry=n/a])
2025-06-19 20:38:29.553   501-544   BroadcastQueue          system_server                        W  Background execution not allowed: receiving Intent { act=android.intent.action.DROPBOX_ENTRY_ADDED flg=0x10 (has extras) } to com.google.android.gms/.stats.service.DropBoxEntryAddedReceiver
2025-06-19 20:38:29.553   501-544   BroadcastQueue          system_server                        W  Background execution not allowed: receiving Intent { act=android.intent.action.DROPBOX_ENTRY_ADDED flg=0x10 (has extras) } to com.google.android.gms/.chimera.GmsIntentOperationService$PersistentTrustedReceiver
2025-06-19 20:38:29.557  7240-7403  Finsky:background       com.android.vending                  I  [520] smt.c(111): DSC::L: Update all listeners for download <7:RUNNING:0%[0%]> in group com.google.android.googlequicksearchbox:3dtdgDxpRMak8imSL4Fu7A
2025-06-19 20:38:29.558  7240-7403  Finsky:background       com.android.vending                  I  [520] smt.c(153): DSC::L: Updating listener sgt@d22c422 for download <7:RUNNING:0%[0%]>
2025-06-19 20:38:29.558  7240-7240  Finsky:background       com.android.vending                  I  [2] ahue.b(39): RF: onResourceSuccess 6
2025-06-19 20:38:29.558  7240-7240  Finsky:background       com.android.vending                  I  [2] ahug.l(77): bytesCompleted/bytesTotal/ratio = 65794 / 75263728 / 0.000874
2025-06-19 20:38:29.558  7240-7240  Finsky:background       com.android.vending                  I  [2] ahue.c(39): RF: onSuccess 6
2025-06-19 20:38:29.559  7240-7288  Finsky:background       com.android.vending                  I  [494] xvj.O(58): IQ: Notifying installation update. [Package:com.google.android.googlequicksearchbox, isid:3dtdgDxpRMak8imSL4Fu7A], status=DOWNLOADING, status_code=0, reason=rapid_auto_update, tsc=PT4.686S, attempt=0
2025-06-19 20:38:29.560  7240-7403  Finsky:background       com.android.vending                  I  [520] smt.c(153): DSC::L: Updating listener DownloadServiceManagerListener::qwb@129a404 for download <7:RUNNING:0%[0%]>
2025-06-19 20:38:29.561  7240-7403  Finsky:background       com.android.vending                  I  [520] smt.c(153): DSC::L: Updating listener DownloadServiceManagerListener::ahuw@6ccb57a for download <7:RUNNING:0%[0%]>
2025-06-19 20:38:29.561  7240-7403  Finsky:background       com.android.vending                  I  [520] ahuw.f(15): DS: Received onProgress request_id=7
2025-06-19 20:38:29.561  7240-7403  Finsky:background       com.android.vending                  I  [520] bqrp.i(59): RM: receive resource status onStart config.xxhdpi reason: rapid_auto_update isid: 3dtdgDxpRMak8imSL4Fu7A, 2, 192, size: 0/1736689
2025-06-19 20:38:29.561  7240-7403  Finsky:background       com.android.vending                  I  [520] bqrp.h(78): RM: receive resource status onProgress download_request_id=7, group_id=config.xxhdpi reason: rapid_auto_update isid: 3dtdgDxpRMak8imSL4Fu7A, status_code=RESOURCE_STATUS_IN_PROGRESS, legacy_status_code=192, size: 0/1736689
2025-06-19 20:38:29.562  7240-7403  Finsky:background       com.android.vending                  I  [520] atel.n(32): DS::IDC: updateWith: <7:RUNNING:0%[0%]>
2025-06-19 20:38:29.562  7240-7276  Finsky:background       com.android.vending                  I  [483] ahtu.a(749): RF: starting postprocessing for com.google.android.googlequicksearchbox.dm
2025-06-19 20:38:29.562  7240-7276  Finsky:background       com.android.vending                  I  [483] ahtj.a(1094): RF::PP-Copy: starting to copy for com.google.android.googlequicksearchbox[iid:0] [isid:3dtdgDxpRMak8imSL4Fu7A] [tid: 1000000000]
2025-06-19 20:38:29.566  7240-7761  Finsky:background       com.android.vending                  I  [555] qnb.run(220): DU: Stored data usage stats for package com.google.android.googlequicksearchbox; completed bytes: 65794.
2025-06-19 20:38:29.566  7240-7284  Finsky:background       com.android.vending                  I  [491] bemt.m(13): DSC: getDownload(7)
2025-06-19 20:38:29.567  7240-7279  Finsky:background       com.android.vending                  I  [486] sjg.i(15): DS: getDownload(request_id=7)
2025-06-19 20:38:29.568  7240-7403  Finsky:background       com.android.vending                  I  [520] sjg.h(335): DS: onGetDownload(request_id=7, files_to_download=[config.xxhdpi(size:1736689)], context[group_id=com.google.android.googlequicksearchbox:3dtdgDxpRMak8imSL4Fu7A], display_data[invisible=true, title=Required app update], network_restrictions=ANY_NETWORK status=running, bytes_downloaded=0, total_bytes=1736689, retry[count=0, next_retry=n/a])
2025-06-19 20:38:29.568  7240-7282  Finsky:background       com.android.vending                  I  [489] nvi.accept(72): IV2: onTaskProgress com.google.android.googlequicksearchbox[iid:0] [isid:3dtdgDxpRMak8imSL4Fu7A] status:RESOURCE_FETCH_PROGRESS, size: 65794/75263728
2025-06-19 20:38:29.569  7240-7240  Finsky:background       com.android.vending                  I  [2] ahmz.run(263): RF: onStart 7
2025-06-19 20:38:29.570  7240-7279  Finsky:background       com.android.vending                  I  [486] bemt.m(13): DSC: getDownload(7)
2025-06-19 20:38:29.571  7240-7240  Finsky:background       com.android.vending                  I  [2] ahug.l(77): bytesCompleted/bytesTotal/ratio = 65794 / 75263728 / 0.000874
2025-06-19 20:38:29.571  7240-7290  Finsky:background       com.android.vending                  I  [496] sjg.i(15): DS: getDownload(request_id=7)
2025-06-19 20:38:29.574  7240-7403  Finsky:background       com.android.vending                  I  [520] sjg.h(335): DS: onGetDownload(request_id=7, files_to_download=[config.xxhdpi(size:1736689)], context[group_id=com.google.android.googlequicksearchbox:3dtdgDxpRMak8imSL4Fu7A], display_data[invisible=true, title=Required app update], network_restrictions=ANY_NETWORK status=running, bytes_downloaded=0, total_bytes=1736689, retry[count=0, next_retry=n/a])
2025-06-19 20:38:29.574  7240-7282  Finsky:background       com.android.vending                  I  [489] nvi.accept(72): IV2: onTaskProgress com.google.android.googlequicksearchbox[iid:0] [isid:3dtdgDxpRMak8imSL4Fu7A] status:RESOURCE_FETCH_PROGRESS, size: 65794/75263728
2025-06-19 20:38:29.576  7240-7240  Finsky:background       com.android.vending                  I  [2] agrl.iY(56): PIM: Ignore install package event for: com.google.android.googlequicksearchbox, isid: 3dtdgDxpRMak8imSL4Fu7A
2025-06-19 20:38:29.576  7240-7240  Finsky:background       com.android.vending                  I  [2] ahue.a(39): RF: onProgress 7
2025-06-19 20:38:29.576  7240-7240  Finsky:background       com.android.vending                  I  [2] ahue.a(205): RF: onProgress 7
2025-06-19 20:38:29.576  7240-7240  Finsky:background       com.android.vending                  I  [2] ahug.l(77): bytesCompleted/bytesTotal/ratio = 65794 / 75263728 / 0.000874
2025-06-19 20:38:29.578  7240-7282  Finsky:background       com.android.vending                  I  [489] nvi.accept(72): IV2: onTaskProgress com.google.android.googlequicksearchbox[iid:0] [isid:3dtdgDxpRMak8imSL4Fu7A] status:RESOURCE_FETCH_PROGRESS, size: 65794/75263728
2025-06-19 20:38:29.580  7240-7282  Finsky:background       com.android.vending                  I  [489] nvi.accept(72): IV2: onTaskProgress com.google.android.googlequicksearchbox[iid:0] [isid:3dtdgDxpRMak8imSL4Fu7A] status:RESOURCE_FETCH_PROGRESS, size: 65794/75263728
2025-06-19 20:38:29.580  7240-7288  Finsky:background       com.android.vending                  I  [494] xvj.O(58): IQ: Notifying installation update. [Package:com.google.android.googlequicksearchbox, isid:3dtdgDxpRMak8imSL4Fu7A], status=DOWNLOADING, status_code=0, reason=rapid_auto_update, tsc=PT4.707S, attempt=0
2025-06-19 20:38:29.582  7111-7111  Finsky                  com.android.vending                  I  [2] akjs.apply(400): IQ::HLD: if pauseAppUpdates is called now, it must wait for these ongoing installs: [[Package:com.google.android.googlequicksearchbox, isid:3dtdgDxpRMak8imSL4Fu7A]]
2025-06-19 20:38:29.587  7240-7240  Finsky:background       com.android.vending                  I  [2] agrl.iY(56): PIM: Ignore install package event for: com.google.android.googlequicksearchbox, isid: 3dtdgDxpRMak8imSL4Fu7A
2025-06-19 20:38:29.590  7240-7760  Finsky:background       com.android.vending                  I  [554] slj.d(6): CronetDownloader: onRedirectReceived
2025-06-19 20:38:29.592  7240-7288  Finsky:background       com.android.vending                  I  [494] xvj.O(58): IQ: Notifying installation update. [Package:com.google.android.googlequicksearchbox, isid:3dtdgDxpRMak8imSL4Fu7A], status=DOWNLOADING, status_code=0, reason=rapid_auto_update, tsc=PT4.718S, attempt=0
2025-06-19 20:38:29.600  7240-7240  Finsky:background       com.android.vending                  I  [2] agrl.iY(56): PIM: Ignore install package event for: com.google.android.googlequicksearchbox, isid: 3dtdgDxpRMak8imSL4Fu7A
2025-06-19 20:38:29.600  7240-7278  Finsky:background       com.android.vending                  I  [485] ahtj.a(1010): RF::PP-Verify: starting to verify for com.google.android.googlequicksearchbox[iid:0] [isid:3dtdgDxpRMak8imSL4Fu7A] [tid: 1000000000].
2025-06-19 20:38:29.601  7240-7288  Finsky:background       com.android.vending                  I  [494] xvj.O(58): IQ: Notifying installation update. [Package:com.google.android.googlequicksearchbox, isid:3dtdgDxpRMak8imSL4Fu7A], status=DOWNLOADING, status_code=0, reason=rapid_auto_update, tsc=PT4.728S, attempt=0
2025-06-19 20:38:29.609  7240-7240  Finsky:background       com.android.vending                  I  [2] agrl.iY(56): PIM: Ignore install package event for: com.google.android.googlequicksearchbox, isid: 3dtdgDxpRMak8imSL4Fu7A
2025-06-19 20:38:29.611  7240-7288  Finsky:background       com.android.vending                  I  [494] xvj.O(58): IQ: Notifying installation update. [Package:com.google.android.googlequicksearchbox, isid:3dtdgDxpRMak8imSL4Fu7A], status=DOWNLOADING, status_code=0, reason=rapid_auto_update, tsc=PT4.738S, attempt=0
2025-06-19 20:38:29.613  7240-7281  Finsky:background       com.android.vending                  I  [488] ahwp.t(11): RM: remove resources for request 9cc2fd1c-40e8-4f4d-a959-6077c6595a22
2025-06-19 20:38:29.614  7240-7284  Finsky:background       com.android.vending                  I  [491] bemt.p(13): DSC: remove(6)
2025-06-19 20:38:29.615  7240-7284  Finsky:background       com.android.vending                  I  [491] sjg.k(15): DS: remove(request_id=6)
2025-06-19 20:38:29.618  7240-7240  Finsky:background       com.android.vending                  I  [2] agrl.iY(56): PIM: Ignore install package event for: com.google.android.googlequicksearchbox, isid: 3dtdgDxpRMak8imSL4Fu7A
2025-06-19 20:38:29.625  7240-7403  Finsky:background       com.android.vending                  I  [520] sjg.h(335): DS: onRemove(request_id=6, files_to_download=[com.google.android.googlequicksearchbox.dm(size:65794)], context[group_id=com.google.android.googlequicksearchbox:3dtdgDxpRMak8imSL4Fu7A], display_data[invisible=true, title=Required app update], network_restrictions=ANY_NETWORK status=succeeded, bytes_downloaded=65794, total_bytes=65794, retry[count=0, next_retry=n/a])
2025-06-19 20:38:29.629  7111-7111  Finsky                  com.android.vending                  I  [2] akjs.apply(400): IQ::HLD: if pauseAppUpdates is called now, it must wait for these ongoing installs: [[Package:com.google.android.googlequicksearchbox, isid:3dtdgDxpRMak8imSL4Fu7A]]
2025-06-19 20:38:29.631  7111-7111  chatty                  com.android.vending                  I  uid=10107(com.android.vending) identical 2 lines
2025-06-19 20:38:29.632  7111-7111  Finsky                  com.android.vending                  I  [2] akjs.apply(400): IQ::HLD: if pauseAppUpdates is called now, it must wait for these ongoing installs: [[Package:com.google.android.googlequicksearchbox, isid:3dtdgDxpRMak8imSL4Fu7A]]
2025-06-19 20:38:29.721  5273-6706  chromium                com.google.android.gms.ui            E  [ERROR:ssl_client_socket_impl.cc(959)] handshake failed; returned -1, SSL error code 1, net_error -101
2025-06-19 20:38:29.946  7240-7403  Finsky:background       com.android.vending                  I  [520] smt.c(111): DSC::L: Update all listeners for download <7:RUNNING:0%[0%]> in group com.google.android.googlequicksearchbox:3dtdgDxpRMak8imSL4Fu7A
2025-06-19 20:38:29.946  7240-7403  Finsky:background       com.android.vending                  I  [520] smt.c(153): DSC::L: Updating listener sgt@d22c422 for download <7:RUNNING:0%[0%]>
2025-06-19 20:38:29.946  7240-7403  Finsky:background       com.android.vending                  I  [520] smt.c(153): DSC::L: Updating listener DownloadServiceManagerListener::qwb@129a404 for download <7:RUNNING:0%[0%]>
2025-06-19 20:38:29.946  7240-7403  Finsky:background       com.android.vending                  I  [520] smt.c(153): DSC::L: Updating listener DownloadServiceManagerListener::ahuw@6ccb57a for download <7:RUNNING:0%[0%]>
2025-06-19 20:38:29.947  7240-7403  Finsky:background       com.android.vending                  I  [520] ahuw.f(15): DS: Received onProgress request_id=7
2025-06-19 20:38:29.947  7240-7403  Finsky:background       com.android.vending                  I  [520] bqrp.h(78): RM: receive resource status onProgress download_request_id=7, group_id=config.xxhdpi reason: rapid_auto_update isid: 3dtdgDxpRMak8imSL4Fu7A, status_code=RESOURCE_STATUS_IN_PROGRESS, legacy_status_code=192, size: 0/1736689
2025-06-19 20:38:29.947  7240-7403  Finsky:background       com.android.vending                  I  [520] atel.n(32): DS::IDC: updateWith: <7:RUNNING:0%[0%]>
2025-06-19 20:38:29.948  7240-7284  Finsky:background       com.android.vending                  I  [491] bemt.m(13): DSC: getDownload(7)
2025-06-19 20:38:29.949  7240-7279  Finsky:background       com.android.vending                  I  [486] sjg.i(15): DS: getDownload(request_id=7)
2025-06-19 20:38:29.949  7240-7403  Finsky:background       com.android.vending                  I  [520] sjg.h(335): DS: onGetDownload(request_id=7, files_to_download=[config.xxhdpi(size:1736689)], context[group_id=com.google.android.googlequicksearchbox:3dtdgDxpRMak8imSL4Fu7A], display_data[invisible=true, title=Required app update], network_restrictions=ANY_NETWORK status=running, bytes_downloaded=0, total_bytes=1736689, retry[count=0, next_retry=n/a])
2025-06-19 20:38:29.950  7240-7240  Finsky:background       com.android.vending                  I  [2] ahue.a(39): RF: onProgress 7
2025-06-19 20:38:29.951  7240-7240  Finsky:background       com.android.vending                  I  [2] ahue.a(205): RF: onProgress 7
2025-06-19 20:38:29.951  7240-7240  Finsky:background       com.android.vending                  I  [2] ahug.l(77): bytesCompleted/bytesTotal/ratio = 65794 / 75263728 / 0.000874
2025-06-19 20:38:29.953  7240-7282  Finsky:background       com.android.vending                  I  [489] nvi.accept(72): IV2: onTaskProgress com.google.android.googlequicksearchbox[iid:0] [isid:3dtdgDxpRMak8imSL4Fu7A] status:RESOURCE_FETCH_PROGRESS, size: 65794/75263728
2025-06-19 20:38:29.956  7240-7288  Finsky:background       com.android.vending                  I  [494] xvj.O(58): IQ: Notifying installation update. [Package:com.google.android.googlequicksearchbox, isid:3dtdgDxpRMak8imSL4Fu7A], status=DOWNLOADING, status_code=0, reason=rapid_auto_update, tsc=PT5.083S, attempt=0
2025-06-19 20:38:29.964  7240-7240  Finsky:background       com.android.vending                  I  [2] agrl.iY(56): PIM: Ignore install package event for: com.google.android.googlequicksearchbox, isid: 3dtdgDxpRMak8imSL4Fu7A
2025-06-19 20:38:29.968  7111-7111  Finsky                  com.android.vending                  I  [2] akjs.apply(400): IQ::HLD: if pauseAppUpdates is called now, it must wait for these ongoing installs: [[Package:com.google.android.googlequicksearchbox, isid:3dtdgDxpRMak8imSL4Fu7A]]
2025-06-19 20:38:30.024  7240-7754  Finsky:background       com.android.vending                  E  [551] slj.b(8): CronetDownloader: onFailed
                                                                                                    org.chromium.net.impl.NetworkExceptionImpl: Exception in CronetUrlRequest: net::ERR_SSL_PROTOCOL_ERROR, ErrorCode=11, InternalErrorCode=-107, Retryable=false
                                                                                                    	at org.chromium.net.impl.CronetUrlRequest.onError(PG:66)
2025-06-19 20:38:30.033  7240-7403  Finsky:background       com.android.vending                  E  [520] sln.a(518): DS::CD: Retrying download <7:RUNNING:0%[0%]> after 6000 millis. Already tried 0 times.
                                                                                                    com.google.android.finsky.downloadservicecommon.DownloadServiceException: Download Service Error: HTTP_DATA_ERROR (5)
                                                                                                    	at slj.b(PG:63)
                                                                                                    	at bqvt.b(PG:3)
                                                                                                    	at bpdg.run(PG:128)
                                                                                                    	at java.util.concurrent.ThreadPoolExecutor.runWorker(ThreadPoolExecutor.java:1167)
                                                                                                    	at java.util.concurrent.ThreadPoolExecutor$Worker.run(ThreadPoolExecutor.java:641)
                                                                                                    	at belf.run(PG:59)
                                                                                                    	at java.lang.Thread.run(Thread.java:923)
                                                                                                    Caused by: org.chromium.net.impl.NetworkExceptionImpl: Exception in CronetUrlRequest: net::ERR_SSL_PROTOCOL_ERROR, ErrorCode=11, InternalErrorCode=-107, Retryable=false
                                                                                                    	at org.chromium.net.impl.CronetUrlRequest.onError(PG:66)
2025-06-19 20:38:30.033  7240-7403  Finsky:background       com.android.vending                  I  [520] sln.a(658): DS: Queuing download (request id: 7) for retry
2025-06-19 20:38:30.039  7240-7403  Finsky:background       com.android.vending                  I  [520] sli.b(13): DS::CD: download(8)
2025-06-19 20:38:30.040  7240-7403  Finsky:background       com.android.vending                  I  [520] smt.c(111): DSC::L: Update all listeners for download <7:QUEUED with WAITING_FOR_RETRY:0%[0%]> in group com.google.android.googlequicksearchbox:3dtdgDxpRMak8imSL4Fu7A
2025-06-19 20:38:30.040  7240-7403  Finsky:background       com.android.vending                  I  [520] smt.c(153): DSC::L: Updating listener sgt@d22c422 for download <7:QUEUED with WAITING_FOR_RETRY:0%[0%]>
2025-06-19 20:38:30.040  7240-7403  Finsky:background       com.android.vending                  I  [520] smt.c(153): DSC::L: Updating listener DownloadServiceManagerListener::qwb@129a404 for download <7:QUEUED with WAITING_FOR_RETRY:0%[0%]>
2025-06-19 20:38:30.040  7240-7403  Finsky:background       com.android.vending                  I  [520] smt.c(153): DSC::L: Updating listener DownloadServiceManagerListener::ahuw@6ccb57a for download <7:QUEUED with WAITING_FOR_RETRY:0%[0%]>
2025-06-19 20:38:30.040  7240-7403  Finsky:background       com.android.vending                  I  [520] ahuw.f(15): DS: Received onProgress request_id=7
2025-06-19 20:38:30.040  7240-7403  Finsky:background       com.android.vending                  I  [520] bqrp.h(78): RM: receive resource status onProgress download_request_id=7, group_id=config.xxhdpi reason: rapid_auto_update isid: 3dtdgDxpRMak8imSL4Fu7A, status_code=RESOURCE_STATUS_PENDING, legacy_status_code=194, size: 0/1736689
2025-06-19 20:38:30.040  7240-7403  Finsky:background       com.android.vending                  I  [520] atel.n(32): DS::IDC: updateWith: <7:QUEUED with WAITING_FOR_RETRY:0%[0%]>
2025-06-19 20:38:30.041  7240-7284  Finsky:background       com.android.vending                  I  [491] bemt.m(13): DSC: getDownload(7)
2025-06-19 20:38:30.042  7240-7290  Finsky:background       com.android.vending                  I  [496] sjg.i(15): DS: getDownload(request_id=7)
2025-06-19 20:38:30.043  7240-7403  Finsky:background       com.android.vending                  I  [520] smd.h(46): Scheduling retry after 5991 milliseconds.
2025-06-19 20:38:30.043  7240-7403  Finsky:background       com.android.vending                  I  [520] smf.a(9): DS::ISM: Scheduling download retry; job latency: PT5.991S
2025-06-19 20:38:30.043  7240-7403  Finsky:background       com.android.vending                  I  [520] bbvg.e(41): SCH: Received scheduling request: Id: 40-9999, Constraints: [{ L: 5991, D: 86405991, C: CHARGING_NONE, I: IDLE_NONE, N: NET_NONE, B: BATTERY_ANY }]
2025-06-19 20:38:30.046  7240-7403  Finsky:background       com.android.vending                  I  [520] smt.c(111): DSC::L: Update all listeners for download <8:RUNNING:0%[0%]> in group com.google.android.googlequicksearchbox:3dtdgDxpRMak8imSL4Fu7A
2025-06-19 20:38:30.046  7240-7403  Finsky:background       com.android.vending                  I  [520] smt.c(153): DSC::L: Updating listener sgt@d22c422 for download <8:RUNNING:0%[0%]>
2025-06-19 20:38:30.047  7240-7403  Finsky:background       com.android.vending                  I  [520] smt.c(153): DSC::L: Updating listener DownloadServiceManagerListener::qwb@129a404 for download <8:RUNNING:0%[0%]>
2025-06-19 20:38:30.047  7240-7403  Finsky:background       com.android.vending                  I  [520] smt.c(153): DSC::L: Updating listener DownloadServiceManagerListener::ahuw@6ccb57a for download <8:RUNNING:0%[0%]>
2025-06-19 20:38:30.047  7240-7403  Finsky:background       com.android.vending                  I  [520] ahuw.f(15): DS: Received onProgress request_id=8
2025-06-19 20:38:30.047  7240-7403  Finsky:background       com.android.vending                  I  [520] bqrp.h(78): RM: receive resource status onProgress download_request_id=8, group_id=com.google.android.googlequicksearchbox.apk reason: rapid_auto_update isid: 3dtdgDxpRMak8imSL4Fu7A, status_code=RESOURCE_STATUS_IN_PROGRESS, legacy_status_code=192, size: 0/73461245
2025-06-19 20:38:30.047  7240-7403  Finsky:background       com.android.vending                  I  [520] atel.n(32): DS::IDC: updateWith: <8:RUNNING:0%[0%]>
2025-06-19 20:38:30.048  7240-7279  Finsky:background       com.android.vending                  I  [486] bemt.m(13): DSC: getDownload(8)
2025-06-19 20:38:30.049  7240-7284  Finsky:background       com.android.vending                  I  [491] sjg.i(15): DS: getDownload(request_id=8)
2025-06-19 20:38:30.050  7240-7403  Finsky:background       com.android.vending                  I  [520] sjg.h(335): DS: onGetDownload(request_id=8, files_to_download=[com.google.android.googlequicksearchbox.apk(size:73461245)], context[group_id=com.google.android.googlequicksearchbox:3dtdgDxpRMak8imSL4Fu7A], display_data[invisible=true, title=Required app update], network_restrictions=ANY_NETWORK status=running, bytes_downloaded=0, total_bytes=73461245, retry[count=0, next_retry=n/a])
2025-06-19 20:38:30.051  7240-7240  Finsky:background       com.android.vending                  I  [2] ahue.a(39): RF: onProgress 8
2025-06-19 20:38:30.051  7240-7240  Finsky:background       com.android.vending                  I  [2] ahue.a(205): RF: onProgress 8
2025-06-19 20:38:30.055  7240-7240  Finsky:background       com.android.vending                  I  [2] ahug.l(77): bytesCompleted/bytesTotal/ratio = 65794 / 75263728 / 0.000874
