2025-06-19 20:38:26.870  7240-7288  Finsky:background       com.android.vending                  I  [494] xvj.O(58): IQ: Notifying installation update. [Package:com.android.chrome, isid:yWy-EgsSTfKJmWmBaF5iiQ], status=SCHEDULED, status_code=0, reason=auto_update, tsc=PT1.976S, attempt=0
2025-06-19 20:38:26.887  7240-7240  Finsky:background       com.android.vending                  I  [2] agrl.iY(56): PIM: Ignore install package event for: com.android.chrome, isid: yWy-EgsSTfKJmWmBaF5iiQ
2025-06-19 20:38:26.889  7240-7288  Finsky:background       com.android.vending                  I  [494] xvj.O(58): IQ: Notifying installation update. [Package:com.google.android.gms, isid:gv4UNgCsQweFbXNWWpv2zw], status=SCHEDULED, status_code=0, reason=auto_update, tsc=PT1.957S, attempt=0
2025-06-19 20:38:26.899  7240-7240  Finsky:background       com.android.vending                  I  [2] agrl.iY(56): PIM: Ignore install package event for: com.google.android.gms, isid: gv4UNgCsQweFbXNWWpv2zw
2025-06-19 20:38:26.904  7240-7288  Finsky:background       com.android.vending                  I  [494] xvj.O(58): IQ: Notifying installation update. [Package:com.google.android.ims, isid:SfbvS_48R3G6f8uqqujG-w], status=SCHEDULED, status_code=0, reason=auto_update, tsc=PT2.072S, attempt=0
2025-06-19 20:38:26.918  7240-7240  Finsky:background       com.android.vending                  I  [2] agrl.iY(56): PIM: Ignore install package event for: com.google.android.ims, isid: SfbvS_48R3G6f8uqqujG-w
2025-06-19 20:38:26.920  7240-7288  Finsky:background       com.android.vending                  I  [494] xvj.O(58): IQ: Notifying installation update. [Package:com.google.android.tts, isid:9fjkZI_uRCK8jsfEcwjobQ], status=SCHEDULED, status_code=0, reason=auto_update, tsc=PT2.283S, attempt=0
2025-06-19 20:38:26.936  7240-7240  Finsky:background       com.android.vending                  I  [2] agrl.iY(56): PIM: Ignore install package event for: com.google.android.tts, isid: 9fjkZI_uRCK8jsfEcwjobQ
2025-06-19 20:38:26.937  7111-7111  Finsky                  com.android.vending                  I  [2] akox.a(923): IQ::HLD: previousAllInstallsDone is Optional.empty, allInstallationsDone is Optional[true]
2025-06-19 20:38:26.937  7111-7111  Finsky                  com.android.vending                  I  [2] akox.a(949): IQ::HLD: Updating installations status false cross profiles
2025-06-19 20:38:26.937  7111-7111  Finsky                  com.android.vending                  I  [2] qlu.d(36): XPF:Binding for 170233416
2025-06-19 20:38:26.941  7111-7111  Finsky                  com.android.vending                  I  [2] ProfileStateService.onCreate(6): XPF:creating profileStateService
2025-06-19 20:38:26.945  7111-7111  Finsky                  com.android.vending                  I  [2] qlq.b(42): XPF:Registering listener 199867933 for user u0.
2025-06-19 20:38:26.946  7111-7111  Finsky                  com.android.vending                  I  [2] qlq.d(55): XPF:User 0 finished enterprise setup, removing profile.
2025-06-19 20:38:26.946  7111-7111  Finsky                  com.android.vending                  I  [2] qlq.e(46): XPF:User 0 is not in installation anymore, removing profile.
2025-06-19 20:38:26.946  7111-7111  Finsky                  com.android.vending                  I  [2] qlq.e(93): XPF:Notifying user u0 that all installs are finished
2025-06-19 20:38:26.950  7240-7288  Finsky:background       com.android.vending                  I  [494] xvj.O(58): IQ: Notifying installation update. [Package:com.google.android.partnersetup, isid:AeGUYqvOTYiqrjmC21LoSA], status=SCHEDULED, status_code=0, reason=auto_update, tsc=PT2.366S, attempt=0
2025-06-19 20:38:26.960  7240-7240  Finsky:background       com.android.vending                  I  [2] agrl.iY(56): PIM: Ignore install package event for: com.google.android.partnersetup, isid: AeGUYqvOTYiqrjmC21LoSA
2025-06-19 20:38:26.965  7240-7288  Finsky:background       com.android.vending                  I  [494] xvj.O(58): IQ: Notifying installation update. [Package:com.google.android.videos, isid:xZxZukKOTzKKZL8Akoemqg], status=SCHEDULED, status_code=0, reason=auto_update, tsc=PT2.029S, attempt=0
2025-06-19 20:38:26.977  7240-7240  Finsky:background       com.android.vending                  I  [2] agrl.iY(56): PIM: Ignore install package event for: com.google.android.videos, isid: xZxZukKOTzKKZL8Akoemqg
2025-06-19 20:38:26.979  7240-7288  Finsky:background       com.android.vending                  I  [494] xvj.O(58): IQ: Notifying installation update. [Package:com.google.android.apps.photos, isid:HrSXHtqGRMGMxeBOUk--mg], status=SCHEDULED, status_code=0, reason=auto_update, tsc=PT2.222S, attempt=0
2025-06-19 20:38:26.994  7240-7240  Finsky:background       com.android.vending                  I  [2] agrl.iY(56): PIM: Ignore install package event for: com.google.android.apps.photos, isid: HrSXHtqGRMGMxeBOUk--mg
2025-06-19 20:38:26.997  7240-7288  Finsky:background       com.android.vending                  I  [494] xvj.O(58): IQ: Notifying installation update. [Package:com.google.android.calendar, isid:OdzziQ8JRZOT0XKe2XEdAg], status=SCHEDULED, status_code=0, reason=auto_update, tsc=PT2.01S, attempt=0
2025-06-19 20:38:27.008  7240-7240  Finsky:background       com.android.vending                  I  [2] agrl.iY(56): PIM: Ignore install package event for: com.google.android.calendar, isid: OdzziQ8JRZOT0XKe2XEdAg
2025-06-19 20:38:27.011  7240-7288  Finsky:background       com.android.vending                  I  [494] xvj.O(58): IQ: Notifying installation update. [Package:com.google.android.apps.wallpaper, isid:4l5VUCf0SVaqOjZh-OzTbg], status=SCHEDULED, status_code=0, reason=auto_update, tsc=PT2.07S, attempt=0
2025-06-19 20:38:27.021  7240-7240  Finsky:background       com.android.vending                  I  [2] agrl.iY(56): PIM: Ignore install package event for: com.google.android.apps.wallpaper, isid: 4l5VUCf0SVaqOjZh-OzTbg
2025-06-19 20:38:27.024  7240-7288  Finsky:background       com.android.vending                  I  [494] xvj.O(58): IQ: Notifying installation update. [Package:com.google.android.apps.youtube.music, isid:Y5S2bg7mQyaUtC4q_QtcAg], status=SCHEDULED, status_code=0, reason=rapid_auto_update, tsc=PT2.143S, attempt=0
2025-06-19 20:38:27.035  7240-7240  Finsky:background       com.android.vending                  I  [2] agrl.iY(56): PIM: Ignore install package event for: com.google.android.apps.youtube.music, isid: Y5S2bg7mQyaUtC4q_QtcAg
2025-06-19 20:38:27.039  7240-7288  Finsky:background       com.android.vending                  I  [494] xvj.O(58): IQ: Notifying installation update. [Package:com.google.android.inputmethod.latin, isid:qlBTeGJLQpyiX0FQJ09ouA], status=SCHEDULED, status_code=0, reason=auto_update, tsc=PT2.08S, attempt=0
2025-06-19 20:38:27.055  7240-7240  Finsky:background       com.android.vending                  I  [2] agrl.iY(56): PIM: Ignore install package event for: com.google.android.inputmethod.latin, isid: qlBTeGJLQpyiX0FQJ09ouA
2025-06-19 20:38:27.069  7111-7195  android.vendin          com.android.vending                  W  Accessing hidden method Landroid/view/ScrollCaptureTarget;-><init>(Landroid/view/View;Landroid/graphics/Rect;Landroid/graphics/Point;Landroid/view/ScrollCaptureCallback;)V (blacklist, linking, denied)
2025-06-19 20:38:27.069  7111-7157  Finsky                  com.android.vending                  I  [475] aekp.h(14): Triggered update for experiment package com.google.android.finsky.stable.
2025-06-19 20:38:27.070  7240-7288  Finsky:background       com.android.vending                  I  [494] xua.apply(1602): IQ: Creating job 1, for (REQ_CHARGING, REQ_DEVICE_IDLE, REQ_GEARHEAD_PROJECTION_OFF, NETWORK=UNMETERED, PROVISIONING_STATE=PROVISIONED, BACKUP_MANAGER_STATE=BACKUP_READY)
2025-06-19 20:38:27.070  7240-7288  Finsky:background       com.android.vending                  I  [494] xua.apply(1602): IQ: Creating job 2, for (REQ_CHARGING, REQ_DEVICE_IDLE, REQ_GEARHEAD_PROJECTION_OFF, NETWORK=UNMETERED, PROVISIONING_STATE=PROVISIONED, BACKUP_MANAGER_STATE=BACKUP_READY, PROCESS_IMPORTANCE_THRESHOLD=125)
2025-06-19 20:38:27.070  7240-7288  Finsky:background       com.android.vending                  I  [494] xua.apply(1602): IQ: Creating job 3, for (REQ_GEARHEAD_PROJECTION_OFF, NETWORK=ANY, PROVISIONING_STATE=PROVISIONED, BACKUP_MANAGER_STATE=BACKUP_READY)
2025-06-19 20:38:27.071  7240-7288  Finsky:background       com.android.vending                  I  [494] xua.apply(1602): IQ: Creating job 4, for (REQ_GEARHEAD_PROJECTION_OFF, NETWORK=ANY, PROVISIONING_STATE=PROVISIONED, BACKUP_MANAGER_STATE=BACKUP_READY, PROCESS_IMPORTANCE_THRESHOLD=125)
2025-06-19 20:38:27.071  7240-7288  Finsky:background       com.android.vending                  I  [494] xua.apply(1602): IQ: Creating job 5, for (REQ_DEVICE_IDLE, REQ_GEARHEAD_PROJECTION_OFF, MIN_BATTERY=20, SHOULD_APPLY_BUDGET=true, NETWORK=UNMETERED, PROVISIONING_STATE=PROVISIONED, BACKUP_MANAGER_STATE=BACKUP_READY, TIME=[2025-06-19T22:00:00Z-2025-06-20T01:00:00Z])
2025-06-19 20:38:27.071  7240-7288  Finsky:background       com.android.vending                  I  [494] xvj.G(92): IQ: Bulk scheduling created jobs
2025-06-19 20:38:27.071  7240-7288  Finsky:background       com.android.vending                  I  [494] bbvg.f(50): SCH: Received scheduling request: Id: 3-1, Constraints: [{ L: 0, D: 86400000, C: CHARGING_REQUIRED, I: IDLE_REQUIRED, N: NET_UNMETERED, B: BATTERY_ANY }]
2025-06-19 20:38:27.071  7240-7288  Finsky:background       com.android.vending                  I  [494] bbvg.f(50): SCH: Received scheduling request: Id: 3-2, Constraints: [{ L: 0, D: 86400000, C: CHARGING_REQUIRED, I: IDLE_REQUIRED, N: NET_UNMETERED, B: BATTERY_ANY }]
2025-06-19 20:38:27.071  7240-7288  Finsky:background       com.android.vending                  I  [494] bbvg.f(50): SCH: Received scheduling request: Id: 3-3, Constraints: [{ L: 0, D: 86400000, C: CHARGING_NONE, I: IDLE_NONE, N: NET_ANY, B: BATTERY_ANY }]
2025-06-19 20:38:27.071  7240-7288  Finsky:background       com.android.vending                  I  [494] bbvg.f(50): SCH: Received scheduling request: Id: 3-4, Constraints: [{ L: 0, D: 86400000, C: CHARGING_NONE, I: IDLE_NONE, N: NET_ANY, B: BATTERY_ANY }]
2025-06-19 20:38:27.071  7240-7288  Finsky:background       com.android.vending                  I  [494] bbvg.f(50): SCH: Received scheduling request: Id: 3-5, Constraints: [{ L: 15692929, D: 26492929, C: CHARGING_NONE, I: IDLE_REQUIRED, N: NET_UNMETERED, B: BATTERY_ANY }]
2025-06-19 20:38:27.087  7111-7193  Finsky                  com.android.vending                  I  [489] mrg.run(1186): Initializing the instant apps module.
2025-06-19 20:38:27.092  7111-7157  Finsky                  com.android.vending                  I  [475] aekk.i(62): Writing flags config, size 1.
2025-06-19 20:38:27.092  7111-7157  Finsky                  com.android.vending                  I  [475] aekk.i(75): Started writing experiment flags into file [8uKij9Tp4PZyjSvh8NyLyFvuCv94NONrKvkkdzEKIoQ].
2025-06-19 20:38:27.095  7111-7157  Finsky                  com.android.vending                  I  [475] aekk.i(393): Finished writing experiment flags into file [8uKij9Tp4PZyjSvh8NyLyFvuCv94NONrKvkkdzEKIoQ], numFlags=2160.
2025-06-19 20:38:27.097  7240-7276  Finsky:background       com.android.vending                  I  [483] tcp.accept(59): SCH: Scheduling phonesky job Id: 3-1, CT: 1750354707071, Constraints: [{ L: 0, D: 86400000, C: CHARGING_REQUIRED, I: IDLE_REQUIRED, N: NET_UNMETERED, B: BATTERY_ANY }]
2025-06-19 20:38:27.097  7240-7276  Finsky:background       com.android.vending                  I  [483] tcp.accept(59): SCH: Scheduling phonesky job Id: 3-2, CT: 1750354707071, Constraints: [{ L: 0, D: 86400000, C: CHARGING_REQUIRED, I: IDLE_REQUIRED, N: NET_UNMETERED, B: BATTERY_ANY }]
2025-06-19 20:38:27.097  7240-7276  Finsky:background       com.android.vending                  I  [483] tcp.accept(59): SCH: Scheduling phonesky job Id: 3-3, CT: 1750354707071, Constraints: [{ L: 0, D: 86400000, C: CHARGING_NONE, I: IDLE_NONE, N: NET_ANY, B: BATTERY_ANY }, { L: 0, D: 0, C: CHARGING_NONE, I: IDLE_NONE, N: NET_NONE, B: BATTERY_ANY }]
2025-06-19 20:38:27.098  7240-7276  Finsky:background       com.android.vending                  I  [483] tcp.accept(59): SCH: Scheduling phonesky job Id: 3-4, CT: 1750354707071, Constraints: [{ L: 0, D: 86400000, C: CHARGING_NONE, I: IDLE_NONE, N: NET_ANY, B: BATTERY_ANY }, { L: 0, D: 0, C: CHARGING_NONE, I: IDLE_NONE, N: NET_NONE, B: BATTERY_ANY }]
2025-06-19 20:38:27.098  7240-7276  Finsky:background       com.android.vending                  I  [483] tcp.accept(59): SCH: Scheduling phonesky job Id: 3-5, CT: 1750354707071, Constraints: [{ L: 15692929, D: 26492929, C: CHARGING_NONE, I: IDLE_REQUIRED, N: NET_UNMETERED, B: BATTERY_ANY }]
2025-06-19 20:38:27.098  7111-7157  Finsky                  com.android.vending                  I  [475] aekp.g(63): Successfully applied new configurations for package com.google.android.finsky.stable.
2025-06-19 20:38:27.098  7111-7157  Finsky                  com.android.vending                  I  [475] aekp.g(110): [EExp] Exporting experiments for package com.google.android.finsky.stable.
2025-06-19 20:38:27.099  7111-7157  Finsky                  com.android.vending                  I  [475] ahke.p(9): [EExp] Exporting experiments for namespace com.google.android.finsky.stable.
2025-06-19 20:38:27.100  7111-7194  GooglePlayServicesUtil  com.android.vending                  W  Google Play services out of date for com.android.vending.  Requires 223900000 but found 201817023
2025-06-19 20:38:27.101  7111-7157  Finsky                  com.android.vending                  I  [475] aekp.g(160): [EExp] Successfully exported experiments for package com.google.android.finsky.stable.
2025-06-19 20:38:27.101  7111-7157  Finsky                  com.android.vending                  I  [475] aekp.h(14): Triggered update for experiment package com.google.android.finsky.regular.
2025-06-19 20:38:27.102  7240-7278  Finsky:background       com.android.vending                  I  [485] oac.apply(312): SCH: Scheduling 4 system job(s)
2025-06-19 20:38:27.102  7240-7278  Finsky:background       com.android.vending                  I  [485] ajjn.b(261): SCH: Scheduling system job Id: 10027, L: 0, D: 86399969, C: true, I: true, N: 2
2025-06-19 20:38:27.103  7111-7195  Finsky                  com.android.vending                  W  [493] agou.a(58): PreloadClasses: Unable to load [kotlinx.coroutines.internal.ThreadContextKt$countAll$1, kotlinx.coroutines.internal.ThreadContextKt$findOne$1, kotlinx.coroutines.internal.ThreadContextKt$updateState$1, androidx.compose.runtime.snapshots.SnapshotKt$emptyLambda$1, androidx.compose.runtime.Recomposer$broadcastFrameClock$1, androidx.compose.runtime.Recomposer$recompositionRunner$2$unregisterApplyObserver$1, androidx.compose.runtime.ComposableSingletons$CompositionKt$lambda-1$1, androidx.compose.runtime.ComposableSingletons$CompositionKt$lambda-2$1, androidx.compose.ui.platform.ComposableSingletons$Wrapper_androidKt$lambda-1$1, androidx.compose.runtime.Recomposer$readObserverOf$1, androidx.compose.runtime.Recomposer$writeObserverOf$1, androidx.compose.ui.platform.AndroidCompositionLocals_androidKt$LocalSavedStateRegistryOwner$1, androidx.compose.runtime.saveable.SaveableStateRegistryKt$LocalSaveableStateRegistry$1, androidx.compose.material3.TypographyKt$LocalTypography$1, androidx.compose.material.ColorsKt$LocalColors$1, androidx.compose.material.ShapesKt$LocalShapes$1, androidx.compose.material.ContentAlphaKt$LocalContentAlpha$1, androidx.compose.foundation.IndicationKt$LocalIndication$1, androidx.compose.material.ripple.RippleThemeKt$LocalRippleTheme$1, androidx.compose.foundation.text.selection.TextSelectionColorsKt$LocalTextSelectionColors$1, androidx.compose.material.TextKt$LocalTextStyle$1, androidx.compose.animation.core.InfiniteTransition$run$2, androidx.compose.animation.core.VectorConvertersKt$FloatToVector$1, androidx.compose.animation.core.VectorConvertersKt$FloatToVector$2, androidx.compose.animation.core.VectorConvertersKt$IntToVector$2, androidx.compose.animation.core.VectorConvertersKt$DpToVector$1, androidx.compose.animation.core.VectorConvertersKt$DpToVector$2, androidx.compose.material.ProgressIndicatorKt$CircularProgressIndicator$endAngle$2, androidx.compose.material.ProgressIndicatorKt$CircularProgressIndicator$startAngle$2, androidx.compose.foundation.ProgressSemanticsKt$progressSemantics$2, androidx.compose.material.MaterialThemeKt$MaterialTheme$2, androidx.compose.runtime.BroadcastFrameClock$withFrameNanos$2$1, androidx.compose.foundation.text.selection.SelectionRegistrarKt$LocalSelectionRegistrar$1, androidx.compose.runtime.saveable.SaverKt$AutoSaver$1, androidx.compose.runtime.saveable.SaverKt$AutoSaver$2, androidx.compose.runtime.snapshots.SnapshotStateList$StateListStateRecord, androidx.compose.material.ElevationOverlayKt$LocalElevationOverlay$1, androidx.compose.material.ElevationOverlayKt$LocalAbsoluteElevation$1, androidx.compose.material.TextKt$Text$4, androidx.compose.material.TextKt$ProvideTextStyle$1, androidx.compose.material.SurfaceKt$Surface$2, androidx.compose.material.ButtonKt$Button$3, androidx.compose.foundation.gestures.ScrollableStateKt$rememberScrollableState$1$1, androidx.compose.material.TextKt$Text$3, androidx.compose.material3.TextKt$Text$3, androidx.compose.foundation.layout.BoxWithConstraintsKt$BoxWithConstraints$1$1, androidx.compose.runtime.Updater$init$1, androidx.compose.runtime.internal.ComposableLambdaImpl$invoke$2, androidx.compose.ui.text.MultiParagraphIntrinsics$minIntrinsicWidth$2, androidx.compose.ui.text.MultiParagraphIntrinsics$maxIntrinsicWidth$2, androidx.compose.ui.text.platform.extensions.SpannableExtensions_androidKt$setFontAttributes$1, androidx.compose.foundation.layout.PaddingValuesModifier$measure$2, androidx.compose.ui.layout.ComposableSingletons$SubcomposeLayoutKt$lambda-1$1, androidx.compose.runtime.snapshots.SnapshotKt$mergedReadObserver$1, androidx.compose.runtime.snapshots.SnapshotKt$mergedWriteObserver$1, androidx.compose.foundation.lazy.LazyListState$Companion$Saver$1, androidx.compose.foundation.lazy.LazyListState$Companion$Saver$2, androidx.compose.runtime.saveable.ListSaverKt$listSaver$1, androidx.compose.foundation.lazy.LazyListState$scrollableState$1, androidx.compose.runtime.saveable.SaveableStateHolderImpl$Companion$Saver$1, androidx.compose.runtime.saveable.SaveableStateHolderImpl$Co
2025-06-19 20:38:27.104  7240-7278  Finsky:background       com.android.vending                  I  [485] ajjn.b(261): SCH: Scheduling system job Id: 10028, L: 0, D: 86399967, C: false, I: false, N: 1
2025-06-19 20:38:27.106  7240-7278  Finsky:background       com.android.vending                  I  [485] ajjn.b(261): SCH: Scheduling system job Id: 10029, L: 0, D: 0, C: false, I: false, N: 0
2025-06-19 20:38:27.109  7240-7240  Finsky:background       com.android.vending                  I  [2] ajlh.onStartJob(127): SCH: job service start with id 10028.
2025-06-19 20:38:27.109  7240-7278  Finsky:background       com.android.vending                  I  [485] ajjn.b(261): SCH: Scheduling system job Id: 10030, L: 15692891, D: 26492891, C: false, I: true, N: 2
2025-06-19 20:38:27.114  7240-7296  Finsky:background       com.android.vending                  I  [500] oab.a(728): SCH: Satisfied jobs for 10028 are: 3-3, 3-4
2025-06-19 20:38:27.114  7240-7240  Finsky:background       com.android.vending                  I  [2] ajlh.onStartJob(127): SCH: job service start with id 10029.
2025-06-19 20:38:27.117  7240-7385  Finsky:background       com.android.vending                  I  [509] ajkf.accept(151): SCH: Job 3-3 starting
2025-06-19 20:38:27.117  7240-7385  Finsky:background       com.android.vending                  I  [509] ajkf.accept(151): SCH: Job 3-4 starting
2025-06-19 20:38:27.118  7240-7281  Finsky:background       com.android.vending                  I  [488] xvj.V(21): IQ: start evaluating install requests.
2025-06-19 20:38:27.118  7240-7281  Finsky:background       com.android.vending                  I  [488] xvj.V(54): IQ: no jobs active. Skipping
2025-06-19 20:38:27.120  7111-7157  Finsky                  com.android.vending                  I  [475] aekx.c(16): Regular flags synced
2025-06-19 20:38:27.121  7111-7157  Finsky                  com.android.vending                  I  [475] aekk.i(62): Writing flags config, size 1.
2025-06-19 20:38:27.121  7111-7157  Finsky                  com.android.vending                  I  [475] aekk.i(75): Started writing experiment flags into file [4dEVOh7DlClE42ly_19Hs7FqnnFOj9O0dm-zzWqGxeo].
2025-06-19 20:38:27.121  7240-7240  Finsky:background       com.android.vending                  I  [2] qlu.d(36): XPF:Binding for 209225373
2025-06-19 20:38:27.124  7240-7240  Finsky:background       com.android.vending                  I  [2] qlu.d(36): XPF:Binding for 209225373
2025-06-19 20:38:27.124  7111-7157  Finsky                  com.android.vending                  I  [475] aekk.i(393): Finished writing experiment flags into file [4dEVOh7DlClE42ly_19Hs7FqnnFOj9O0dm-zzWqGxeo], numFlags=2322.
2025-06-19 20:38:27.124  7240-7240  Finsky:background       com.android.vending                  I  [2] qlu.d(36): XPF:Binding for 209225373
2025-06-19 20:38:27.125  7111-7600  Finsky                  com.android.vending                  I  [590] qlq.b(42): XPF:Registering listener 41092718 for user u0.
2025-06-19 20:38:27.126  7111-7157  Finsky                  com.android.vending                  I  [475] aekp.g(63): Successfully applied new configurations for package com.google.android.finsky.regular.
2025-06-19 20:38:27.126  7111-7157  Finsky                  com.android.vending                  I  [475] aekp.g(110): [EExp] Exporting experiments for package com.google.android.finsky.regular.
2025-06-19 20:38:27.126  7111-7157  Finsky                  com.android.vending                  I  [475] ahke.p(9): [EExp] Exporting experiments for namespace com.google.android.finsky.regular.
2025-06-19 20:38:27.126  7111-7600  Finsky                  com.android.vending                  I  [590] qlq.d(55): XPF:User 0 finished enterprise setup, removing profile.
2025-06-19 20:38:27.127  7240-7296  Finsky:background       com.android.vending                  I  [500] oab.a(728): SCH: Satisfied jobs for 10029 are: 3-3, 3-4
2025-06-19 20:38:27.127  7111-7194  GooglePlayServicesUtil  com.android.vending                  W  Google Play services out of date for com.android.vending.  Requires 223900000 but found 201817023
2025-06-19 20:38:27.127  7111-7157  Finsky                  com.android.vending                  I  [475] aekp.g(160): [EExp] Successfully exported experiments for package com.google.android.finsky.regular.
2025-06-19 20:38:27.130  7111-7600  Finsky                  com.android.vending                  I  [590] qlr.a(17): XPF: Initializing profiles from value store.
2025-06-19 20:38:27.130  7111-7600  Finsky                  com.android.vending                  I  [590] atyn.g(44): IQ::HLD: Get the following profiles from PauseUpdatesProfilesValueStore [].
2025-06-19 20:38:27.130  7240-7727  ActivityThread          com.android.vending                  E  Failed to find provider info for androidx.car.app.connection
2025-06-19 20:38:27.130  7111-7600  Finsky                  com.android.vending                  I  [590] qlq.h(35): XPF: 0 profiles are paused for app updates: []
2025-06-19 20:38:27.130  7111-7600  Finsky                  com.android.vending                  I  [590] qlq.j(32): XPF:0 profiles are currently in enterprise setup: []
2025-06-19 20:38:27.130  7111-7600  Finsky                  com.android.vending                  I  [590] qlq.j(32): XPF:0 profiles are currently in enterprise setup: []
2025-06-19 20:38:27.130  7111-7600  Finsky                  com.android.vending                  I  [590] qlq.h(35): XPF: 0 profiles are paused for app updates: []
2025-06-19 20:38:27.131  7240-7240  CarApp.Conn             com.android.vending                  W  Null response from content provider when checking connection to the car, treating as disconnected
2025-06-19 20:38:27.131  7240-7240  Finsky:background       com.android.vending                  I  [2] wdf.kI(29): GH::GSM: IsProjecting:false
2025-06-19 20:38:27.131  7240-7240  Finsky:background       com.android.vending                  I  [2] wdf.kI(80): GH::GSM: Gearhead listeners Notified that Projection is: false
2025-06-19 20:38:27.131  7240-7240  Finsky:background       com.android.vending                  I  [2] xwb.e(13): IQ: Connection has changed false
2025-06-19 20:38:27.132  7240-7240  Finsky:background       com.android.vending                  I  [2] InstallQueuePhoneskyJob.e(134): IQ::IQPJ: Start job 4
2025-06-19 20:38:27.132  7240-7240  Finsky:background       com.android.vending                  I  [2] xwb.e(13): IQ: Connection has changed false
2025-06-19 20:38:27.132  7240-7240  Finsky:background       com.android.vending                  I  [2] InstallQueuePhoneskyJob.e(134): IQ::IQPJ: Start job 3
2025-06-19 20:38:27.132  7240-7240  Finsky:background       com.android.vending                  I  [2] xwb.e(13): IQ: Connection has changed false
2025-06-19 20:38:27.132  7240-7240  Finsky:background       com.android.vending                  I  [2] xwb.e(13): IQ: Connection has changed false
2025-06-19 20:38:27.134  7111-7198  Finsky                  com.android.vending                  I  [495] mrg.run(722): Component class com.google.android.finsky.wearsupport.WearSupportService disabled via PackageManager.
2025-06-19 20:38:27.134  7111-7198  Finsky                  com.android.vending                  I  [495] mrg.run(722): Component class com.google.android.finsky.wearsupport.WearChangeListenerService disabled via PackageManager.
2025-06-19 20:38:27.150  7240-7281  Finsky:background       com.android.vending                  I  [488] xvj.V(475): IQ: 0 scheduled install statuses found to proceed. 
2025-06-19 20:38:27.150  7240-7281  Finsky:background       com.android.vending                  I  [488] xvj.V(21): IQ: start evaluating install requests.
2025-06-19 20:38:27.166  7111-7182  Finsky                  com.android.vending                  I  [484] atek.a(823): Restoring notifications
2025-06-19 20:38:27.168  7111-7195  Finsky                  com.android.vending                  I  [493] arvx.apply(628): Done restoring notifications
2025-06-19 20:38:27.181  7240-7281  Finsky:background       com.android.vending                  I  [488] xvj.V(202): IQ: There are 3 installs pending for job 3: [com.google.android.youtube, com.google.android.googlequicksearchbox, com.google.android.apps.youtube.music]
2025-06-19 20:38:27.208  7240-7281  Finsky:background       com.android.vending                  I  [488] xvj.V(202): IQ: There are 1 installs pending for job 4: [com.google.android.gms]
2025-06-19 20:38:27.220  7240-7281  Finsky:background       com.android.vending                  I  [488] xvj.V(475): IQ: 4 scheduled install statuses found to proceed. 
2025-06-19 20:38:27.242  7240-7280  Finsky:background       com.android.vending                  I  [487] xqi.a(1125): IQ: proceed install request for [Package:com.google.android.googlequicksearchbox, isid:3dtdgDxpRMak8imSL4Fu7A].
2025-06-19 20:38:27.243  7240-7280  Finsky:background       com.android.vending                  I  [487] xvj.Y(58): IQ: Notifying installation update. [Package:com.google.android.googlequicksearchbox, isid:3dtdgDxpRMak8imSL4Fu7A], status=DOWNLOAD_PENDING, status_code=0, reason=rapid_auto_update, tsc=PT2.37S, attempt=0
2025-06-19 20:38:27.254  7240-7240  Finsky:background       com.android.vending                  I  [2] agrl.iY(56): PIM: Ignore install package event for: com.google.android.googlequicksearchbox, isid: 3dtdgDxpRMak8imSL4Fu7A
2025-06-19 20:38:27.257  7240-7278  Finsky:background       com.android.vending                  I  [485] akzg.j(23): IQ: Requesting install request=package_name=com.google.android.googlequicksearchbox, pm_package_name=com.google.android.googlequicksearchbox, version=301536668, priority=1, reason=rapid_auto_update, account_name=, type=0, isid=3dtdgDxpRMak8imSL4Fu7A, constraints=((REQ_GEARHEAD_PROJECTION_OFF, NETWORK=ANY, PROVISIONING_STATE=PROVISIONED, BACKUP_MANAGER_STATE=BACKUP_READY),) using installer.
2025-06-19 20:38:27.257  7240-7278  Finsky:background       com.android.vending                  I  [485] akzg.j(72): DLIF: createIncrementalConfig with useIncrementalSessionWithReason: INCREMENTAL_NOT_SUPPORTED , streamingVerdictWithReason: STREAMING_DISABLE_BY_UNKNOWN_REASON
2025-06-19 20:38:27.263  7240-7282  Finsky:background       com.android.vending                  I  [489] xrk.a(83): IV2::EIU: Existing install found for update [Package:com.google.android.googlequicksearchbox, isid:3dtdgDxpRMak8imSL4Fu7A].
2025-06-19 20:38:27.264  7240-7282  Finsky:background       com.android.vending                  I  [489] xrm.a(215): IV2::FGCV: Foreground check passed for com.google.android.googlequicksearchbox
2025-06-19 20:38:27.264  7111-7111  Finsky                  com.android.vending                  I  [2] akjs.apply(400): IQ::HLD: if pauseAppUpdates is called now, it must wait for these ongoing installs: [[Package:com.google.android.googlequicksearchbox, isid:3dtdgDxpRMak8imSL4Fu7A]]
2025-06-19 20:38:27.264  7111-7111  Finsky                  com.android.vending                  I  [2] akox.a(923): IQ::HLD: previousAllInstallsDone is Optional[true], allInstallationsDone is Optional[false]
2025-06-19 20:38:27.264  7111-7111  Finsky                  com.android.vending                  I  [2] akox.a(949): IQ::HLD: Updating installations status true cross profiles
2025-06-19 20:38:27.264  7111-7111  Finsky                  com.android.vending                  I  [2] qlu.d(36): XPF:Binding for 170233416
2025-06-19 20:38:27.265  7111-7111  Finsky                  com.android.vending                  I  [2] qlq.e(27): XPF:User 0 is in installation, adding profile.
2025-06-19 20:38:27.272  7240-7280  Finsky:background       com.android.vending                  I  [487] xqi.a(218): IV2::DRV: install for [Package:com.google.android.googlequicksearchbox, isid:3dtdgDxpRMak8imSL4Fu7A] not tracked by installer.
2025-06-19 20:38:27.291  7240-7282  Finsky:background       com.android.vending                  I  [489] oon.a(602): IV2: adding timeout to install 0
2025-06-19 20:38:27.322   307-307   goldfish-address-space  and...raphics.allocator@3.0-service  D  claimShared: Ask to claim region [0x3f3dcf000 0x3f3de5000]
2025-06-19 20:38:27.328  7240-7730  Finsky:background       com.android.vending                  I  [534] xqa.accept(86): SM: Session with Context {name=com.google.android.googlequicksearchbox versionCode=301536668} successfully created
2025-06-19 20:38:27.333   939-6199  HostConnection          com...le.android.apps.nexuslauncher  D  HostConnection::get() New Host Connection established 0x7690d5d77d90, tid 6199
2025-06-19 20:38:27.336  7240-7280  Finsky:background       com.android.vending                  I  [487] xpt.apply(276): IV2::TV: allowMeteredNetwork=true for [Package=com.google.android.googlequicksearchbox, isid=3dtdgDxpRMak8imSL4Fu7A]
2025-06-19 20:38:27.336  7240-7280  Finsky:background       com.android.vending                  I  [487] xqi.a(244): IV2::TM: Task added. com.google.android.googlequicksearchbox[iid:0] [isid:3dtdgDxpRMak8imSL4Fu7A] [tid: 1000000000]
2025-06-19 20:38:27.337   939-6199  HostConnection          com...le.android.apps.nexuslauncher  D  HostComposition ext ANDROID_EMU_CHECKSUM_HELPER_v1 ANDROID_EMU_native_sync_v2 ANDROID_EMU_native_sync_v3 ANDROID_EMU_native_sync_v4 ANDROID_EMU_dma_v1 ANDROID_EMU_direct_mem ANDROID_EMU_host_composition_v1 ANDROID_EMU_host_composition_v2 ANDROID_EMU_YUV_Cache ANDROID_EMU_has_shared_slots_host_memory_allocator ANDROID_EMU_sync_buffer_data ANDROID_EMU_read_color_buffer_dma GL_OES_vertex_array_object GL_KHR_texture_compression_astc_ldr ANDROID_EMU_host_side_tracing ANDROID_EMU_gles_max_version_2 
2025-06-19 20:38:27.337   939-6199  OpenGLRenderer          com...le.android.apps.nexuslauncher  W  Failed to choose config with EGL_SWAP_BEHAVIOR_PRESERVED, retrying without...
2025-06-19 20:38:27.350   939-6199  EGL_emulation           com...le.android.apps.nexuslauncher  D  eglCreateContext: 0x7690c5d87550: maj 2 min 0 rcv 2
2025-06-19 20:38:27.354   939-6199  EGL_emulation           com...le.android.apps.nexuslauncher  D  eglMakeCurrent: 0x7690c5d87550: ver 2 0 (tinfo 0x769065dcc910) (first time)
2025-06-19 20:38:27.369  7240-7278  Finsky:background       com.android.vending                  I  [485] xrb.a(302): IV2::TM: starting: 1000000000
2025-06-19 20:38:27.372  7240-7280  Finsky:background       com.android.vending                  I  [487] xra.a(39): IV2::TM: Starting task: com.google.android.googlequicksearchbox[iid:0] [isid:3dtdgDxpRMak8imSL4Fu7A] [tid: 1000000000]
2025-06-19 20:38:27.380  7240-7280  Finsky:background       com.android.vending                  I  [487] xqw.d(13): IV2::TD starting task. com.google.android.googlequicksearchbox[iid:0] [isid:3dtdgDxpRMak8imSL4Fu7A] [tid: 1000000000]
2025-06-19 20:38:27.380  7240-7282  Finsky:background       com.android.vending                  I  [489] xqi.a(521): IV2::TD: Fetching metadata start. com.google.android.googlequicksearchbox[iid:0] [isid:3dtdgDxpRMak8imSL4Fu7A] [tid: 1000000000]
2025-06-19 20:38:27.385  7240-7282  Finsky:background       com.android.vending                  I  [489] qqx.a(165): IV2: installer unavailable to accept com.google.android.apps.youtube.music. Current active installs : 
                                                                                                    com.google.android.googlequicksearchbox: installId: 0 isid: 3dtdgDxpRMak8imSL4Fu7A requested 0 min ago
2025-06-19 20:38:27.385  7240-7282  Finsky:background       com.android.vending                  W  [489] xpt.apply(833): IV2: cannot process install request now for [Package:com.google.android.apps.youtube.music, isid:Y5S2bg7mQyaUtC4q_QtcAg] with status code 1136
2025-06-19 20:38:27.385  7240-7281  Finsky:background       com.android.vending                  I  [488] xvj.V(21): IQ: start evaluating install requests.
2025-06-19 20:38:27.399  7240-7281  Finsky:background       com.android.vending                  I  [488] xvj.V(202): IQ: There are 2 installs pending for job 3: [com.google.android.youtube, com.google.android.apps.youtube.music]
2025-06-19 20:38:27.408  7240-7278  Finsky:background       com.android.vending                  I  [485] abiy.a(30): Attempt creation of cached APK for com.google.android.googlequicksearchbox
2025-06-19 20:38:27.412  7240-7278  Finsky:background       com.android.vending                  I  [485] abiy.a(1368): Preloads directory was not found.
2025-06-19 20:38:27.412  7240-7281  Finsky:background       com.android.vending                  I  [488] xvj.V(202): IQ: There are 1 installs pending for job 4: [com.google.android.gms]
2025-06-19 20:38:27.419  7240-7281  Finsky:background       com.android.vending                  I  [488] xvj.V(475): IQ: 3 scheduled install statuses found to proceed. 
2025-06-19 20:38:27.430  7240-7282  Finsky:background       com.android.vending                  I  [489] qqx.a(165): IV2: installer unavailable to accept com.google.android.apps.youtube.music. Current active installs : 
                                                                                                    com.google.android.googlequicksearchbox: installId: 0 isid: 3dtdgDxpRMak8imSL4Fu7A requested 0 min ago
2025-06-19 20:38:27.431  7240-7282  Finsky:background       com.android.vending                  W  [489] xpt.apply(833): IV2: cannot process install request now for [Package:com.google.android.apps.youtube.music, isid:Y5S2bg7mQyaUtC4q_QtcAg] with status code 1136
2025-06-19 20:38:27.445  7111-7111  Finsky                  com.android.vending                  I  [2] akpt.run(762): setup::RES: shouldRecoverRestoredPackages: flag false, versionCodeSystem 82043300
2025-06-19 20:38:27.446  7111-7111  Finsky                  com.android.vending                  I  [2] ajnb.run(304): Detected restoreservicev2://recovery not needed, will not run
2025-06-19 20:38:27.449  7111-7178  Finsky                  com.android.vending                  I  [483] akqb.apply(920): setup::logging: Checking pre-archiving conditions on startup.
2025-06-19 20:38:27.456  7240-7276  Finsky:background       com.android.vending                  I  [483] ncw.b(110): File-by-file compatibility check finished, isCompatible=true
2025-06-19 20:38:27.456  7240-7276  Finsky:background       com.android.vending                  I  [483] mef.call(60): File-by-File compatibility check result: true
2025-06-19 20:38:27.493  7240-7276  Finsky:background       com.android.vending                  W  [483] rcj.a(623): IU: Account  from AppState for update of com.google.android.googlequicksearchbox no longer exists.
2025-06-19 20:38:27.500  7240-7276  Finsky:background       com.android.vending                  W  [483] rcj.a(661): IU: Cannot get valid account for com.google.android.googlequicksearchbox
2025-06-19 20:38:27.500  7240-7276  Finsky:background       com.android.vending                  I  [483] rcj.a(728): Unauthenticated delivery for com.google.android.googlequicksearchbox.
2025-06-19 20:38:27.507  7111-7236  Finsky                  com.android.vending                  I  [527] smw.d(1): registerListener
2025-06-19 20:38:27.507  7111-7236  Finsky                  com.android.vending                  I  [527] bemt.n(6): getDownloads()
2025-06-19 20:38:27.508  7240-7290  Finsky:background       com.android.vending                  I  [496] sjg.j(6): DS: getDownloads()
2025-06-19 20:38:27.509  7111-7236  Finsky                  com.android.vending                  I  [527] ra.run(51): Initialized AssetModuleDownloader.
2025-06-19 20:38:27.546  7240-7739  ding:backgroun          com.android.vending                  W  Accessing hidden method Lcom/android/org/conscrypt/ConscryptEngineSocket;->setUseSessionTickets(Z)V (greylist-max-q,core-platform-api, reflection, denied)
2025-06-19 20:38:27.546  7240-7739  ding:backgroun          com.android.vending                  W  Accessing hidden method Lcom/android/org/conscrypt/OpenSSLSocketImpl;->setUseSessionTickets(Z)V (greylist-max-q,core-platform-api, reflection, denied)
2025-06-19 20:38:27.546  7240-7739  ding:backgroun          com.android.vending                  W  Accessing hidden method Lcom/android/org/conscrypt/AbstractConscryptSocket;->setUseSessionTickets(Z)V (greylist-max-q, reflection, denied)
2025-06-19 20:38:27.546  7240-7739  ding:backgroun          com.android.vending                  W  Accessing hidden method Lcom/android/org/conscrypt/ConscryptEngineSocket;->setHostname(Ljava/lang/String;)V (greylist-max-q,core-platform-api, reflection, denied)
2025-06-19 20:38:27.546  7240-7739  ding:backgroun          com.android.vending                  W  Accessing hidden method Lcom/android/org/conscrypt/OpenSSLSocketImpl;->setHostname(Ljava/lang/String;)V (greylist-max-q,core-platform-api, reflection, denied)
2025-06-19 20:38:27.546  7240-7739  ding:backgroun          com.android.vending                  W  Accessing hidden method Lcom/android/org/conscrypt/AbstractConscryptSocket;->setHostname(Ljava/lang/String;)V (greylist-max-q, reflection, denied)
2025-06-19 20:38:27.546  7240-7739  ding:backgroun          com.android.vending                  W  Accessing hidden method Lcom/android/org/conscrypt/OpenSSLSocketImpl;->setAlpnProtocols([B)V (greylist-max-q,core-platform-api, reflection, denied)
2025-06-19 20:38:27.546  7240-7739  ding:backgroun          com.android.vending                  W  Accessing hidden method Lcom/android/org/conscrypt/AbstractConscryptSocket;->setAlpnProtocols([B)V (greylist-max-q, reflection, denied)
2025-06-19 20:38:27.546  7111-7194  Finsky                  com.android.vending                  I  [491] myz.accept(250): Successfully collected the device disk space info.
2025-06-19 20:38:27.550   501-535   JobScheduler.Background system_server                        E  App com.google.android.gms became active but still in NEVER bucket
2025-06-19 20:38:27.551   501-544   DropBoxManagerService   system_server                        I  add tag=system_server_wtf isTagEnabled=true flags=0x2
2025-06-19 20:38:27.577  7240-7739  ding:backgroun          com.android.vending                  W  Accessing hidden method Lcom/android/org/conscrypt/OpenSSLSocketImpl;->getAlpnSelectedProtocol()[B (greylist-max-q,core-platform-api, reflection, denied)
2025-06-19 20:38:27.577  7240-7739  ding:backgroun          com.android.vending                  W  Accessing hidden method Lcom/android/org/conscrypt/AbstractConscryptSocket;->getAlpnSelectedProtocol()[B (greylist-max-q, reflection, denied)
2025-06-19 20:38:27.605  5923-6020  NearbyDiscovery         com.google.android.gms.persistent    I  Show notifications: 0 total, no changes since last shown, no-op. [CONTEXT service_id=49 ]
2025-06-19 20:38:27.665  7240-7282  Finsky:background       com.android.vending                  I  [489] xqu.apply(590): IV2::TD: Fetching metadata done. com.google.android.googlequicksearchbox[iid:0] [isid:3dtdgDxpRMak8imSL4Fu7A] [tid: 1000000000]
2025-06-19 20:38:27.668  7240-7287  Finsky:background       com.android.vending                  I  [493] atyn.l(80): ICalc: Partition available space: 5729640448, install size: 267466640, min free: 312033280, additional needed: 0
2025-06-19 20:38:27.670  7240-7280  Finsky:background       com.android.vending                  I  [487] xmb.a(79): AV::DSC: sufficient disk space space available for com.google.android.googlequicksearchbox[iid:0] [isid:3dtdgDxpRMak8imSL4Fu7A] [tid: 1000000000]: 267466640
2025-06-19 20:38:27.678  7240-7280  Finsky:background       com.android.vending                  W  [487] xme.apply(91): AV::PV: Can't download patch for package com.google.android.googlequicksearchbox, artifact com.google.android.googlequicksearchbox.apk, because didn't receive one in delivery response.
2025-06-19 20:38:27.679  7240-7280  Finsky:background       com.android.vending                  W  [487] xme.apply(91): AV::PV: Can't download patch for package com.google.android.googlequicksearchbox, artifact config.xxhdpi, because didn't receive one in delivery response.
2025-06-19 20:38:27.680  7240-7282  Finsky:background       com.android.vending                  I  [489] xqi.a(434): IV2::TD: Resource fetch start. com.google.android.googlequicksearchbox[iid:0] [isid:3dtdgDxpRMak8imSL4Fu7A] [tid: 1000000000]
2025-06-19 20:38:27.682  7240-7282  Finsky:background       com.android.vending                  I  [489] nvi.accept(72): IV2: onTaskProgress com.google.android.googlequicksearchbox[iid:0] [isid:3dtdgDxpRMak8imSL4Fu7A] status:RESOURCE_FETCH_START, size: 0/0
2025-06-19 20:38:27.683  7240-7276  Finsky:background       com.android.vending                  I  [483] ahub.a(61): RF: No TaskData found for a new request.
2025-06-19 20:38:27.684  7240-7288  Finsky:background       com.android.vending                  I  [494] xvj.O(58): IQ: Notifying installation update. [Package:com.google.android.googlequicksearchbox, isid:3dtdgDxpRMak8imSL4Fu7A], status=DOWNLOADING, status_code=0, reason=rapid_auto_update, tsc=PT2.811S, attempt=0
2025-06-19 20:38:27.691  7240-7280  Finsky:background       com.android.vending                  I  [487] ahtz.a(11): RF: RowId of the upserted row is 1000000000.
2025-06-19 20:38:27.692  7240-7240  Finsky:background       com.android.vending                  I  [2] agrl.iY(56): PIM: Ignore install package event for: com.google.android.googlequicksearchbox, isid: 3dtdgDxpRMak8imSL4Fu7A
2025-06-19 20:38:27.701  7111-7111  Finsky                  com.android.vending                  I  [2] akjs.apply(400): IQ::HLD: if pauseAppUpdates is called now, it must wait for these ongoing installs: [[Package:com.google.android.googlequicksearchbox, isid:3dtdgDxpRMak8imSL4Fu7A]]
2025-06-19 20:38:27.704  7240-7281  Finsky:background       com.android.vending                  I  [488] ahwp.p(30): RM: create resource request id 9cc2fd1c-40e8-4f4d-a959-6077c6595a22 for request com.google.android.googlequicksearchbox.dm reason: rapid_auto_update isid: 3dtdgDxpRMak8imSL4Fu7A
2025-06-19 20:38:27.710  7240-7276  Finsky:background       com.android.vending                  I  [483] ahwp.p(30): RM: create resource request id e46bdc15-909e-467d-b6d9-55f885da369c for request config.xxhdpi reason: rapid_auto_update isid: 3dtdgDxpRMak8imSL4Fu7A
2025-06-19 20:38:27.717  7240-7280  Finsky:background       com.android.vending                  I  [487] ahwp.p(30): RM: create resource request id 8d9b7b39-fdc8-482f-bd66-518018d80069 for request com.google.android.googlequicksearchbox.apk reason: rapid_auto_update isid: 3dtdgDxpRMak8imSL4Fu7A
2025-06-19 20:38:27.772  7240-7290  Finsky:background       com.android.vending                  I  [496] bemt.l(6): DSC: enqueue()
2025-06-19 20:38:27.785  7240-7403  Finsky:background       com.android.vending                  I  [520] rzb.call(974): DS: request_id=6 generated with shared preferences
2025-06-19 20:38:27.785  7240-7403  Finsky:background       com.android.vending                  I  [520] rzb.call(997): DS: enqueue(request_id=6, files_to_download=[com.google.android.googlequicksearchbox.dm(size:65794)], context[group_id=com.google.android.googlequicksearchbox:3dtdgDxpRMak8imSL4Fu7A], display_data[invisible=true, title=Required app update], network_restrictions=ANY_NETWORK
2025-06-19 20:38:27.788  7240-7290  Finsky:background       com.android.vending                  I  [496] bemt.l(6): DSC: enqueue()
2025-06-19 20:38:27.800  7240-7403  Finsky:background       com.android.vending                  I  [520] rzb.call(974): DS: request_id=7 generated with shared preferences
2025-06-19 20:38:27.800  7240-7403  Finsky:background       com.android.vending                  I  [520] rzb.call(997): DS: enqueue(request_id=7, files_to_download=[config.xxhdpi(size:1736689)], context[group_id=com.google.android.googlequicksearchbox:3dtdgDxpRMak8imSL4Fu7A], display_data[invisible=true, title=Required app update], network_restrictions=ANY_NETWORK
2025-06-19 20:38:27.807  7240-7290  Finsky:background       com.android.vending                  I  [496] bemt.l(6): DSC: enqueue()
2025-06-19 20:38:27.816  7240-7403  Finsky:background       com.android.vending                  I  [520] sli.b(13): DS::CD: download(6)
2025-06-19 20:38:27.816  7240-7403  Finsky:background       com.android.vending                  I  [520] smt.c(111): DSC::L: Update all listeners for download <6:QUEUED with WAITING_FOR_START:0%[0%]> in group com.google.android.googlequicksearchbox:3dtdgDxpRMak8imSL4Fu7A
2025-06-19 20:38:27.816  7240-7403  Finsky:background       com.android.vending                  I  [520] smt.c(153): DSC::L: Updating listener sgt@d22c422 for download <6:QUEUED with WAITING_FOR_START:0%[0%]>
2025-06-19 20:38:27.817  7240-7403  Finsky:background       com.android.vending                  I  [520] smt.c(153): DSC::L: Updating listener DownloadServiceManagerListener::qwb@129a404 for download <6:QUEUED with WAITING_FOR_START:0%[0%]>
2025-06-19 20:38:27.817  7240-7403  Finsky:background       com.android.vending                  I  [520] smt.c(153): DSC::L: Updating listener DownloadServiceManagerListener::ahuw@6ccb57a for download <6:QUEUED with WAITING_FOR_START:0%[0%]>
2025-06-19 20:38:27.817  7240-7403  Finsky:background       com.android.vending                  I  [520] atel.n(32): DS::IDC: updateWith: <6:QUEUED with WAITING_FOR_START:0%[0%]>
2025-06-19 20:38:27.818  7240-7403  Finsky:background       com.android.vending                  I  [520] smf.b(6): DS::ISM: Starting invisible download job
2025-06-19 20:38:27.818  7240-7403  Finsky:background       com.android.vending                  I  [520] rzb.call(974): DS: request_id=8 generated with shared preferences
2025-06-19 20:38:27.818  7240-7403  Finsky:background       com.android.vending                  I  [520] rzb.call(997): DS: enqueue(request_id=8, files_to_download=[com.google.android.googlequicksearchbox.apk(size:73461245)], context[group_id=com.google.android.googlequicksearchbox:3dtdgDxpRMak8imSL4Fu7A], display_data[invisible=true, title=Required app update], network_restrictions=ANY_NETWORK
2025-06-19 20:38:27.819  7240-7296  Finsky:background       com.android.vending                  I  [500] bbvg.e(41): SCH: Received scheduling request: Id: 40-9998, Constraints: [{ L: 0, D: 86400000, C: CHARGING_NONE, I: IDLE_NONE, N: NET_ANY, B: BATTERY_ANY }]
2025-06-19 20:38:27.831  7240-7403  Finsky:background       com.android.vending                  I  [520] smt.c(111): DSC::L: Update all listeners for download <7:QUEUED with WAITING_FOR_START:0%[0%]> in group com.google.android.googlequicksearchbox:3dtdgDxpRMak8imSL4Fu7A
2025-06-19 20:38:27.831  7240-7403  Finsky:background       com.android.vending                  I  [520] smt.c(153): DSC::L: Updating listener sgt@d22c422 for download <7:QUEUED with WAITING_FOR_START:0%[0%]>
2025-06-19 20:38:27.831  7240-7403  Finsky:background       com.android.vending                  I  [520] smt.c(153): DSC::L: Updating listener DownloadServiceManagerListener::qwb@129a404 for download <7:QUEUED with WAITING_FOR_START:0%[0%]>
2025-06-19 20:38:27.831  7240-7403  Finsky:background       com.android.vending                  I  [520] smt.c(153): DSC::L: Updating listener DownloadServiceManagerListener::ahuw@6ccb57a for download <7:QUEUED with WAITING_FOR_START:0%[0%]>
