2025-06-19 20:38:26.044  6908-7670  CpuPowerCalculator      com.android.settings                 W  UID 1047 CPU cluster # mismatch: Power Profile # 2 actual # 4
2025-06-19 20:38:26.044  6908-7670  CpuPowerCalculator      com.android.settings                 W  UID 1053 CPU cluster # mismatch: Power Profile # 2 actual # 4
2025-06-19 20:38:26.044  6908-7670  CpuPowerCalculator      com.android.settings                 W  UID 1066 CPU cluster # mismatch: Power Profile # 2 actual # 4
2025-06-19 20:38:26.044  6908-7670  CpuPowerCalculator      com.android.settings                 W  UID 1068 CPU cluster # mismatch: Power Profile # 2 actual # 4
2025-06-19 20:38:26.044  6908-7670  CpuPowerCalculator      com.android.settings                 W  UID 1069 CPU cluster # mismatch: Power Profile # 2 actual # 4
2025-06-19 20:38:26.044  6908-7670  CpuPowerCalculator      com.android.settings                 W  UID 1071 CPU cluster # mismatch: Power Profile # 2 actual # 4
2025-06-19 20:38:26.044  6908-7670  CpuPowerCalculator      com.android.settings                 W  UID 1073 CPU cluster # mismatch: Power Profile # 2 actual # 4
2025-06-19 20:38:26.044  6908-7670  CpuPowerCalculator      com.android.settings                 W  UID 2000 CPU cluster # mismatch: Power Profile # 2 actual # 4
2025-06-19 20:38:26.044  6908-7670  CpuPowerCalculator      com.android.settings                 W  UID 9999 CPU cluster # mismatch: Power Profile # 2 actual # 4
2025-06-19 20:38:26.044  6908-7670  CpuPowerCalculator      com.android.settings                 W  UID 10063 CPU cluster # mismatch: Power Profile # 2 actual # 4
2025-06-19 20:38:26.044  6908-7670  CpuPowerCalculator      com.android.settings                 W  UID 10065 CPU cluster # mismatch: Power Profile # 2 actual # 4
2025-06-19 20:38:26.044  6908-7670  CpuPowerCalculator      com.android.settings                 W  UID 10066 CPU cluster # mismatch: Power Profile # 2 actual # 4
2025-06-19 20:38:26.044  6908-7670  CpuPowerCalculator      com.android.settings                 W  UID 10068 CPU cluster # mismatch: Power Profile # 2 actual # 4
2025-06-19 20:38:26.044  6908-7670  CpuPowerCalculator      com.android.settings                 W  UID 10071 CPU cluster # mismatch: Power Profile # 2 actual # 4
2025-06-19 20:38:26.044  6908-7670  CpuPowerCalculator      com.android.settings                 W  UID 10075 CPU cluster # mismatch: Power Profile # 2 actual # 4
2025-06-19 20:38:26.044  6908-7670  CpuPowerCalculator      com.android.settings                 W  UID 10076 CPU cluster # mismatch: Power Profile # 2 actual # 4
2025-06-19 20:38:26.044  6908-7670  CpuPowerCalculator      com.android.settings                 W  UID 10077 CPU cluster # mismatch: Power Profile # 2 actual # 4
2025-06-19 20:38:26.044  6908-7670  CpuPowerCalculator      com.android.settings                 W  UID 10089 CPU cluster # mismatch: Power Profile # 2 actual # 4
2025-06-19 20:38:26.044  6908-7670  CpuPowerCalculator      com.android.settings                 W  UID 10094 CPU cluster # mismatch: Power Profile # 2 actual # 4
2025-06-19 20:38:26.044  6908-7670  CpuPowerCalculator      com.android.settings                 W  UID 10096 CPU cluster # mismatch: Power Profile # 2 actual # 4
2025-06-19 20:38:26.044  6908-7670  CpuPowerCalculator      com.android.settings                 W  UID 10098 CPU cluster # mismatch: Power Profile # 2 actual # 4
2025-06-19 20:38:26.044  6908-7670  CpuPowerCalculator      com.android.settings                 W  UID 10099 CPU cluster # mismatch: Power Profile # 2 actual # 4
2025-06-19 20:38:26.044  6908-7670  CpuPowerCalculator      com.android.settings                 W  UID 10100 CPU cluster # mismatch: Power Profile # 2 actual # 4
2025-06-19 20:38:26.044  6908-7670  CpuPowerCalculator      com.android.settings                 W  UID 10101 CPU cluster # mismatch: Power Profile # 2 actual # 4
2025-06-19 20:38:26.044  6908-7670  CpuPowerCalculator      com.android.settings                 W  UID 10102 CPU cluster # mismatch: Power Profile # 2 actual # 4
2025-06-19 20:38:26.044  6908-7670  CpuPowerCalculator      com.android.settings                 W  UID 10103 CPU cluster # mismatch: Power Profile # 2 actual # 4
2025-06-19 20:38:26.044  6908-7670  CpuPowerCalculator      com.android.settings                 W  UID 10104 CPU cluster # mismatch: Power Profile # 2 actual # 4
2025-06-19 20:38:26.044  6908-7670  CpuPowerCalculator      com.android.settings                 W  UID 10105 CPU cluster # mismatch: Power Profile # 2 actual # 4
2025-06-19 20:38:26.044  6908-7670  CpuPowerCalculator      com.android.settings                 W  UID 10106 CPU cluster # mismatch: Power Profile # 2 actual # 4
2025-06-19 20:38:26.044  6908-7670  CpuPowerCalculator      com.android.settings                 W  UID 10107 CPU cluster # mismatch: Power Profile # 2 actual # 4
2025-06-19 20:38:26.044  6908-7670  CpuPowerCalculator      com.android.settings                 W  UID 10108 CPU cluster # mismatch: Power Profile # 2 actual # 4
2025-06-19 20:38:26.044  6908-7670  CpuPowerCalculator      com.android.settings                 W  UID 10109 CPU cluster # mismatch: Power Profile # 2 actual # 4
2025-06-19 20:38:26.044  6908-7670  CpuPowerCalculator      com.android.settings                 W  UID 10112 CPU cluster # mismatch: Power Profile # 2 actual # 4
2025-06-19 20:38:26.044  6908-7670  CpuPowerCalculator      com.android.settings                 W  UID 10115 CPU cluster # mismatch: Power Profile # 2 actual # 4
2025-06-19 20:38:26.044  6908-7670  CpuPowerCalculator      com.android.settings                 W  UID 10117 CPU cluster # mismatch: Power Profile # 2 actual # 4
2025-06-19 20:38:26.044  6908-7670  CpuPowerCalculator      com.android.settings                 W  UID 10118 CPU cluster # mismatch: Power Profile # 2 actual # 4
2025-06-19 20:38:26.044  6908-7670  CpuPowerCalculator      com.android.settings                 W  UID 10119 CPU cluster # mismatch: Power Profile # 2 actual # 4
2025-06-19 20:38:26.044  6908-7670  CpuPowerCalculator      com.android.settings                 W  UID 10120 CPU cluster # mismatch: Power Profile # 2 actual # 4
2025-06-19 20:38:26.044  6908-7670  CpuPowerCalculator      com.android.settings                 W  UID 10121 CPU cluster # mismatch: Power Profile # 2 actual # 4
2025-06-19 20:38:26.044  6908-7670  CpuPowerCalculator      com.android.settings                 W  UID 10122 CPU cluster # mismatch: Power Profile # 2 actual # 4
2025-06-19 20:38:26.045  6908-7670  CpuPowerCalculator      com.android.settings                 W  UID 10123 CPU cluster # mismatch: Power Profile # 2 actual # 4
2025-06-19 20:38:26.045  6908-7670  CpuPowerCalculator      com.android.settings                 W  UID 10124 CPU cluster # mismatch: Power Profile # 2 actual # 4
2025-06-19 20:38:26.045  6908-7670  CpuPowerCalculator      com.android.settings                 W  UID 10125 CPU cluster # mismatch: Power Profile # 2 actual # 4
2025-06-19 20:38:26.045  6908-7670  CpuPowerCalculator      com.android.settings                 W  UID 10128 CPU cluster # mismatch: Power Profile # 2 actual # 4
2025-06-19 20:38:26.045  5923-5981  GeofencerStateMachine   com.google.android.gms.persistent    I  Network location disabled.
2025-06-19 20:38:26.045  6908-7670  CpuPowerCalculator      com.android.settings                 W  UID 10131 CPU cluster # mismatch: Power Profile # 2 actual # 4
2025-06-19 20:38:26.045  6908-7670  CpuPowerCalculator      com.android.settings                 W  UID 10132 CPU cluster # mismatch: Power Profile # 2 actual # 4
2025-06-19 20:38:26.045  6908-7670  CpuPowerCalculator      com.android.settings                 W  UID 10133 CPU cluster # mismatch: Power Profile # 2 actual # 4
2025-06-19 20:38:26.045  6908-7670  CpuPowerCalculator      com.android.settings                 W  UID 10134 CPU cluster # mismatch: Power Profile # 2 actual # 4
2025-06-19 20:38:26.045  6908-7670  CpuPowerCalculator      com.android.settings                 W  UID 10135 CPU cluster # mismatch: Power Profile # 2 actual # 4
2025-06-19 20:38:26.045  6908-7670  CpuPowerCalculator      com.android.settings                 W  UID 10136 CPU cluster # mismatch: Power Profile # 2 actual # 4
2025-06-19 20:38:26.045  6908-7670  CpuPowerCalculator      com.android.settings                 W  UID 10137 CPU cluster # mismatch: Power Profile # 2 actual # 4
2025-06-19 20:38:26.045  6908-7670  CpuPowerCalculator      com.android.settings                 W  UID 10140 CPU cluster # mismatch: Power Profile # 2 actual # 4
2025-06-19 20:38:26.045  6908-7670  CpuPowerCalculator      com.android.settings                 W  UID 10141 CPU cluster # mismatch: Power Profile # 2 actual # 4
2025-06-19 20:38:26.045  6908-7670  CpuPowerCalculator      com.android.settings                 W  UID 10144 CPU cluster # mismatch: Power Profile # 2 actual # 4
2025-06-19 20:38:26.045  6908-7670  CpuPowerCalculator      com.android.settings                 W  UID 10148 CPU cluster # mismatch: Power Profile # 2 actual # 4
2025-06-19 20:38:26.045  6908-7670  CpuPowerCalculator      com.android.settings                 W  UID 10151 CPU cluster # mismatch: Power Profile # 2 actual # 4
2025-06-19 20:38:26.045  6908-7670  CpuPowerCalculator      com.android.settings                 W  UID 10152 CPU cluster # mismatch: Power Profile # 2 actual # 4
2025-06-19 20:38:26.045  6908-7670  CpuPowerCalculator      com.android.settings                 W  UID 10153 CPU cluster # mismatch: Power Profile # 2 actual # 4
2025-06-19 20:38:26.045  6908-7670  CpuPowerCalculator      com.android.settings                 W  UID 50107 CPU cluster # mismatch: Power Profile # 2 actual # 4
2025-06-19 20:38:26.045  6908-7670  CpuPowerCalculator      com.android.settings                 W  UID 50147 CPU cluster # mismatch: Power Profile # 2 actual # 4
2025-06-19 20:38:26.045  6908-7670  CpuPowerCalculator      com.android.settings                 W  UID 50148 CPU cluster # mismatch: Power Profile # 2 actual # 4
2025-06-19 20:38:26.045  6908-7670  CpuPowerCalculator      com.android.settings                 W  UID 50151 CPU cluster # mismatch: Power Profile # 2 actual # 4
2025-06-19 20:38:26.045  6908-7670  CpuPowerCalculator      com.android.settings                 W  UID 50152 CPU cluster # mismatch: Power Profile # 2 actual # 4
2025-06-19 20:38:26.045  6908-7670  CpuPowerCalculator      com.android.settings                 W  UID 50153 CPU cluster # mismatch: Power Profile # 2 actual # 4
2025-06-19 20:38:26.052  5923-7649  Fitness                 com.google.android.gms.persistent    I  FitCleanupIntentOperation received Intent android.intent.action.PACKAGE_CHANGED [CONTEXT service_id=17 ]
2025-06-19 20:38:26.052   747-3051  Permission...erviceImpl com....android.permissioncontroller  I  Updating user sensitive for uid 10109
2025-06-19 20:38:26.054   501-535   Looper                  system_server                        W  Drained
2025-06-19 20:38:26.078  6908-6926  SugstStatusProvider     com.android.settings                 D  Suggestion com.android.settings/com.android.settings.notification.zen.ZenSuggestionActivity complete: true
2025-06-19 20:38:26.079  7671-7705  CandidateS...tionFilter com.android.settings.intelligence    D  Suggestion state result Bundle[{candidate_is_complete=true}]
2025-06-19 20:38:26.080  7671-7695  CandidateS...tionFilter com.android.settings.intelligence    D  filterCandidates duration: 21
2025-06-19 20:38:26.080  2304-3586  Dialer                  com.android.dialer                   I  VvmTaskExecutor - executing task com.android.voicemail.impl.ActivationTask@3520820
2025-06-19 20:38:26.080  2304-3586  Dialer                  com.android.dialer                   I  PreOMigrationHandler - ComponentInfo{com.android.phone/com.android.services.telephony.TelephonyConnectionService}, ***, UserHandle{0} already migrated
2025-06-19 20:38:26.081  7671-7695  CandidateS...tionFilter com.android.settings.intelligence    D  filterCandidates duration: 0
2025-06-19 20:38:26.081  7671-7695  CandidateS...tionFilter com.android.settings.intelligence    D  filterCandidates duration: 0
2025-06-19 20:38:26.084  7671-7695  TetheringManager        com.android.settings.intelligence    I  registerTetheringEventCallback:com.android.settings.intelligence
2025-06-19 20:38:26.091  7671-7695  CandidateS...tionFilter com.android.settings.intelligence    D  filterCandidates duration: 4
2025-06-19 20:38:26.092  7671-7695  CandidateSuggestion     com.android.settings.intelligence    D  Metadata null or has no info about summary_uri
2025-06-19 20:38:26.095  5923-6020  NearbyDiscovery         com.google.android.gms.persistent    I  Show notifications: 0 total, no changes since last shown, no-op. [CONTEXT service_id=49 ]
2025-06-19 20:38:26.098  7671-7695  CandidateS...tionFilter com.android.settings.intelligence    D  filterCandidates duration: 0
2025-06-19 20:38:26.098  7111-7198  Finsky                  com.android.vending                  I  [495] asbf.run(345): UCtl: For package com.android.chrome, first update discovery timestamp is set to 2025-06-19T17:38:25.360919Z
2025-06-19 20:38:26.098  7111-7198  Finsky                  com.android.vending                  I  [495] asbf.run(488): UCtl: Package com.android.chrome client staleness timestamp changed from 1970-01-01T00:00:00Z to 2025-06-19T17:38:25.883Z, available version changed from 0 to 715111537 or in-app update priority changed from 0 to 0, Server update discovery timestamp is changed from 1970-01-01T00:00:00Z to 2025-06-19T17:38:25.360919Z
2025-06-19 20:38:26.098  7671-7695  CandidateS...tionFilter com.android.settings.intelligence    D  filterCandidates duration: 0
2025-06-19 20:38:26.111   501-501   Looper                  system_server                        W  Drained
2025-06-19 20:38:26.112  7671-7695  AccountEligibility      com.android.settings.intelligence    I  com.google.android.googlequicksearchbox/com.google.android.apps.gsa.speech.setupwizard.HotwordOptionalStep requires unavailable account type com.google
2025-06-19 20:38:26.112  7671-7695  CandidateS...tionFilter com.android.settings.intelligence    D  filterCandidates duration: 0
2025-06-19 20:38:26.112  7671-7695  chatty                  com.android.settings.intelligence    I  uid=10106(com.android.settings.intelligence) Binder:7671_3 identical 1 line
2025-06-19 20:38:26.113  7671-7695  CandidateS...tionFilter com.android.settings.intelligence    D  filterCandidates duration: 0
2025-06-19 20:38:26.113  6908-7670  BatteryTipLoader        com.android.settings                 D  BatteryInfoLoader post query: 3ms
2025-06-19 20:38:26.114  5923-5923  GeofencerStateMachine   com.google.android.gms.persistent    I  sendQueryLocationOptIn
2025-06-19 20:38:26.120  6908-7701  LegacySuggestCardCtrl   com.android.settings                 D  Loaded suggests: 1
2025-06-19 20:38:26.120  5923-5981  GeofencerStateMachine   com.google.android.gms.persistent    I  Network location enabled.
2025-06-19 20:38:26.121  6908-7670  BatteryInfo             com.android.settings                 D  time for getBatteryInfo: 3ms
2025-06-19 20:38:26.121  6908-7670  BatteryTipLoader        com.android.settings                 D  BatteryInfoLoader.loadInBackground: 11ms
2025-06-19 20:38:26.127  6908-6908  ControllerRendererPool  com.android.settings                 D  Controller is already there.
2025-06-19 20:38:26.136  6908-7692  BatteryTipLoader        com.android.settings                 D  BatteryInfoLoader post query: 1ms
2025-06-19 20:38:26.136  6908-7692  BatteryInfo             com.android.settings                 D  time for getBatteryInfo: 0ms
2025-06-19 20:38:26.136  6908-7692  BatteryTipLoader        com.android.settings                 D  BatteryInfoLoader.loadInBackground: 1ms
2025-06-19 20:38:26.141  6908-6908  ControllerRendererPool  com.android.settings                 D  Renderer is already there.
2025-06-19 20:38:26.141  6908-6908  ControllerRendererPool  com.android.settings                 D  Controller is already there.
2025-06-19 20:38:26.154  2259-7089  VoicemailNotifier       android.process.acore                I  receivers for android.intent.action.PROVIDER_CHANGED :[]
2025-06-19 20:38:26.165  2304-3586  Dialer                  com.android.dialer                   I  VvmActivationTask - VVM content provider configured - vvm_type_cvvm
2025-06-19 20:38:26.166  2304-3586  Dialer                  com.android.dialer                   I  OmtpVvmCarrierCfgHlpr - OmtpEvent:CONFIG_ACTIVATING
2025-06-19 20:38:26.170  6908-6921  ndroid.setting          com.android.settings                 I  Background concurrent copying GC freed 4008(535KB) AllocSpace objects, 1(268KB) LOS objects, 49% free, 7412KB/14MB, paused 348us total 241.890ms
2025-06-19 20:38:26.181  2259-7089  VoicemailNotifier       android.process.acore                I  receivers for android.intent.action.PROVIDER_CHANGED :[]
2025-06-19 20:38:26.190  7111-7193  Finsky                  com.android.vending                  I  [489] asbf.run(345): UCtl: For package com.google.android.deskclock, first update discovery timestamp is set to 2025-06-19T17:38:25.360919Z
2025-06-19 20:38:26.191  7111-7193  Finsky                  com.android.vending                  I  [489] asbf.run(488): UCtl: Package com.google.android.deskclock client staleness timestamp changed from 1970-01-01T00:00:00Z to 2025-06-19T17:38:26.098Z, available version changed from 0 to 76007130 or in-app update priority changed from 0 to 0, Server update discovery timestamp is changed from 1970-01-01T00:00:00Z to 2025-06-19T17:38:25.360919Z
2025-06-19 20:38:26.214  5666-5788  Icing                   com.google.android.gms               I  Indexing com.google.android.gms-apps from com.google.android.gms [CONTEXT service_id=21 ]
2025-06-19 20:38:26.215  5666-5788  Icing                   com.google.android.gms               I  Indexing done com.google.android.gms-apps [CONTEXT service_id=21 ]
2025-06-19 20:38:26.222  7111-7195  Finsky                  com.android.vending                  I  [493] asbf.run(345): UCtl: For package com.google.android.youtube, first update discovery timestamp is set to 2025-06-19T17:38:25.360919Z
2025-06-19 20:38:26.225  7240-7280  Finsky:background       com.android.vending                  W  [487] adxz.d(33): SLM: no metadata property com.android.vending.derived.apk.id found for shared library com.google.android.trichromelibrary_410410686:
2025-06-19 20:38:26.225  7240-7280  Finsky:background       com.android.vending                  W  [487] adxz.d(33): SLM: no metadata property com.android.vending.sdk.version.patch found for shared library com.google.android.trichromelibrary_410410686:
2025-06-19 20:38:26.231  7111-7195  Finsky                  com.android.vending                  I  [493] asbf.run(488): UCtl: Package com.google.android.youtube client staleness timestamp changed from 1970-01-01T00:00:00Z to 2025-06-19T17:38:26.122Z, available version changed from 0 to 1554648512 or in-app update priority changed from 0 to 0, Server update discovery timestamp is changed from 1970-01-01T00:00:00Z to 2025-06-19T17:38:25.360919Z
2025-06-19 20:38:26.236  7297-7297  Compatibil...geReporter com.android.vending                  D  Compat change id reported: 119147584; UID 10107; state: ENABLED
2025-06-19 20:38:26.241  7111-7198  Finsky                  com.android.vending                  I  [495] asbf.run(345): UCtl: For package com.google.android.ims, first update discovery timestamp is set to 2025-06-19T17:38:25.360919Z
2025-06-19 20:38:26.241  7111-7198  Finsky                  com.android.vending                  I  [495] asbf.run(488): UCtl: Package com.google.android.ims client staleness timestamp changed from 1970-01-01T00:00:00Z to 2025-06-19T17:38:26.123Z, available version changed from 0 to 31144015 or in-app update priority changed from 0 to 0, Server update discovery timestamp is changed from 1970-01-01T00:00:00Z to 2025-06-19T17:38:25.360919Z
2025-06-19 20:38:26.251  2557-2576  JavaBinder              com.google.android.ims               W  BinderProxy is being destroyed but the application did not call unlinkToDeath to unlink all of its death recipients beforehand.  Releasing leaked death recipient: cvg
2025-06-19 20:38:26.251  2557-2576  BpBinder                com.google.android.ims               I  onLastStrongRef automatically unlinking death recipients: <uncached descriptor>
2025-06-19 20:38:26.262  7111-7182  Finsky                  com.android.vending                  I  [484] asbf.run(345): UCtl: For package com.google.android.gms, first update discovery timestamp is set to 2025-06-19T17:38:25.360919Z
2025-06-19 20:38:26.263  7111-7182  Finsky                  com.android.vending                  I  [484] asbf.run(488): UCtl: Package com.google.android.gms client staleness timestamp changed from 1970-01-01T00:00:00Z to 2025-06-19T17:38:26.123Z, available version changed from 0 to 252234026 or in-app update priority changed from 0 to 0, Server update discovery timestamp is changed from 1970-01-01T00:00:00Z to 2025-06-19T17:38:25.360919Z
2025-06-19 20:38:26.264  5923-5969  GCoreUlr                com.google.android.gms.persistent    I  DispatchingService ignoring Intent { act=android.net.wifi.WIFI_STATE_CHANGED flg=0x4000010 (has extras) } because ULR inactive
2025-06-19 20:38:26.270  5923-5969  GCoreUlr                com.google.android.gms.persistent    I  WorldUpdater received intent Intent { act=com.google.android.location.reporting.ACTION_UPDATE_WORLD cmp=com.google.android.gms/com.google.android.location.reporting.service.DispatchingService (has extras) } with receiverAction android.location.PROVIDERS_CHANGED
2025-06-19 20:38:26.280  5923-5969  GCoreUlr                com.google.android.gms.persistent    I  WorldUpdater:android.location.PROVIDERS_CHANGED: Ensuring that reporting is stopped because of reasons: (no Google accounts)
2025-06-19 20:38:26.281  7111-7193  Finsky                  com.android.vending                  I  [489] asbf.run(345): UCtl: For package com.google.android.gm, first update discovery timestamp is set to 2025-06-19T17:38:25.360919Z
2025-06-19 20:38:26.281  7111-7193  Finsky                  com.android.vending                  I  [489] asbf.run(488): UCtl: Package com.google.android.gm client staleness timestamp changed from 1970-01-01T00:00:00Z to 2025-06-19T17:38:26.261Z, available version changed from 0 to 65177068 or in-app update priority changed from 0 to 0, Server update discovery timestamp is changed from 1970-01-01T00:00:00Z to 2025-06-19T17:38:25.360919Z
2025-06-19 20:38:26.285  5923-5969  GCoreUlr                com.google.android.gms.persistent    I  Unbound from all signal providers.
2025-06-19 20:38:26.300  7111-7195  Finsky                  com.android.vending                  I  [493] asbf.run(345): UCtl: For package com.google.android.inputmethod.latin, first update discovery timestamp is set to 2025-06-19T17:38:25.360919Z
2025-06-19 20:38:26.300  7111-7195  Finsky                  com.android.vending                  I  [493] asbf.run(488): UCtl: Package com.google.android.inputmethod.latin client staleness timestamp changed from 1970-01-01T00:00:00Z to 2025-06-19T17:38:26.262Z, available version changed from 0 to 169352452 or in-app update priority changed from 0 to 0, Server update discovery timestamp is changed from 1970-01-01T00:00:00Z to 2025-06-19T17:38:25.360919Z
2025-06-19 20:38:26.302  5923-5969  GCoreUlr                com.google.android.gms.persistent    I  WorldUpdater received intent Intent { act=com.google.android.location.reporting.ACTION_UPDATE_WORLD cmp=com.google.android.gms/com.google.android.location.reporting.service.DispatchingService (has extras) } with receiverAction android.location.PROVIDERS_CHANGED
2025-06-19 20:38:26.312  7111-7198  Finsky                  com.android.vending                  I  [495] asbf.run(345): UCtl: For package com.google.android.apps.docs, first update discovery timestamp is set to 2025-06-19T17:38:25.360919Z
2025-06-19 20:38:26.313  5923-5969  GCoreUlr                com.google.android.gms.persistent    I  WorldUpdater:android.location.PROVIDERS_CHANGED: Ensuring that reporting is stopped because of reasons: (no Google accounts)
2025-06-19 20:38:26.313  7111-7198  Finsky                  com.android.vending                  I  [495] asbf.run(488): UCtl: Package com.google.android.apps.docs client staleness timestamp changed from 1970-01-01T00:00:00Z to 2025-06-19T17:38:26.262Z, available version changed from 0 to 214049530 or in-app update priority changed from 0 to 0, Server update discovery timestamp is changed from 1970-01-01T00:00:00Z to 2025-06-19T17:38:25.360919Z
2025-06-19 20:38:26.321  7111-7182  Finsky                  com.android.vending                  I  [484] asbf.run(345): UCtl: For package com.google.android.calendar, first update discovery timestamp is set to 2025-06-19T17:38:25.360919Z
2025-06-19 20:38:26.321  7111-7182  Finsky                  com.android.vending                  I  [484] asbf.run(488): UCtl: Package com.google.android.calendar client staleness timestamp changed from 1970-01-01T00:00:00Z to 2025-06-19T17:38:26.312Z, available version changed from 0 to 2017794540 or in-app update priority changed from 0 to 0, Server update discovery timestamp is changed from 1970-01-01T00:00:00Z to 2025-06-19T17:38:25.360919Z
2025-06-19 20:38:26.322  5923-5969  GCoreUlr                com.google.android.gms.persistent    I  Unbound from all signal providers.
2025-06-19 20:38:26.332  7111-7193  Finsky                  com.android.vending                  I  [489] asbf.run(345): UCtl: For package com.google.android.videos, first update discovery timestamp is set to 2025-06-19T17:38:25.360919Z
2025-06-19 20:38:26.332  7111-7193  Finsky                  com.android.vending                  I  [489] asbf.run(488): UCtl: Package com.google.android.videos client staleness timestamp changed from 1970-01-01T00:00:00Z to 2025-06-19T17:38:26.313Z, available version changed from 0 to 439364661 or in-app update priority changed from 0 to 0, Server update discovery timestamp is changed from 1970-01-01T00:00:00Z to 2025-06-19T17:38:25.360919Z
2025-06-19 20:38:26.341  5923-5923  GCoreUlr                com.google.android.gms.persistent    I  Unbound from all signal providers.
2025-06-19 20:38:26.341  5923-5923  GCoreUlr                com.google.android.gms.persistent    I  Stopping handler for UlrDispSvcFast
2025-06-19 20:38:26.348  7111-7195  Finsky                  com.android.vending                  I  [493] asbf.run(345): UCtl: For package com.google.android.apps.wallpaper, first update discovery timestamp is set to 2025-06-19T17:38:25.360919Z
2025-06-19 20:38:26.348  7111-7195  Finsky                  com.android.vending                  I  [493] asbf.run(488): UCtl: Package com.google.android.apps.wallpaper client staleness timestamp changed from 1970-01-01T00:00:00Z to 2025-06-19T17:38:26.313Z, available version changed from 0 to 200000010 or in-app update priority changed from 0 to 0, Server update discovery timestamp is changed from 1970-01-01T00:00:00Z to 2025-06-19T17:38:25.360919Z
2025-06-19 20:38:26.394  7111-7182  Finsky                  com.android.vending                  I  [484] ydw.accept(395): Outstanding updates status: [Pair{yzq@c611507 4}, Pair{yzq@ac1ec5d 4}, Pair{yzq@78429d2 4}, Pair{yzq@26ffaa3 4}, Pair{yzq@51d91a0 4}, Pair{yzq@1b5f159 4}, Pair{yzq@dd7111e 4}, Pair{yzq@6fd9dff 4}, Pair{yzq@25a27cc 4}, Pair{yzq@c4b4a15 4}, Pair{yzq@ddf212a 4}, Pair{yzq@4981b1b 4}, Pair{yzq@ee7f4b8 4}, Pair{yzq@3a37291 4}, Pair{yzq@6a625f6 4}, Pair{yzq@6934df7 4}, Pair{yzq@283a464 4}, Pair{yzq@77ba6cd 4}, Pair{yzq@c06ab82 4}]
2025-06-19 20:38:26.414  5273-6706  chromium                com.google.android.gms.ui            E  [ERROR:ssl_client_socket_impl.cc(959)] handshake failed; returned -1, SSL error code 1, net_error -101
2025-06-19 20:38:26.568  7240-7280  Finsky:background       com.android.vending                  W  [487] adxy.t(1147): Package com.android.apex.cts.shim not installed
2025-06-19 20:38:26.578  7240-7280  Finsky:background       com.android.vending                  W  [487] adxy.t(1147): Package com.android.i18n not installed
2025-06-19 20:38:26.582  7240-7280  Finsky:background       com.android.vending                  W  [487] adxy.t(1147): Package com.google.android.telephony not installed
2025-06-19 20:38:26.584  7240-7280  Finsky:background       com.android.vending                  W  [487] adxy.t(1147): Package com.google.android.runtime not installed
2025-06-19 20:38:26.586  7240-7280  Finsky:background       com.android.vending                  W  [487] adxy.t(1147): Package com.android.art not installed
2025-06-19 20:38:26.587  7240-7280  Finsky:background       com.android.vending                  W  [487] adxy.t(1147): Package com.google.android.vndk.v30 not installed
2025-06-19 20:38:26.594  7240-7280  Finsky:background       com.android.vending                  I  [487] xwm.apply(107): IQ::SLP: Requesting libraries [Name: com.google.android.trichromelibrary, version 715108937, type: 1] for package [Package:com.google.android.webview, isid:v0Tq_nEuTS2pb6hzQ5sppQ].
2025-06-19 20:38:26.597  7240-7280  Finsky:background       com.android.vending                  I  [487] xwm.apply(107): IQ::SLP: Requesting libraries [Name: com.google.android.trichromelibrary, version 715111537, type: 1] for package [Package:com.android.chrome, isid:yWy-EgsSTfKJmWmBaF5iiQ].
2025-06-19 20:38:26.667  7240-7280  Finsky:background       com.android.vending                  I  [487] xvj.l(70): IQ: Scheduling install request package_name=com.google.android.apps.wellbeing, pm_package_name=com.google.android.apps.wellbeing, version=724317, priority=3, reason=auto_update, account_name=, type=0, isid=mF39p2rNTH-y7CR8el22vw, constraints=((REQ_CHARGING, REQ_DEVICE_IDLE, REQ_GEARHEAD_PROJECTION_OFF, NETWORK=UNMETERED, PROVISIONING_STATE=PROVISIONED, BACKUP_MANAGER_STATE=BACKUP_READY),(REQ_DEVICE_IDLE, REQ_GEARHEAD_PROJECTION_OFF, MIN_BATTERY=20, SHOULD_APPLY_BUDGET=true, NETWORK=UNMETERED, PROVISIONING_STATE=PROVISIONED, BACKUP_MANAGER_STATE=BACKUP_READY, TIME=[2025-06-19T22:00:00Z-2025-06-20T01:00:00Z]),)
2025-06-19 20:38:26.667  7240-7280  Finsky:background       com.android.vending                  I  [487] xvj.l(70): IQ: Scheduling install request package_name=com.google.android.partnersetup, pm_package_name=com.google.android.partnersetup, version=5053, priority=3, reason=auto_update, account_name=, type=0, isid=AeGUYqvOTYiqrjmC21LoSA, constraints=((REQ_CHARGING, REQ_DEVICE_IDLE, REQ_GEARHEAD_PROJECTION_OFF, NETWORK=UNMETERED, PROVISIONING_STATE=PROVISIONED, BACKUP_MANAGER_STATE=BACKUP_READY),(REQ_DEVICE_IDLE, REQ_GEARHEAD_PROJECTION_OFF, MIN_BATTERY=20, SHOULD_APPLY_BUDGET=true, NETWORK=UNMETERED, PROVISIONING_STATE=PROVISIONED, BACKUP_MANAGER_STATE=BACKUP_READY, TIME=[2025-06-19T22:00:00Z-2025-06-20T01:00:00Z]),)
2025-06-19 20:38:26.667  7240-7280  Finsky:background       com.android.vending                  I  [487] xvj.l(70): IQ: Scheduling install request package_name=com.google.android.tts, pm_package_name=com.google.android.tts, version=210563956, priority=3, reason=auto_update, account_name=, type=0, isid=9fjkZI_uRCK8jsfEcwjobQ, constraints=((REQ_CHARGING, REQ_DEVICE_IDLE, REQ_GEARHEAD_PROJECTION_OFF, NETWORK=UNMETERED, PROVISIONING_STATE=PROVISIONED, BACKUP_MANAGER_STATE=BACKUP_READY),(REQ_DEVICE_IDLE, REQ_GEARHEAD_PROJECTION_OFF, MIN_BATTERY=20, SHOULD_APPLY_BUDGET=true, NETWORK=UNMETERED, PROVISIONING_STATE=PROVISIONED, BACKUP_MANAGER_STATE=BACKUP_READY, TIME=[2025-06-19T22:00:00Z-2025-06-20T01:00:00Z]),)
2025-06-19 20:38:26.667  7240-7280  Finsky:background       com.android.vending                  I  [487] xvj.l(70): IQ: Scheduling install request package_name=com.google.android.deskclock, pm_package_name=com.google.android.deskclock, version=76007130, priority=3, reason=auto_update, account_name=, type=0, isid=YhqQwYaPQ76zwoe1i6CUGg, constraints=((REQ_CHARGING, REQ_DEVICE_IDLE, REQ_GEARHEAD_PROJECTION_OFF, NETWORK=UNMETERED, PROVISIONING_STATE=PROVISIONED, BACKUP_MANAGER_STATE=BACKUP_READY),(REQ_DEVICE_IDLE, REQ_GEARHEAD_PROJECTION_OFF, MIN_BATTERY=20, SHOULD_APPLY_BUDGET=true, NETWORK=UNMETERED, PROVISIONING_STATE=PROVISIONED, BACKUP_MANAGER_STATE=BACKUP_READY, TIME=[2025-06-19T22:00:00Z-2025-06-20T01:00:00Z]),)
2025-06-19 20:38:26.667  7240-7280  Finsky:background       com.android.vending                  I  [487] xvj.l(70): IQ: Scheduling install request package_name=com.google.android.apps.photos, pm_package_name=com.google.android.apps.photos, version=50244012, priority=3, reason=auto_update, account_name=, type=0, isid=HrSXHtqGRMGMxeBOUk--mg, constraints=((REQ_CHARGING, REQ_DEVICE_IDLE, REQ_GEARHEAD_PROJECTION_OFF, NETWORK=UNMETERED, PROVISIONING_STATE=PROVISIONED, BACKUP_MANAGER_STATE=BACKUP_READY),(REQ_DEVICE_IDLE, REQ_GEARHEAD_PROJECTION_OFF, MIN_BATTERY=20, SHOULD_APPLY_BUDGET=true, NETWORK=UNMETERED, PROVISIONING_STATE=PROVISIONED, BACKUP_MANAGER_STATE=BACKUP_READY, TIME=[2025-06-19T22:00:00Z-2025-06-20T01:00:00Z]),)
2025-06-19 20:38:26.667  7240-7280  Finsky:background       com.android.vending                  I  [487] xvj.l(70): IQ: Scheduling install request package_name=com.google.android.apps.maps, pm_package_name=com.google.android.apps.maps, version=1068106458, priority=3, reason=auto_update, account_name=, type=0, isid=1puaqJ-VR16ubi7eF9UFTA, constraints=((REQ_CHARGING, REQ_DEVICE_IDLE, REQ_GEARHEAD_PROJECTION_OFF, NETWORK=UNMETERED, PROVISIONING_STATE=PROVISIONED, BACKUP_MANAGER_STATE=BACKUP_READY),(REQ_DEVICE_IDLE, REQ_GEARHEAD_PROJECTION_OFF, MIN_BATTERY=20, SHOULD_APPLY_BUDGET=true, NETWORK=UNMETERED, PROVISIONING_STATE=PROVISIONED, BACKUP_MANAGER_STATE=BACKUP_READY, TIME=[2025-06-19T22:00:00Z-2025-06-20T01:00:00Z]),)
2025-06-19 20:38:26.667  7240-7280  Finsky:background       com.android.vending                  I  [487] xvj.l(70): IQ: Scheduling install request package_name=com.google.android.apps.tachyon, pm_package_name=com.google.android.apps.tachyon, version=6297767, priority=3, reason=auto_update, account_name=, type=0, isid=WBmyY7M7Q36aWT_F9Vxb4Q, constraints=((REQ_CHARGING, REQ_DEVICE_IDLE, REQ_GEARHEAD_PROJECTION_OFF, NETWORK=UNMETERED, PROVISIONING_STATE=PROVISIONED, BACKUP_MANAGER_STATE=BACKUP_READY),(REQ_DEVICE_IDLE, REQ_GEARHEAD_PROJECTION_OFF, MIN_BATTERY=20, SHOULD_APPLY_BUDGET=true, NETWORK=UNMETERED, PROVISIONING_STATE=PROVISIONED, BACKUP_MANAGER_STATE=BACKUP_READY, TIME=[2025-06-19T22:00:00Z-2025-06-20T01:00:00Z]),)
2025-06-19 20:38:26.667  7240-7280  Finsky:background       com.android.vending                  I  [487] xvj.l(70): IQ: Scheduling install request package_name=com.google.android.ims, pm_package_name=com.google.android.ims, version=31144015, priority=3, reason=auto_update, account_name=, type=0, isid=SfbvS_48R3G6f8uqqujG-w, constraints=((REQ_CHARGING, REQ_DEVICE_IDLE, REQ_GEARHEAD_PROJECTION_OFF, NETWORK=UNMETERED, PROVISIONING_STATE=PROVISIONED, BACKUP_MANAGER_STATE=BACKUP_READY),(REQ_DEVICE_IDLE, REQ_GEARHEAD_PROJECTION_OFF, MIN_BATTERY=20, SHOULD_APPLY_BUDGET=true, NETWORK=UNMETERED, PROVISIONING_STATE=PROVISIONED, BACKUP_MANAGER_STATE=BACKUP_READY, TIME=[2025-06-19T22:00:00Z-2025-06-20T01:00:00Z]),)
2025-06-19 20:38:26.668  7240-7280  Finsky:background       com.android.vending                  I  [487] xvj.l(70): IQ: Scheduling install request package_name=com.google.android.apps.messaging, pm_package_name=com.google.android.apps.messaging, version=280825063, priority=3, reason=auto_update, account_name=, type=0, isid=142N46UdSTOZOd2_8lHokA, constraints=((REQ_CHARGING, REQ_DEVICE_IDLE, REQ_GEARHEAD_PROJECTION_OFF, NETWORK=UNMETERED, PROVISIONING_STATE=PROVISIONED, BACKUP_MANAGER_STATE=BACKUP_READY),(REQ_DEVICE_IDLE, REQ_GEARHEAD_PROJECTION_OFF, MIN_BATTERY=20, SHOULD_APPLY_BUDGET=true, NETWORK=UNMETERED, PROVISIONING_STATE=PROVISIONED, BACKUP_MANAGER_STATE=BACKUP_READY, TIME=[2025-06-19T22:00:00Z-2025-06-20T01:00:00Z]),)
2025-06-19 20:38:26.668  7240-7280  Finsky:background       com.android.vending                  I  [487] xvj.l(70): IQ: Scheduling install request package_name=com.google.android.googlequicksearchbox, pm_package_name=com.google.android.googlequicksearchbox, version=301536668, priority=1, reason=rapid_auto_update, account_name=, type=0, isid=3dtdgDxpRMak8imSL4Fu7A, constraints=((REQ_GEARHEAD_PROJECTION_OFF, NETWORK=ANY, PROVISIONING_STATE=PROVISIONED, BACKUP_MANAGER_STATE=BACKUP_READY),)
2025-06-19 20:38:26.668  7240-7280  Finsky:background       com.android.vending                  I  [487] xvj.l(70): IQ: Scheduling install request package_name=com.google.android.apps.youtube.music, pm_package_name=com.google.android.apps.youtube.music, version=82351280, priority=1, reason=rapid_auto_update, account_name=, type=0, isid=Y5S2bg7mQyaUtC4q_QtcAg, constraints=((REQ_GEARHEAD_PROJECTION_OFF, NETWORK=ANY, PROVISIONING_STATE=PROVISIONED, BACKUP_MANAGER_STATE=BACKUP_READY),)
2025-06-19 20:38:26.669  7240-7280  Finsky:background       com.android.vending                  I  [487] xvj.l(70): IQ: Scheduling install request package_name=com.google.android.webview, pm_package_name=com.google.android.webview, version=715108937, priority=2, reason=auto_update, account_name=, type=0, isid=v0Tq_nEuTS2pb6hzQ5sppQ, group_info=com.google.android.webview:715108937:899195093, package_install_infos=com.google.android.webview:715108937,com.google.android.trichromelibrary:715108937, constraints=((REQ_CHARGING, REQ_DEVICE_IDLE, REQ_GEARHEAD_PROJECTION_OFF, NETWORK=UNMETERED, PROVISIONING_STATE=PROVISIONED, BACKUP_MANAGER_STATE=BACKUP_READY, PROCESS_IMPORTANCE_THRESHOLD=125),(REQ_CHARGING, REQ_DEVICE_IDLE, REQ_GEARHEAD_PROJECTION_OFF, NETWORK=UNMETERED, PROVISIONING_STATE=PROVISIONED, BACKUP_MANAGER_STATE=BACKUP_READY, PROCESS_IMPORTANCE_THRESHOLD=125),)
2025-06-19 20:38:26.669  7240-7280  Finsky:background       com.android.vending                  I  [487] xvj.l(70): IQ: Scheduling install request package_name=com.android.chrome, pm_package_name=com.android.chrome, version=715111537, priority=3, reason=auto_update, account_name=, type=0, isid=yWy-EgsSTfKJmWmBaF5iiQ, group_info=com.android.chrome:715111537:1467224245, package_install_infos=com.android.chrome:715111537,com.google.android.trichromelibrary:715111537, constraints=((REQ_CHARGING, REQ_DEVICE_IDLE, REQ_GEARHEAD_PROJECTION_OFF, NETWORK=UNMETERED, PROVISIONING_STATE=PROVISIONED, BACKUP_MANAGER_STATE=BACKUP_READY),(REQ_DEVICE_IDLE, REQ_GEARHEAD_PROJECTION_OFF, MIN_BATTERY=20, SHOULD_APPLY_BUDGET=true, NETWORK=UNMETERED, PROVISIONING_STATE=PROVISIONED, BACKUP_MANAGER_STATE=BACKUP_READY, TIME=[2025-06-19T22:00:00Z-2025-06-20T01:00:00Z]),(REQ_CHARGING, REQ_DEVICE_IDLE, REQ_GEARHEAD_PROJECTION_OFF, NETWORK=UNMETERED, PROVISIONING_STATE=PROVISIONED, BACKUP_MANAGER_STATE=BACKUP_READY),(REQ_DEVICE_IDLE, REQ_GEARHEAD_PROJECTION_OFF, MIN_BATTERY=20, SHOULD_APPLY_BUDGET=true, NETWORK=UNMETERED, PROVISIONING_STATE=PROVISIONED, BACKUP_MANAGER_STATE=BACKUP_READY, TIME=[2025-06-19T22:00:00Z-2025-06-20T01:00:00Z]),)
2025-06-19 20:38:26.669  7240-7280  Finsky:background       com.android.vending                  I  [487] xvj.l(70): IQ: Scheduling install request package_name=com.google.android.apps.docs, pm_package_name=com.google.android.apps.docs, version=214049530, priority=3, reason=auto_update, account_name=, type=0, isid=YRwLhtwHQa6JUupHIfhI1w, constraints=((REQ_CHARGING, REQ_DEVICE_IDLE, REQ_GEARHEAD_PROJECTION_OFF, NETWORK=UNMETERED, PROVISIONING_STATE=PROVISIONED, BACKUP_MANAGER_STATE=BACKUP_READY),(REQ_DEVICE_IDLE, REQ_GEARHEAD_PROJECTION_OFF, MIN_BATTERY=20, SHOULD_APPLY_BUDGET=true, NETWORK=UNMETERED, PROVISIONING_STATE=PROVISIONED, BACKUP_MANAGER_STATE=BACKUP_READY, TIME=[2025-06-19T22:00:00Z-2025-06-20T01:00:00Z]),)
2025-06-19 20:38:26.670  7240-7280  Finsky:background       com.android.vending                  I  [487] xvj.l(70): IQ: Scheduling install request package_name=com.google.android.youtube, pm_package_name=com.google.android.youtube, version=1554648512, priority=1, reason=rapid_auto_update, account_name=, type=0, isid=8fjx95F4QtKw5VQzFgZyqg, constraints=((REQ_GEARHEAD_PROJECTION_OFF, NETWORK=ANY, PROVISIONING_STATE=PROVISIONED, BACKUP_MANAGER_STATE=BACKUP_READY),)
2025-06-19 20:38:26.670  7240-7280  Finsky:background       com.android.vending                  I  [487] xvj.l(70): IQ: Scheduling install request package_name=com.google.android.gms, pm_package_name=com.google.android.gms, version=252234026, priority=2, reason=auto_update, account_name=, type=0, isid=gv4UNgCsQweFbXNWWpv2zw, constraints=((REQ_GEARHEAD_PROJECTION_OFF, NETWORK=ANY, PROVISIONING_STATE=PROVISIONED, BACKUP_MANAGER_STATE=BACKUP_READY, PROCESS_IMPORTANCE_THRESHOLD=125),)
2025-06-19 20:38:26.673  7240-7280  Finsky:background       com.android.vending                  I  [487] xvj.l(70): IQ: Scheduling install request package_name=com.google.android.videos, pm_package_name=com.google.android.videos, version=439364661, priority=3, reason=auto_update, account_name=, type=0, isid=xZxZukKOTzKKZL8Akoemqg, constraints=((REQ_CHARGING, REQ_DEVICE_IDLE, REQ_GEARHEAD_PROJECTION_OFF, NETWORK=UNMETERED, PROVISIONING_STATE=PROVISIONED, BACKUP_MANAGER_STATE=BACKUP_READY),(REQ_DEVICE_IDLE, REQ_GEARHEAD_PROJECTION_OFF, MIN_BATTERY=20, SHOULD_APPLY_BUDGET=true, NETWORK=UNMETERED, PROVISIONING_STATE=PROVISIONED, BACKUP_MANAGER_STATE=BACKUP_READY, TIME=[2025-06-19T22:00:00Z-2025-06-20T01:00:00Z]),)
2025-06-19 20:38:26.674  7240-7280  Finsky:background       com.android.vending                  I  [487] xvj.l(70): IQ: Scheduling install request package_name=com.google.android.apps.wallpaper, pm_package_name=com.google.android.apps.wallpaper, version=200000010, priority=3, reason=auto_update, account_name=, type=0, isid=4l5VUCf0SVaqOjZh-OzTbg, constraints=((REQ_CHARGING, REQ_DEVICE_IDLE, REQ_GEARHEAD_PROJECTION_OFF, NETWORK=UNMETERED, PROVISIONING_STATE=PROVISIONED, BACKUP_MANAGER_STATE=BACKUP_READY),(REQ_DEVICE_IDLE, REQ_GEARHEAD_PROJECTION_OFF, MIN_BATTERY=20, SHOULD_APPLY_BUDGET=true, NETWORK=UNMETERED, PROVISIONING_STATE=PROVISIONED, BACKUP_MANAGER_STATE=BACKUP_READY, TIME=[2025-06-19T22:00:00Z-2025-06-20T01:00:00Z]),)
2025-06-19 20:38:26.674  7240-7280  Finsky:background       com.android.vending                  I  [487] xvj.l(70): IQ: Scheduling install request package_name=com.google.android.gm, pm_package_name=com.google.android.gm, version=65177068, priority=3, reason=auto_update, account_name=, type=0, isid=e2WOsrDCQaOcq8KwCK1Wwg, constraints=((REQ_CHARGING, REQ_DEVICE_IDLE, REQ_GEARHEAD_PROJECTION_OFF, NETWORK=UNMETERED, PROVISIONING_STATE=PROVISIONED, BACKUP_MANAGER_STATE=BACKUP_READY),(REQ_DEVICE_IDLE, REQ_GEARHEAD_PROJECTION_OFF, MIN_BATTERY=20, SHOULD_APPLY_BUDGET=true, NETWORK=UNMETERED, PROVISIONING_STATE=PROVISIONED, BACKUP_MANAGER_STATE=BACKUP_READY, TIME=[2025-06-19T22:00:00Z-2025-06-20T01:00:00Z]),)
2025-06-19 20:38:26.674  7240-7280  Finsky:background       com.android.vending                  I  [487] xvj.l(70): IQ: Scheduling install request package_name=com.google.android.inputmethod.latin, pm_package_name=com.google.android.inputmethod.latin, version=169352452, priority=3, reason=auto_update, account_name=, type=0, isid=qlBTeGJLQpyiX0FQJ09ouA, constraints=((REQ_CHARGING, REQ_DEVICE_IDLE, REQ_GEARHEAD_PROJECTION_OFF, NETWORK=UNMETERED, PROVISIONING_STATE=PROVISIONED, BACKUP_MANAGER_STATE=BACKUP_READY),(REQ_DEVICE_IDLE, REQ_GEARHEAD_PROJECTION_OFF, MIN_BATTERY=20, SHOULD_APPLY_BUDGET=true, NETWORK=UNMETERED, PROVISIONING_STATE=PROVISIONED, BACKUP_MANAGER_STATE=BACKUP_READY, TIME=[2025-06-19T22:00:00Z-2025-06-20T01:00:00Z]),)
2025-06-19 20:38:26.674  7240-7280  Finsky:background       com.android.vending                  I  [487] xvj.l(70): IQ: Scheduling install request package_name=com.google.android.calendar, pm_package_name=com.google.android.calendar, version=2017794540, priority=3, reason=auto_update, account_name=, type=0, isid=OdzziQ8JRZOT0XKe2XEdAg, constraints=((REQ_CHARGING, REQ_DEVICE_IDLE, REQ_GEARHEAD_PROJECTION_OFF, NETWORK=UNMETERED, PROVISIONING_STATE=PROVISIONED, BACKUP_MANAGER_STATE=BACKUP_READY),(REQ_DEVICE_IDLE, REQ_GEARHEAD_PROJECTION_OFF, MIN_BATTERY=20, SHOULD_APPLY_BUDGET=true, NETWORK=UNMETERED, PROVISIONING_STATE=PROVISIONED, BACKUP_MANAGER_STATE=BACKUP_READY, TIME=[2025-06-19T22:00:00Z-2025-06-20T01:00:00Z]),)
2025-06-19 20:38:26.712  7240-7288  Finsky:background       com.android.vending                  I  [494] xvj.O(58): IQ: Notifying installation update. [Package:com.google.android.youtube, isid:8fjx95F4QtKw5VQzFgZyqg], status=SCHEDULED, status_code=0, reason=rapid_auto_update, tsc=PT1.788S, attempt=0
2025-06-19 20:38:26.728  7240-7240  Finsky:background       com.android.vending                  I  [2] agrl.iY(56): PIM: Ignore install package event for: com.google.android.youtube, isid: 8fjx95F4QtKw5VQzFgZyqg
2025-06-19 20:38:26.731  7111-7111  Endpoint                com.android.vending                  I  Created gRPC endpoint for service class com.google.frameworks.client.data.android.server.play.MainProcessEndpointService
2025-06-19 20:38:26.734  7240-7288  Finsky:background       com.android.vending                  I  [494] xvj.O(58): IQ: Notifying installation update. [Package:com.google.android.googlequicksearchbox, isid:3dtdgDxpRMak8imSL4Fu7A], status=SCHEDULED, status_code=0, reason=rapid_auto_update, tsc=PT1.86S, attempt=0
2025-06-19 20:38:26.748  7240-7240  Finsky:background       com.android.vending                  I  [2] agrl.iY(56): PIM: Ignore install package event for: com.google.android.googlequicksearchbox, isid: 3dtdgDxpRMak8imSL4Fu7A
2025-06-19 20:38:26.752  7240-7288  Finsky:background       com.android.vending                  I  [494] xvj.O(58): IQ: Notifying installation update. [Package:com.google.android.apps.messaging, isid:142N46UdSTOZOd2_8lHokA], status=SCHEDULED, status_code=0, reason=auto_update, tsc=PT1.89S, attempt=0
2025-06-19 20:38:26.762  7240-7240  Finsky:background       com.android.vending                  I  [2] agrl.iY(56): PIM: Ignore install package event for: com.google.android.apps.messaging, isid: 142N46UdSTOZOd2_8lHokA
2025-06-19 20:38:26.764  7240-7288  Finsky:background       com.android.vending                  I  [494] xvj.O(58): IQ: Notifying installation update. [Package:com.google.android.deskclock, isid:YhqQwYaPQ76zwoe1i6CUGg], status=SCHEDULED, status_code=0, reason=auto_update, tsc=PT2.034S, attempt=0
2025-06-19 20:38:26.774  7240-7240  Finsky:background       com.android.vending                  I  [2] agrl.iY(56): PIM: Ignore install package event for: com.google.android.deskclock, isid: YhqQwYaPQ76zwoe1i6CUGg
2025-06-19 20:38:26.776  7240-7288  Finsky:background       com.android.vending                  I  [494] xvj.O(58): IQ: Notifying installation update. [Package:com.google.android.gm, isid:e2WOsrDCQaOcq8KwCK1Wwg], status=SCHEDULED, status_code=0, reason=auto_update, tsc=PT1.826S, attempt=0
2025-06-19 20:38:26.785  7240-7240  Finsky:background       com.android.vending                  I  [2] agrl.iY(56): PIM: Ignore install package event for: com.google.android.gm, isid: e2WOsrDCQaOcq8KwCK1Wwg
2025-06-19 20:38:26.788  7240-7288  Finsky:background       com.android.vending                  I  [494] xvj.O(58): IQ: Notifying installation update. [Package:com.google.android.apps.tachyon, isid:WBmyY7M7Q36aWT_F9Vxb4Q], status=SCHEDULED, status_code=0, reason=auto_update, tsc=PT1.971S, attempt=0
2025-06-19 20:38:26.798  7240-7240  Finsky:background       com.android.vending                  I  [2] agrl.iY(56): PIM: Ignore install package event for: com.google.android.apps.tachyon, isid: WBmyY7M7Q36aWT_F9Vxb4Q
2025-06-19 20:38:26.800  7240-7288  Finsky:background       com.android.vending                  I  [494] xvj.O(58): IQ: Notifying installation update. [Package:com.google.android.apps.wellbeing, isid:mF39p2rNTH-y7CR8el22vw], status=SCHEDULED, status_code=0, reason=auto_update, tsc=PT2.237S, attempt=0
2025-06-19 20:38:26.810  7240-7240  Finsky:background       com.android.vending                  I  [2] agrl.iY(56): PIM: Ignore install package event for: com.google.android.apps.wellbeing, isid: mF39p2rNTH-y7CR8el22vw
2025-06-19 20:38:26.812  7240-7288  Finsky:background       com.android.vending                  I  [494] xvj.O(58): IQ: Notifying installation update. [Package:com.google.android.apps.docs, isid:YRwLhtwHQa6JUupHIfhI1w], status=SCHEDULED, status_code=0, reason=auto_update, tsc=PT1.9S, attempt=0
2025-06-19 20:38:26.823  7240-7240  Finsky:background       com.android.vending                  I  [2] agrl.iY(56): PIM: Ignore install package event for: com.google.android.apps.docs, isid: YRwLhtwHQa6JUupHIfhI1w
2025-06-19 20:38:26.826  7240-7288  Finsky:background       com.android.vending                  I  [494] xvj.O(58): IQ: Notifying installation update. [Package:com.google.android.apps.maps, isid:1puaqJ-VR16ubi7eF9UFTA], status=SCHEDULED, status_code=0, reason=auto_update, tsc=PT2.036S, attempt=0
2025-06-19 20:38:26.838  7240-7240  Finsky:background       com.android.vending                  I  [2] agrl.iY(56): PIM: Ignore install package event for: com.google.android.apps.maps, isid: 1puaqJ-VR16ubi7eF9UFTA
2025-06-19 20:38:26.852  7240-7288  Finsky:background       com.android.vending                  I  [494] xvj.O(58): IQ: Notifying installation update. [Package:com.google.android.webview, isid:v0Tq_nEuTS2pb6hzQ5sppQ], status=SCHEDULED, status_code=0, reason=auto_update, tsc=PT1.962S, attempt=0
2025-06-19 20:38:26.861  7240-7240  Finsky:background       com.android.vending                  I  [2] agrl.iY(56): PIM: Ignore install package event for: com.google.android.webview, isid: v0Tq_nEuTS2pb6hzQ5sppQ
