2025-06-19 20:38:42.500  7111-7111  Finsky                  com.android.vending                  I  [2] akjs.apply(400): IQ::HLD: if pauseAppUpdates is called now, it must wait for these ongoing installs: [[Package:com.google.android.googlequicksearchbox, isid:3dtdgDxpRMak8imSL4Fu7A]]
2025-06-19 20:38:42.500  7111-7111  Finsky                  com.android.vending                  I  [2] akjs.apply(400): IQ::HLD: if pauseAppUpdates is called now, it must wait for these ongoing installs: [[Package:com.google.android.googlequicksearchbox, isid:3dtdgDxpRMak8imSL4Fu7A]]
2025-06-19 20:38:42.517  7240-7240  Finsky:background       com.android.vending                  I  [2] agrl.iY(56): PIM: Ignore install package event for: com.google.android.googlequicksearchbox, isid: 3dtdgDxpRMak8imSL4Fu7A
2025-06-19 20:38:42.523  7111-7111  Finsky                  com.android.vending                  I  [2] akjs.apply(400): IQ::HLD: if pauseAppUpdates is called now, it must wait for these ongoing installs: [[Package:com.google.android.googlequicksearchbox, isid:3dtdgDxpRMak8imSL4Fu7A]]
2025-06-19 20:38:42.600  7240-7754  Finsky:background       com.android.vending                  E  [551] slj.b(8): CronetDownloader: onFailed
                                                                                                    org.chromium.net.impl.NetworkExceptionImpl: Exception in CronetUrlRequest: net::ERR_SSL_PROTOCOL_ERROR, ErrorCode=11, InternalErrorCode=-107, Retryable=false
                                                                                                    	at org.chromium.net.impl.CronetUrlRequest.onError(PG:66)
2025-06-19 20:38:42.601  7240-7403  Finsky:background       com.android.vending                  E  [520] sln.a(518): DS::CD: Retrying download <8:RUNNING:65%[65%]> after 6000 millis. Already tried 1 times.
                                                                                                    com.google.android.finsky.downloadservicecommon.DownloadServiceException: Download Service Error: HTTP_DATA_ERROR (5)
                                                                                                    	at slj.b(PG:63)
                                                                                                    	at bqvt.b(PG:3)
                                                                                                    	at bpdg.run(PG:128)
                                                                                                    	at java.util.concurrent.ThreadPoolExecutor.runWorker(ThreadPoolExecutor.java:1167)
                                                                                                    	at java.util.concurrent.ThreadPoolExecutor$Worker.run(ThreadPoolExecutor.java:641)
                                                                                                    	at belf.run(PG:59)
                                                                                                    	at java.lang.Thread.run(Thread.java:923)
                                                                                                    Caused by: org.chromium.net.impl.NetworkExceptionImpl: Exception in CronetUrlRequest: net::ERR_SSL_PROTOCOL_ERROR, ErrorCode=11, InternalErrorCode=-107, Retryable=false
                                                                                                    	at org.chromium.net.impl.CronetUrlRequest.onError(PG:66)
2025-06-19 20:38:42.601  7240-7403  Finsky:background       com.android.vending                  I  [520] sln.a(658): DS: Queuing download (request id: 8) for retry
2025-06-19 20:38:42.611  7240-7403  Finsky:background       com.android.vending                  I  [520] smd.h(46): Scheduling retry after 5990 milliseconds.
2025-06-19 20:38:42.611  7240-7403  Finsky:background       com.android.vending                  I  [520] smf.a(9): DS::ISM: Scheduling download retry; job latency: PT5.99S
2025-06-19 20:38:42.612  7240-7403  Finsky:background       com.android.vending                  I  [520] bbvg.e(41): SCH: Received scheduling request: Id: 40-9999, Constraints: [{ L: 5990, D: 86405990, C: CHARGING_NONE, I: IDLE_NONE, N: NET_NONE, B: BATTERY_ANY }]
2025-06-19 20:38:42.612  7240-7403  Finsky:background       com.android.vending                  I  [520] smt.c(111): DSC::L: Update all listeners for download <8:QUEUED with WAITING_FOR_RETRY:96%[96%]> in group com.google.android.googlequicksearchbox:3dtdgDxpRMak8imSL4Fu7A
2025-06-19 20:38:42.613  7240-7403  Finsky:background       com.android.vending                  I  [520] smt.c(153): DSC::L: Updating listener sgt@d22c422 for download <8:QUEUED with WAITING_FOR_RETRY:96%[96%]>
2025-06-19 20:38:42.613  7240-7403  Finsky:background       com.android.vending                  I  [520] smt.c(153): DSC::L: Updating listener DownloadServiceManagerListener::qwb@129a404 for download <8:QUEUED with WAITING_FOR_RETRY:96%[96%]>
2025-06-19 20:38:42.613  7240-7403  Finsky:background       com.android.vending                  I  [520] smt.c(153): DSC::L: Updating listener DownloadServiceManagerListener::ahuw@6ccb57a for download <8:QUEUED with WAITING_FOR_RETRY:96%[96%]>
2025-06-19 20:38:42.613  7240-7403  Finsky:background       com.android.vending                  I  [520] ahuw.f(15): DS: Received onProgress request_id=8
2025-06-19 20:38:42.614  7240-7403  Finsky:background       com.android.vending                  I  [520] bqrp.h(78): RM: receive resource status onProgress download_request_id=8, group_id=com.google.android.googlequicksearchbox.apk reason: rapid_auto_update isid: 3dtdgDxpRMak8imSL4Fu7A, status_code=RESOURCE_STATUS_PENDING, legacy_status_code=194, size: 70876656/73461245
2025-06-19 20:38:42.614  7240-7403  Finsky:background       com.android.vending                  I  [520] atel.n(32): DS::IDC: updateWith: <8:QUEUED with WAITING_FOR_RETRY:96%[96%]>
2025-06-19 20:38:42.614  7240-7403  Finsky:background       com.android.vending                  I  [520] atel.n(186): DS::IDC: All invisible downloads are finished.
2025-06-19 20:38:42.614  7240-7403  Finsky:background       com.android.vending                  I  [520] smf.c(6): DS::ISM: Stopping invisible download job
2025-06-19 20:38:42.615  7240-7279  Finsky:background       com.android.vending                  I  [486] bemt.m(13): DSC: getDownload(8)
2025-06-19 20:38:42.616  7240-7284  Finsky:background       com.android.vending                  I  [491] sjg.i(15): DS: getDownload(request_id=8)
2025-06-19 20:38:42.616  7240-7403  Finsky:background       com.android.vending                  I  [520] smd.h(46): Scheduling retry after 5985 milliseconds.
2025-06-19 20:38:42.617  7240-7403  Finsky:background       com.android.vending                  I  [520] smf.a(9): DS::ISM: Scheduling download retry; job latency: PT5.985S
2025-06-19 20:38:42.617  7240-7403  Finsky:background       com.android.vending                  I  [520] bbvg.e(41): SCH: Received scheduling request: Id: 40-9999, Constraints: [{ L: 5985, D: 86405985, C: CHARGING_NONE, I: IDLE_NONE, N: NET_NONE, B: BATTERY_ANY }]
2025-06-19 20:38:42.622  7240-7296  Finsky:background       com.android.vending                  I  [500] ahwm.apply(317): SCH: Canceling job 40-9998
2025-06-19 20:38:42.623  7240-7240  Finsky:background       com.android.vending                  I  [2] ahep.run(594): Job 40-9998 is canceled while running
2025-06-19 20:38:42.623  7240-7240  Finsky:background       com.android.vending                  I  [2] ajjq.r(41): SCH: jobStopped: 40-9998. TimeElapsed: 641ms. EventType: 2544
2025-06-19 20:38:42.623  7240-7240  Finsky:background       com.android.vending                  I  [2] syb.i(20): DS::IDC: has 0 invisibleDownloads
2025-06-19 20:38:42.623  7240-7240  Finsky:background       com.android.vending                  I  [2] InvisibleRunJob.j(26): DS::IRJ: onStopJob: false, stopReason: 3
2025-06-19 20:38:42.624  7240-7276  Finsky:background       com.android.vending                  I  [483] tcp.accept(59): SCH: Scheduling phonesky job Id: 3-3, CT: 1750354707071, Constraints: [{ L: 0, D: 86400000, C: CHARGING_NONE, I: IDLE_NONE, N: NET_ANY, B: BATTERY_ANY }, { L: 0, D: 0, C: CHARGING_NONE, I: IDLE_NONE, N: NET_NONE, B: BATTERY_ANY }]
2025-06-19 20:38:42.625  7240-7276  Finsky:background       com.android.vending                  I  [483] tcp.accept(59): SCH: Scheduling phonesky job Id: 3-4, CT: 1750354707071, Constraints: [{ L: 0, D: 86400000, C: CHARGING_NONE, I: IDLE_NONE, N: NET_ANY, B: BATTERY_ANY }, { L: 0, D: 0, C: CHARGING_NONE, I: IDLE_NONE, N: NET_NONE, B: BATTERY_ANY }]
2025-06-19 20:38:42.625  7240-7276  Finsky:background       com.android.vending                  I  [483] tcp.accept(59): SCH: Scheduling phonesky job Id: 40-9999, CT: 1750354722351, Constraints: [{ L: 5983, D: 86405983, C: CHARGING_NONE, I: IDLE_NONE, N: NET_NONE, B: BATTERY_ANY }]
2025-06-19 20:38:42.625  7240-7276  Finsky:background       com.android.vending                  I  [483] asdw.r(343): SCH: Scheduling system job 10028 to resume after 0 ms
2025-06-19 20:38:42.626  7240-7276  Finsky:background       com.android.vending                  I  [483] asdw.r(343): SCH: Scheduling system job 10029 to resume after 0 ms
2025-06-19 20:38:42.627  7240-7276  Finsky:background       com.android.vending                  I  [483] asdw.r(343): SCH: Scheduling system job 10028 to resume after 0 ms
2025-06-19 20:38:42.627  7240-7280  Finsky:background       com.android.vending                  I  [487] azbu.l(33): SCH: Resuming system job 10028 from hub.
2025-06-19 20:38:42.627  7240-7280  Finsky:background       com.android.vending                  I  [487] azbu.l(33): SCH: Resuming system job 10029 from hub.
2025-06-19 20:38:42.628  7240-7276  Finsky:background       com.android.vending                  I  [483] asdw.r(343): SCH: Scheduling system job 10029 to resume after 0 ms
2025-06-19 20:38:42.628  7240-7276  Finsky:background       com.android.vending                  I  [483] asdw.r(343): SCH: Scheduling system job 10029 to resume after 5706 ms
2025-06-19 20:38:42.628  7240-7276  Finsky:background       com.android.vending                  I  [483] azbu.l(33): SCH: Resuming system job 10028 from hub.
2025-06-19 20:38:42.628  7240-7278  Finsky:background       com.android.vending                  I  [485] azbu.l(33): SCH: Resuming system job 10029 from hub.
2025-06-19 20:38:42.632  7240-7280  Finsky:background       com.android.vending                  I  [487] oac.apply(312): SCH: Scheduling 0 system job(s)
2025-06-19 20:38:42.638  7240-7281  Finsky:background       com.android.vending                  I  [488] tcp.accept(59): SCH: Scheduling phonesky job Id: 40-9999, CT: 1750354722612, Constraints: [{ L: 5990, D: 86405990, C: CHARGING_NONE, I: IDLE_NONE, N: NET_NONE, B: BATTERY_ANY }]
2025-06-19 20:38:42.639  7240-7281  Finsky:background       com.android.vending                  I  [488] asdw.r(343): SCH: Scheduling system job 10029 to resume after 5963 ms
2025-06-19 20:38:42.639  7240-7296  Finsky:background       com.android.vending                  I  [500] oab.a(728): SCH: Satisfied jobs for 10028 are: 3-3, 3-4
2025-06-19 20:38:42.643  7240-7278  Finsky:background       com.android.vending                  I  [485] oac.apply(312): SCH: Scheduling 0 system job(s)
2025-06-19 20:38:42.644  7240-7296  Finsky:background       com.android.vending                  I  [500] oab.a(728): SCH: Satisfied jobs for 10029 are: 3-3, 3-4
2025-06-19 20:38:42.646  7240-7296  Finsky:background       com.android.vending                  I  [500] oab.a(728): SCH: Satisfied jobs for 10028 are: 3-3, 3-4
2025-06-19 20:38:42.648  7240-7296  Finsky:background       com.android.vending                  I  [500] oab.a(728): SCH: Satisfied jobs for 10029 are: 3-3, 3-4
2025-06-19 20:38:42.648  7240-7403  Finsky:background       com.android.vending                  I  [520] smd.h(46): Scheduling retry after 5685 milliseconds.
2025-06-19 20:38:42.649  7240-7403  Finsky:background       com.android.vending                  I  [520] smf.a(9): DS::ISM: Scheduling download retry; job latency: PT5.685S
2025-06-19 20:38:42.649  7240-7403  Finsky:background       com.android.vending                  I  [520] bbvg.e(41): SCH: Received scheduling request: Id: 40-9999, Constraints: [{ L: 5685, D: 86405685, C: CHARGING_NONE, I: IDLE_NONE, N: NET_NONE, B: BATTERY_ANY }]
2025-06-19 20:38:42.656  7240-7276  Finsky:background       com.android.vending                  I  [483] tcp.accept(59): SCH: Scheduling phonesky job Id: 40-9999, CT: 1750354722617, Constraints: [{ L: 5985, D: 86405985, C: CHARGING_NONE, I: IDLE_NONE, N: NET_NONE, B: BATTERY_ANY }]
2025-06-19 20:38:42.656  7240-7276  Finsky:background       com.android.vending                  I  [483] asdw.r(343): SCH: Scheduling system job 10029 to resume after 5946 ms
2025-06-19 20:38:42.662  7240-7281  Finsky:background       com.android.vending                  I  [488] oac.apply(312): SCH: Scheduling 0 system job(s)
2025-06-19 20:38:42.663  7240-7403  Finsky:background       com.android.vending                  I  [520] sjg.h(335): DS: onGetDownload(request_id=8, files_to_download=[com.google.android.googlequicksearchbox.apk(size:73461245)], context[group_id=com.google.android.googlequicksearchbox:3dtdgDxpRMak8imSL4Fu7A], display_data[invisible=true, title=Required app update], network_restrictions=ANY_NETWORK status=queued[3], bytes_downloaded=70876656, total_bytes=73461245, retry[count=1, next_retry=2025-06-19T20:38:48.601+03:00[Europe/Moscow]])
2025-06-19 20:38:42.664  7240-7240  Finsky:background       com.android.vending                  I  [2] ahue.a(39): RF: onProgress 8
2025-06-19 20:38:42.665  7240-7240  Finsky:background       com.android.vending                  I  [2] ahue.a(205): RF: onProgress 8
2025-06-19 20:38:42.666  7240-7240  Finsky:background       com.android.vending                  I  [2] ahug.l(77): bytesCompleted/bytesTotal/ratio = 70942450 / 75263728 / 0.942585
2025-06-19 20:38:42.668  7240-7282  Finsky:background       com.android.vending                  I  [489] nvi.accept(72): IV2: onTaskProgress com.google.android.googlequicksearchbox[iid:0] [isid:3dtdgDxpRMak8imSL4Fu7A] status:RESOURCE_FETCH_PROGRESS, size: 70942450/75263728
2025-06-19 20:38:42.671  7240-7288  Finsky:background       com.android.vending                  I  [494] xvj.O(58): IQ: Notifying installation update. [Package:com.google.android.googlequicksearchbox, isid:3dtdgDxpRMak8imSL4Fu7A], status=DOWNLOADING, status_code=0, reason=rapid_auto_update, tsc=PT17.798S, attempt=0
2025-06-19 20:38:42.674  7240-7278  Finsky:background       com.android.vending                  I  [485] tcp.accept(59): SCH: Scheduling phonesky job Id: 40-9999, CT: 1750354722649, Constraints: [{ L: 5685, D: 86405685, C: CHARGING_NONE, I: IDLE_NONE, N: NET_NONE, B: BATTERY_ANY }]
2025-06-19 20:38:42.675  7240-7278  Finsky:background       com.android.vending                  I  [485] asdw.r(343): SCH: Scheduling system job 10029 to resume after 5659 ms
2025-06-19 20:38:42.679  7240-7276  Finsky:background       com.android.vending                  I  [483] oac.apply(312): SCH: Scheduling 0 system job(s)
2025-06-19 20:38:42.679  7240-7240  Finsky:background       com.android.vending                  I  [2] agrl.iY(56): PIM: Ignore install package event for: com.google.android.googlequicksearchbox, isid: 3dtdgDxpRMak8imSL4Fu7A
2025-06-19 20:38:42.683  7111-7111  Finsky                  com.android.vending                  I  [2] akjs.apply(400): IQ::HLD: if pauseAppUpdates is called now, it must wait for these ongoing installs: [[Package:com.google.android.googlequicksearchbox, isid:3dtdgDxpRMak8imSL4Fu7A]]
2025-06-19 20:38:42.927   501-544   BroadcastQueue          system_server                        W  Background execution not allowed: receiving Intent { act=android.intent.action.DROPBOX_ENTRY_ADDED flg=0x10 (has extras) } to com.google.android.gms/.stats.service.DropBoxEntryAddedReceiver
2025-06-19 20:38:42.927   501-544   BroadcastQueue          system_server                        W  Background execution not allowed: receiving Intent { act=android.intent.action.DROPBOX_ENTRY_ADDED flg=0x10 (has extras) } to com.google.android.gms/.chimera.GmsIntentOperationService$PersistentTrustedReceiver
2025-06-19 20:38:43.320   501-811   chatty                  system_server                        I  uid=1000(system) Binder:501_6 expire 3 lines
2025-06-19 20:38:43.897   501-534   chatty                  system_server                        I  uid=1000(system) Binder:501_2 expire 2 lines
2025-06-19 20:38:44.450  6908-6908  Compatibil...geReporter com.android.settings                 D  Compat change id reported: 147798919; UID 1000; state: ENABLED
2025-06-19 20:38:44.452   501-811   chatty                  system_server                        I  uid=1000(system) Binder:501_6 expire 2 lines
2025-06-19 20:38:44.478   307-1263  goldfish-address-space  and...raphics.allocator@3.0-service  D  claimShared: Ask to claim region [0x3f3de5000 0x3f3e81000]
2025-06-19 20:38:44.486   307-1263  goldfish-address-space  and...raphics.allocator@3.0-service  D  claimShared: Ask to claim region [0x3f3e81000 0x3f3f1d000]
2025-06-19 20:38:44.493   307-1263  goldfish-address-space  and...raphics.allocator@3.0-service  D  claimShared: Ask to claim region [0x3f3f1d000 0x3f3fb9000]
2025-06-19 20:38:44.890   501-534   NotificationService     system_server                        I  cancelToast pkg=com.android.settings token=android.os.BinderProxy@d3db3bb
2025-06-19 20:38:44.893   501-1615  chatty                  system_server                        I  uid=1000(system) Binder:501_F expire 3 lines
2025-06-19 20:38:44.898   501-534   NotificationService     system_server                        W  Toast already killed. pkg=com.android.settings token=android.os.BinderProxy@d3db3bb
2025-06-19 20:38:44.910   307-1263  goldfish-address-space  and...raphics.allocator@3.0-service  D  claimShared: Ask to claim region [0x3f3e81000 0x3f3f1d000]
2025-06-19 20:38:44.916   307-1263  goldfish-address-space  and...raphics.allocator@3.0-service  D  claimShared: Ask to claim region [0x3f3f1d000 0x3f3fb9000]
2025-06-19 20:38:44.918   307-1263  goldfish-address-space  and...raphics.allocator@3.0-service  D  claimShared: Ask to claim region [0x3f2594000 0x3f2630000]
2025-06-19 20:38:45.502   501-1650  NotificationService     system_server                        I  cancelToast pkg=com.android.settings token=android.os.BinderProxy@53114b4
2025-06-19 20:38:45.509   501-1264  NotificationService     system_server                        W  Toast already killed. pkg=com.android.settings token=android.os.BinderProxy@53114b4
2025-06-19 20:38:45.525   307-1263  goldfish-address-space  and...raphics.allocator@3.0-service  D  claimShared: Ask to claim region [0x3f3de5000 0x3f3e81000]
2025-06-19 20:38:45.533   307-1263  goldfish-address-space  and...raphics.allocator@3.0-service  D  claimShared: Ask to claim region [0x3f3f1d000 0x3f3fb9000]
2025-06-19 20:38:45.535   307-1263  goldfish-address-space  and...raphics.allocator@3.0-service  D  claimShared: Ask to claim region [0x3f2594000 0x3f2630000]
2025-06-19 20:38:45.625   501-1650  chatty                  system_server                        I  uid=1000(system) Binder:501_11 expire 2 lines
2025-06-19 20:38:45.678   480-480   netmgr                  netmgr                               E  qemu_pipe_open_ns:62: Could not connect to the 'pipe:qemud:network' service: Invalid argument
2025-06-19 20:38:45.678   480-480   netmgr                  netmgr                               E  Failed to open QEMU pipe 'qemud:network': Invalid argument
2025-06-19 20:38:45.697   486-486   wifi_forwarder          wifi_forwarder                       E  qemu_pipe_open_ns:62: Could not connect to the 'pipe:qemud:wififorward' service: Invalid argument
2025-06-19 20:38:45.697   486-486   wifi_forwarder          wifi_forwarder                       E  RemoteConnection failed to initialize: RemoteConnection failed to open pipe
2025-06-19 20:38:46.086   501-1650  NotificationService     system_server                        I  cancelToast pkg=com.android.settings token=android.os.BinderProxy@945f313
2025-06-19 20:38:46.090   501-1264  chatty                  system_server                        I  uid=1000(system) Binder:501_A expire 2 lines
2025-06-19 20:38:46.091   501-534   NotificationService     system_server                        W  Toast already killed. pkg=com.android.settings token=android.os.BinderProxy@945f313
2025-06-19 20:38:46.110   307-1263  goldfish-address-space  and...raphics.allocator@3.0-service  D  claimShared: Ask to claim region [0x3f3e81000 0x3f3f1d000]
2025-06-19 20:38:46.117   307-1263  goldfish-address-space  and...raphics.allocator@3.0-service  D  claimShared: Ask to claim region [0x3f3f1d000 0x3f3fb9000]
2025-06-19 20:38:46.119   307-1263  goldfish-address-space  and...raphics.allocator@3.0-service  D  claimShared: Ask to claim region [0x3f2594000 0x3f2630000]
2025-06-19 20:38:46.627   501-1264  NotificationService     system_server                        I  cancelToast pkg=com.android.settings token=android.os.BinderProxy@6e1c703
2025-06-19 20:38:46.632   501-1650  NotificationService     system_server                        W  Toast already killed. pkg=com.android.settings token=android.os.BinderProxy@6e1c703
2025-06-19 20:38:46.635   501-535   RoleManagerService      system_server                        I  Granting default roles...
2025-06-19 20:38:46.637   708-708   AvrcpMediaPlayerList    com.android.bluetooth                V  mPackageChangedBroadcastReceiver: action: android.intent.action.PACKAGE_CHANGED
2025-06-19 20:38:46.637   708-708   AvrcpMediaPlayerList    com.android.bluetooth                D  Name of package changed: com.android.shell
2025-06-19 20:38:46.651   501-592   chatty                  system_server                        I  uid=1000(system) InputReader expire 1 line
2025-06-19 20:38:46.665   501-501   Telecom                 system_server                        I  DefaultDialerCache: Refreshing default dialer for user 0: now com.android.dialer: DDC.oR@ALw
2025-06-19 20:38:46.676  6908-7837  SettingsActivity        com.android.settings                 D  Enabled state changed for some tiles, reloading all categories {com.android.settings/com.android.settings.Settings$DevelopmentSettingsDashboardActivity},
2025-06-19 20:38:46.680   307-1263  goldfish-address-space  and...raphics.allocator@3.0-service  D  claimShared: Ask to claim region [0x3f3f1d000 0x3f3f68000]
2025-06-19 20:38:46.683  1074-1074  CarrierSvcBindHelper    com.android.phone                    D  No carrier app for: 0
2025-06-19 20:38:46.685   307-1263  goldfish-address-space  and...raphics.allocator@3.0-service  D  claimShared: Ask to claim region [0x3f3f68000 0x3f3fb3000]
2025-06-19 20:38:46.690  5923-7141  Fitness                 com.google.android.gms.persistent    I  OnPackageChangedOperation got intent: Intent { act=android.intent.action.PACKAGE_CHANGED dat=package:com.android.shell flg=0x45000010 cmp=com.google.android.gms/.chimera.PersistentIntentOperationService (has extras) } [CONTEXT service_id=17 ]
2025-06-19 20:38:46.695   307-1263  goldfish-address-space  and...raphics.allocator@3.0-service  D  claimShared: Ask to claim region [0x3f3fb3000 0x3f3ffe000]
2025-06-19 20:38:46.696   747-772   Permission...erviceImpl com....android.permissioncontroller  I  Updating user sensitive for uid 2000
2025-06-19 20:38:46.714  5923-7851  Fitness                 com.google.android.gms.persistent    I  FitCleanupIntentOperation received Intent android.intent.action.PACKAGE_CHANGED [CONTEXT service_id=17 ]
2025-06-19 20:38:46.723  5666-7855  Icing                   com.google.android.gms               I  Indexing com.google.android.gms-apps from com.google.android.gms [CONTEXT service_id=21 ]
2025-06-19 20:38:46.729  5666-7855  Icing                   com.google.android.gms               I  Indexing done com.google.android.gms-apps [CONTEXT service_id=21 ]
2025-06-19 20:38:46.732   501-535   JobScheduler.Background system_server                        E  App com.google.android.gms became active but still in NEVER bucket
2025-06-19 20:38:46.733   501-544   DropBoxManagerService   system_server                        I  add tag=system_server_wtf isTagEnabled=true flags=0x2
2025-06-19 20:38:46.752   501-811   chatty                  system_server                        I  uid=1000(system) Binder:501_6 expire 1 line
2025-06-19 20:38:47.219   501-1650  chatty                  system_server                        I  uid=1000(system) Binder:501_11 expire 2 lines
2025-06-19 20:38:47.709   501-535   RoleManagerService      system_server                        I  Granting default roles...
2025-06-19 20:38:47.710   501-543   chatty                  system_server                        I  uid=1000(system) android.bg expire 6 lines
2025-06-19 20:38:47.713   708-708   AvrcpMediaPlayerList    com.android.bluetooth                V  mPackageChangedBroadcastReceiver: action: android.intent.action.PACKAGE_CHANGED
2025-06-19 20:38:47.713   708-708   AvrcpMediaPlayerList    com.android.bluetooth                D  Name of package changed: com.android.settings
2025-06-19 20:38:47.715   501-592   chatty                  system_server                        I  uid=1000(system) InputReader expire 1 line
2025-06-19 20:38:47.723   747-772   Permission...erviceImpl com....android.permissioncontroller  I  Updating user sensitive for uid 1000
2025-06-19 20:38:47.729   501-501   Telecom                 system_server                        I  DefaultDialerCache: Refreshing default dialer for user 0: now com.android.dialer: DDC.oR@AL0
2025-06-19 20:38:47.737  1074-1074  CarrierSvcBindHelper    com.android.phone                    D  No carrier app for: 0
2025-06-19 20:38:47.756  5923-7851  Fitness                 com.google.android.gms.persistent    I  OnPackageChangedOperation got intent: Intent { act=android.intent.action.PACKAGE_CHANGED dat=package:com.android.settings flg=0x45000010 cmp=com.google.android.gms/.chimera.PersistentIntentOperationService (has extras) } [CONTEXT service_id=17 ]
2025-06-19 20:38:47.758  5923-7853  Fitness                 com.google.android.gms.persistent    I  FitCleanupIntentOperation received Intent android.intent.action.PACKAGE_CHANGED [CONTEXT service_id=17 ]
2025-06-19 20:38:47.769  5666-5788  Icing                   com.google.android.gms               I  Indexing com.google.android.gms-internal.3p:MobileApplication from com.google.android.gms using seqno 80 [CONTEXT service_id=21 ]
2025-06-19 20:38:47.776  5666-5788  Icing                   com.google.android.gms               I  Indexing com.google.android.gms-apps from com.google.android.gms [CONTEXT service_id=21 ]
2025-06-19 20:38:47.784  5666-5788  Icing                   com.google.android.gms               I  Indexing done com.google.android.gms-apps [CONTEXT service_id=21 ]
2025-06-19 20:38:47.970   501-538   WindowManager           system_server                        W  Unable to start animation, surface is null or no children.
2025-06-19 20:38:48.337  7240-7281  Finsky:background       com.android.vending                  I  [488] azbu.l(33): SCH: Resuming system job 10029 from hub.
2025-06-19 20:38:48.340  7240-7278  Finsky:background       com.android.vending                  I  [485] azbu.l(33): SCH: Resuming system job 10029 from hub.
2025-06-19 20:38:48.344  7240-7280  Finsky:background       com.android.vending                  I  [487] azbu.l(33): SCH: Resuming system job 10029 from hub.
2025-06-19 20:38:48.345  7240-7281  Finsky:background       com.android.vending                  I  [488] azbu.l(33): SCH: Resuming system job 10029 from hub.
2025-06-19 20:38:48.345  7240-7296  Finsky:background       com.android.vending                  I  [500] oab.a(728): SCH: Satisfied jobs for 10029 are: 3-3, 3-4, 40-9999
2025-06-19 20:38:48.348  7240-7385  Finsky:background       com.android.vending                  I  [509] ajkf.accept(151): SCH: Job 40-9999 starting
2025-06-19 20:38:48.348  7240-7296  Finsky:background       com.android.vending                  I  [500] oab.a(728): SCH: Satisfied jobs for 10029 are: 3-3, 3-4, 40-9999
2025-06-19 20:38:48.349  7240-7240  Finsky:background       com.android.vending                  I  [2] RetryDownloadJob.a(6): Running RetryDownloadJob
2025-06-19 20:38:48.350  7240-7296  Finsky:background       com.android.vending                  I  [500] oab.a(728): SCH: Satisfied jobs for 10029 are: 3-3, 3-4, 40-9999
2025-06-19 20:38:48.351  7240-7403  Finsky:background       com.android.vending                  I  [520] atel.s(16): DS: Queuing download (request id: 7) for reason 1
2025-06-19 20:38:48.351  7240-7403  Finsky:background       com.android.vending                  I  [520] smd.h(46): Scheduling retry after 250 milliseconds.
2025-06-19 20:38:48.351  7240-7403  Finsky:background       com.android.vending                  I  [520] smf.a(9): DS::ISM: Scheduling download retry; job latency: PT0.25S
2025-06-19 20:38:48.352  7240-7403  Finsky:background       com.android.vending                  I  [520] bbvg.e(41): SCH: Received scheduling request: Id: 40-9999, Constraints: [{ L: 250, D: 86400250, C: CHARGING_NONE, I: IDLE_NONE, N: NET_NONE, B: BATTERY_ANY }]
2025-06-19 20:38:48.352  7240-7296  Finsky:background       com.android.vending                  I  [500] oab.a(728): SCH: Satisfied jobs for 10029 are: 3-3, 3-4, 40-9999
2025-06-19 20:38:48.361  7240-7403  Finsky:background       com.android.vending                  I  [520] sli.b(13): DS::CD: download(7)
2025-06-19 20:38:48.361  7240-7403  Finsky:background       com.android.vending                  I  [520] smt.c(111): DSC::L: Update all listeners for download <7:QUEUED with WAITING_FOR_START:87%[87%]> in group com.google.android.googlequicksearchbox:3dtdgDxpRMak8imSL4Fu7A
2025-06-19 20:38:48.361  7240-7403  Finsky:background       com.android.vending                  I  [520] smt.c(153): DSC::L: Updating listener sgt@d22c422 for download <7:QUEUED with WAITING_FOR_START:87%[87%]>
2025-06-19 20:38:48.361  7240-7403  Finsky:background       com.android.vending                  I  [520] smt.c(153): DSC::L: Updating listener DownloadServiceManagerListener::qwb@129a404 for download <7:QUEUED with WAITING_FOR_START:87%[87%]>
2025-06-19 20:38:48.362  7240-7403  Finsky:background       com.android.vending                  I  [520] smt.c(153): DSC::L: Updating listener DownloadServiceManagerListener::ahuw@6ccb57a for download <7:QUEUED with WAITING_FOR_START:87%[87%]>
2025-06-19 20:38:48.362  7240-7403  Finsky:background       com.android.vending                  I  [520] ahuw.f(15): DS: Received onProgress request_id=7
2025-06-19 20:38:48.362  7240-7403  Finsky:background       com.android.vending                  I  [520] bqrp.h(78): RM: receive resource status onProgress download_request_id=7, group_id=config.xxhdpi reason: rapid_auto_update isid: 3dtdgDxpRMak8imSL4Fu7A, status_code=RESOURCE_STATUS_PENDING, legacy_status_code=190, size: 1523712/1736689
2025-06-19 20:38:48.362  7240-7403  Finsky:background       com.android.vending                  I  [520] atel.n(32): DS::IDC: updateWith: <7:QUEUED with WAITING_FOR_START:87%[87%]>
2025-06-19 20:38:48.362  7240-7403  Finsky:background       com.android.vending                  I  [520] smf.b(6): DS::ISM: Starting invisible download job
2025-06-19 20:38:48.363  7240-7290  Finsky:background       com.android.vending                  I  [496] bemt.m(13): DSC: getDownload(7)
2025-06-19 20:38:48.363  7240-7296  Finsky:background       com.android.vending                  I  [500] bbvg.e(41): SCH: Received scheduling request: Id: 40-9998, Constraints: [{ L: 0, D: 86400000, C: CHARGING_NONE, I: IDLE_NONE, N: NET_ANY, B: BATTERY_ANY }]
2025-06-19 20:38:48.363  7240-7290  Finsky:background       com.android.vending                  I  [496] sjg.i(15): DS: getDownload(request_id=7)
2025-06-19 20:38:48.364  7240-7403  Finsky:background       com.android.vending                  I  [520] sjg.h(335): DS: onGetDownload(request_id=7, files_to_download=[config.xxhdpi(size:1736689)], context[group_id=com.google.android.googlequicksearchbox:3dtdgDxpRMak8imSL4Fu7A], display_data[invisible=true, title=Required app update], network_restrictions=ANY_NETWORK status=running, bytes_downloaded=1523712, total_bytes=1736689, retry[count=1, next_retry=2025-06-19T20:38:48.333+03:00[Europe/Moscow]])
2025-06-19 20:38:48.366  7240-7240  Finsky:background       com.android.vending                  I  [2] ahue.a(39): RF: onProgress 7
2025-06-19 20:38:48.366  7240-7240  Finsky:background       com.android.vending                  I  [2] ahue.a(205): RF: onProgress 7
2025-06-19 20:38:48.368  7240-7240  Finsky:background       com.android.vending                  I  [2] ahug.l(77): bytesCompleted/bytesTotal/ratio = 1589506 / 75263728 / 0.021119
2025-06-19 20:38:48.369  7240-7240  Finsky:background       com.android.vending                  I  [2] ajjq.q(61): SCH: jobFinished: 40-9999. TimeElapsed: 21ms.
2025-06-19 20:38:48.370  7240-7282  Finsky:background       com.android.vending                  I  [489] nvi.accept(72): IV2: onTaskProgress com.google.android.googlequicksearchbox[iid:0] [isid:3dtdgDxpRMak8imSL4Fu7A] status:RESOURCE_FETCH_PROGRESS, size: 1589506/75263728
2025-06-19 20:38:48.371  7240-7288  Finsky:background       com.android.vending                  I  [494] xvj.O(58): IQ: Notifying installation update. [Package:com.google.android.googlequicksearchbox, isid:3dtdgDxpRMak8imSL4Fu7A], status=DOWNLOADING, status_code=0, reason=rapid_auto_update, tsc=PT23.498S, attempt=0
2025-06-19 20:38:48.372  7240-7403  Finsky:background       com.android.vending                  I  [520] smt.c(111): DSC::L: Update all listeners for download <7:RUNNING:87%[87%]> in group com.google.android.googlequicksearchbox:3dtdgDxpRMak8imSL4Fu7A
2025-06-19 20:38:48.372  7240-7403  Finsky:background       com.android.vending                  I  [520] smt.c(153): DSC::L: Updating listener sgt@d22c422 for download <7:RUNNING:87%[87%]>
2025-06-19 20:38:48.372  7240-7403  Finsky:background       com.android.vending                  I  [520] smt.c(153): DSC::L: Updating listener DownloadServiceManagerListener::qwb@129a404 for download <7:RUNNING:87%[87%]>
2025-06-19 20:38:48.373  7240-7403  Finsky:background       com.android.vending                  I  [520] smt.c(153): DSC::L: Updating listener DownloadServiceManagerListener::ahuw@6ccb57a for download <7:RUNNING:87%[87%]>
2025-06-19 20:38:48.373  7240-7403  Finsky:background       com.android.vending                  I  [520] ahuw.f(15): DS: Received onProgress request_id=7
2025-06-19 20:38:48.373  7240-7403  Finsky:background       com.android.vending                  I  [520] bqrp.h(78): RM: receive resource status onProgress download_request_id=7, group_id=config.xxhdpi reason: rapid_auto_update isid: 3dtdgDxpRMak8imSL4Fu7A, status_code=RESOURCE_STATUS_IN_PROGRESS, legacy_status_code=192, size: 1523712/1736689
2025-06-19 20:38:48.373  7240-7403  Finsky:background       com.android.vending                  I  [520] atel.n(32): DS::IDC: updateWith: <7:RUNNING:87%[87%]>
2025-06-19 20:38:48.375  7240-7290  Finsky:background       com.android.vending                  I  [496] bemt.m(13): DSC: getDownload(7)
2025-06-19 20:38:48.376  7240-7290  Finsky:background       com.android.vending                  I  [496] sjg.i(15): DS: getDownload(request_id=7)
2025-06-19 20:38:48.376  7240-7403  Finsky:background       com.android.vending                  I  [520] sjg.h(335): DS: onGetDownload(request_id=7, files_to_download=[config.xxhdpi(size:1736689)], context[group_id=com.google.android.googlequicksearchbox:3dtdgDxpRMak8imSL4Fu7A], display_data[invisible=true, title=Required app update], network_restrictions=ANY_NETWORK status=running, bytes_downloaded=1523712, total_bytes=1736689, retry[count=1, next_retry=2025-06-19T20:38:48.333+03:00[Europe/Moscow]])
2025-06-19 20:38:48.378  7240-7240  Finsky:background       com.android.vending                  I  [2] ahue.a(39): RF: onProgress 7
2025-06-19 20:38:48.378  7240-7240  Finsky:background       com.android.vending                  I  [2] ahue.a(205): RF: onProgress 7
2025-06-19 20:38:48.379  7240-7240  Finsky:background       com.android.vending                  I  [2] ahug.l(77): bytesCompleted/bytesTotal/ratio = 1589506 / 75263728 / 0.021119
2025-06-19 20:38:48.381  7240-7282  Finsky:background       com.android.vending                  I  [489] nvi.accept(72): IV2: onTaskProgress com.google.android.googlequicksearchbox[iid:0] [isid:3dtdgDxpRMak8imSL4Fu7A] status:RESOURCE_FETCH_PROGRESS, size: 1589506/75263728
2025-06-19 20:38:48.386  7240-7240  Finsky:background       com.android.vending                  I  [2] agrl.iY(56): PIM: Ignore install package event for: com.google.android.googlequicksearchbox, isid: 3dtdgDxpRMak8imSL4Fu7A
2025-06-19 20:38:48.387  7240-7281  Finsky:background       com.android.vending                  I  [488] tcp.accept(59): SCH: Scheduling phonesky job Id: 40-9998, CT: 1750354728363, Constraints: [{ L: 0, D: 86400000, C: CHARGING_NONE, I: IDLE_NONE, N: NET_ANY, B: BATTERY_ANY }, { L: 0, D: 0, C: CHARGING_NONE, I: IDLE_NONE, N: NET_NONE, B: BATTERY_ANY }]
2025-06-19 20:38:48.388  7240-7281  Finsky:background       com.android.vending                  I  [488] asdw.r(343): SCH: Scheduling system job 10028 to resume after 0 ms
2025-06-19 20:38:48.388  7240-7281  Finsky:background       com.android.vending                  I  [488] asdw.r(343): SCH: Scheduling system job 10029 to resume after 0 ms
2025-06-19 20:38:48.388  7240-7281  Finsky:background       com.android.vending                  I  [488] azbu.l(33): SCH: Resuming system job 10028 from hub.
2025-06-19 20:38:48.388  7240-7281  Finsky:background       com.android.vending                  I  [488] azbu.l(33): SCH: Resuming system job 10029 from hub.
2025-06-19 20:38:48.390  7240-7288  Finsky:background       com.android.vending                  I  [494] xvj.O(58): IQ: Notifying installation update. [Package:com.google.android.googlequicksearchbox, isid:3dtdgDxpRMak8imSL4Fu7A], status=DOWNLOADING, status_code=0, reason=rapid_auto_update, tsc=PT23.516S, attempt=0
2025-06-19 20:38:48.390  7111-7111  Finsky                  com.android.vending                  I  [2] akjs.apply(400): IQ::HLD: if pauseAppUpdates is called now, it must wait for these ongoing installs: [[Package:com.google.android.googlequicksearchbox, isid:3dtdgDxpRMak8imSL4Fu7A]]
2025-06-19 20:38:48.391  7240-7280  Finsky:background       com.android.vending                  I  [487] oac.apply(312): SCH: Scheduling 0 system job(s)
2025-06-19 20:38:48.392  7240-7296  Finsky:background       com.android.vending                  I  [500] oab.a(728): SCH: Satisfied jobs for 10028 are: 3-3, 3-4, 40-9998
2025-06-19 20:38:48.393  7240-7385  Finsky:background       com.android.vending                  I  [509] ajkf.accept(151): SCH: Job 40-9998 starting
2025-06-19 20:38:48.393  7240-7240  Finsky:background       com.android.vending                  I  [2] InvisibleRunJob.i(6): DS::IRJ: Running InvisibleRunJob
2025-06-19 20:38:48.394  7240-7296  Finsky:background       com.android.vending                  I  [500] oab.a(728): SCH: Satisfied jobs for 10029 are: 3-3, 3-4, 40-9998
2025-06-19 20:38:48.397  7240-7240  Finsky:background       com.android.vending                  I  [2] agrl.iY(56): PIM: Ignore install package event for: com.google.android.googlequicksearchbox, isid: 3dtdgDxpRMak8imSL4Fu7A
2025-06-19 20:38:48.400  7111-7111  Finsky                  com.android.vending                  I  [2] akjs.apply(400): IQ::HLD: if pauseAppUpdates is called now, it must wait for these ongoing installs: [[Package:com.google.android.googlequicksearchbox, isid:3dtdgDxpRMak8imSL4Fu7A]]
2025-06-19 20:38:48.401  7240-7754  Finsky:background       com.android.vending                  I  [551] slj.d(6): CronetDownloader: onRedirectReceived
2025-06-19 20:38:48.415  7240-7403  Finsky:background       com.android.vending                  I  [520] smt.c(111): DSC::L: Update all listeners for download <7:RUNNING:87%[87%]> in group com.google.android.googlequicksearchbox:3dtdgDxpRMak8imSL4Fu7A
2025-06-19 20:38:48.415  7240-7403  Finsky:background       com.android.vending                  I  [520] smt.c(153): DSC::L: Updating listener sgt@d22c422 for download <7:RUNNING:87%[87%]>
2025-06-19 20:38:48.415  7240-7403  Finsky:background       com.android.vending                  I  [520] smt.c(153): DSC::L: Updating listener DownloadServiceManagerListener::qwb@129a404 for download <7:RUNNING:87%[87%]>
2025-06-19 20:38:48.415  7240-7403  Finsky:background       com.android.vending                  I  [520] smt.c(153): DSC::L: Updating listener DownloadServiceManagerListener::ahuw@6ccb57a for download <7:RUNNING:87%[87%]>
2025-06-19 20:38:48.415  7240-7403  Finsky:background       com.android.vending                  I  [520] ahuw.f(15): DS: Received onProgress request_id=7
2025-06-19 20:38:48.415  7240-7403  Finsky:background       com.android.vending                  I  [520] bqrp.h(78): RM: receive resource status onProgress download_request_id=7, group_id=config.xxhdpi reason: rapid_auto_update isid: 3dtdgDxpRMak8imSL4Fu7A, status_code=RESOURCE_STATUS_IN_PROGRESS, legacy_status_code=192, size: 1523712/1736689
2025-06-19 20:38:48.416  7240-7403  Finsky:background       com.android.vending                  I  [520] atel.n(32): DS::IDC: updateWith: <7:RUNNING:87%[87%]>
2025-06-19 20:38:48.416  7240-7290  Finsky:background       com.android.vending                  I  [496] bemt.m(13): DSC: getDownload(7)
2025-06-19 20:38:48.417  7240-7284  Finsky:background       com.android.vending                  I  [491] sjg.i(15): DS: getDownload(request_id=7)
2025-06-19 20:38:48.417  7240-7403  Finsky:background       com.android.vending                  I  [520] sjg.h(335): DS: onGetDownload(request_id=7, files_to_download=[config.xxhdpi(size:1736689)], context[group_id=com.google.android.googlequicksearchbox:3dtdgDxpRMak8imSL4Fu7A], display_data[invisible=true, title=Required app update], network_restrictions=ANY_NETWORK status=running, bytes_downloaded=1687552, total_bytes=1736689, retry[count=1, next_retry=2025-06-19T20:38:48.333+03:00[Europe/Moscow]])
2025-06-19 20:38:48.418  7240-7240  Finsky:background       com.android.vending                  I  [2] ahue.a(39): RF: onProgress 7
2025-06-19 20:38:48.419  7240-7240  Finsky:background       com.android.vending                  I  [2] ahue.a(205): RF: onProgress 7
2025-06-19 20:38:48.420  7240-7240  Finsky:background       com.android.vending                  I  [2] ahug.l(77): bytesCompleted/bytesTotal/ratio = 1753346 / 75263728 / 0.023296
2025-06-19 20:38:48.421  7240-7282  Finsky:background       com.android.vending                  I  [489] nvi.accept(72): IV2: onTaskProgress com.google.android.googlequicksearchbox[iid:0] [isid:3dtdgDxpRMak8imSL4Fu7A] status:RESOURCE_FETCH_PROGRESS, size: 1753346/75263728
2025-06-19 20:38:48.423  7240-7403  Finsky:background       com.android.vending                  I  [520] smt.c(111): DSC::L: Update all listeners for download <7:RUNNING:97%[97%]> in group com.google.android.googlequicksearchbox:3dtdgDxpRMak8imSL4Fu7A
2025-06-19 20:38:48.423  7240-7403  Finsky:background       com.android.vending                  I  [520] smt.c(153): DSC::L: Updating listener sgt@d22c422 for download <7:RUNNING:97%[97%]>
2025-06-19 20:38:48.424  7240-7403  Finsky:background       com.android.vending                  I  [520] smt.c(153): DSC::L: Updating listener DownloadServiceManagerListener::qwb@129a404 for download <7:RUNNING:97%[97%]>
2025-06-19 20:38:48.424  7240-7403  Finsky:background       com.android.vending                  I  [520] smt.c(153): DSC::L: Updating listener DownloadServiceManagerListener::ahuw@6ccb57a for download <7:RUNNING:97%[97%]>
2025-06-19 20:38:48.424  7240-7403  Finsky:background       com.android.vending                  I  [520] ahuw.f(15): DS: Received onProgress request_id=7
2025-06-19 20:38:48.424  7240-7288  Finsky:background       com.android.vending                  I  [494] xvj.O(58): IQ: Notifying installation update. [Package:com.google.android.googlequicksearchbox, isid:3dtdgDxpRMak8imSL4Fu7A], status=DOWNLOADING, status_code=0, reason=rapid_auto_update, tsc=PT23.551S, attempt=0
2025-06-19 20:38:48.424  7240-7403  Finsky:background       com.android.vending                  I  [520] bqrp.h(78): RM: receive resource status onProgress download_request_id=7, group_id=config.xxhdpi reason: rapid_auto_update isid: 3dtdgDxpRMak8imSL4Fu7A, status_code=RESOURCE_STATUS_IN_PROGRESS, legacy_status_code=192, size: 1687552/1736689
2025-06-19 20:38:48.424  7240-7403  Finsky:background       com.android.vending                  I  [520] atel.n(32): DS::IDC: updateWith: <7:RUNNING:97%[97%]>
2025-06-19 20:38:48.425  7240-7279  Finsky:background       com.android.vending                  I  [486] bemt.m(13): DSC: getDownload(7)
2025-06-19 20:38:48.426  7240-7284  Finsky:background       com.android.vending                  I  [491] sjg.i(15): DS: getDownload(request_id=7)
2025-06-19 20:38:48.426  7240-7403  Finsky:background       com.android.vending                  I  [520] sjg.h(335): DS: onGetDownload(request_id=7, files_to_download=[config.xxhdpi(size:1736689)], context[group_id=com.google.android.googlequicksearchbox:3dtdgDxpRMak8imSL4Fu7A], display_data[invisible=true, title=Required app update], network_restrictions=ANY_NETWORK status=running, bytes_downloaded=1736689, total_bytes=1736689, retry[count=1, next_retry=2025-06-19T20:38:48.333+03:00[Europe/Moscow]])
2025-06-19 20:38:48.427  7240-7240  Finsky:background       com.android.vending                  I  [2] ahue.a(39): RF: onProgress 7
2025-06-19 20:38:48.427  7240-7240  Finsky:background       com.android.vending                  I  [2] ahue.a(205): RF: onProgress 7
2025-06-19 20:38:48.428  7240-7240  Finsky:background       com.android.vending                  I  [2] ahug.l(77): bytesCompleted/bytesTotal/ratio = 1802483 / 75263728 / 0.023949
2025-06-19 20:38:48.429  7240-7282  Finsky:background       com.android.vending                  I  [489] nvi.accept(72): IV2: onTaskProgress com.google.android.googlequicksearchbox[iid:0] [isid:3dtdgDxpRMak8imSL4Fu7A] status:RESOURCE_FETCH_PROGRESS, size: 1802483/75263728
2025-06-19 20:38:48.430  7240-7403  Finsky:background       com.android.vending                  I  [520] smt.c(111): DSC::L: Update all listeners for download <7:RUNNING:100%[100%]> in group com.google.android.googlequicksearchbox:3dtdgDxpRMak8imSL4Fu7A
2025-06-19 20:38:48.431  7240-7403  Finsky:background       com.android.vending                  I  [520] smt.c(153): DSC::L: Updating listener sgt@d22c422 for download <7:RUNNING:100%[100%]>
2025-06-19 20:38:48.431  7240-7403  Finsky:background       com.android.vending                  I  [520] smt.c(153): DSC::L: Updating listener DownloadServiceManagerListener::qwb@129a404 for download <7:RUNNING:100%[100%]>
2025-06-19 20:38:48.431  7240-7403  Finsky:background       com.android.vending                  I  [520] smt.c(153): DSC::L: Updating listener DownloadServiceManagerListener::ahuw@6ccb57a for download <7:RUNNING:100%[100%]>
2025-06-19 20:38:48.431  7240-7403  Finsky:background       com.android.vending                  I  [520] ahuw.f(15): DS: Received onProgress request_id=7
2025-06-19 20:38:48.431  7240-7403  Finsky:background       com.android.vending                  I  [520] bqrp.h(78): RM: receive resource status onProgress download_request_id=7, group_id=config.xxhdpi reason: rapid_auto_update isid: 3dtdgDxpRMak8imSL4Fu7A, status_code=RESOURCE_STATUS_IN_PROGRESS, legacy_status_code=192, size: 1736689/1736689
2025-06-19 20:38:48.432  7240-7403  Finsky:background       com.android.vending                  I  [520] atel.n(32): DS::IDC: updateWith: <7:RUNNING:100%[100%]>
2025-06-19 20:38:48.432  7240-7279  Finsky:background       com.android.vending                  I  [486] bemt.m(13): DSC: getDownload(7)
2025-06-19 20:38:48.434  7240-7279  Finsky:background       com.android.vending                  I  [486] sjg.i(15): DS: getDownload(request_id=7)
2025-06-19 20:38:48.434  7240-7240  Finsky:background       com.android.vending                  I  [2] agrl.iY(56): PIM: Ignore install package event for: com.google.android.googlequicksearchbox, isid: 3dtdgDxpRMak8imSL4Fu7A
2025-06-19 20:38:48.438  7240-7288  Finsky:background       com.android.vending                  I  [494] xvj.O(58): IQ: Notifying installation update. [Package:com.google.android.googlequicksearchbox, isid:3dtdgDxpRMak8imSL4Fu7A], status=DOWNLOADING, status_code=0, reason=rapid_auto_update, tsc=PT23.565S, attempt=0
2025-06-19 20:38:48.440  7240-7403  Finsky:background       com.android.vending                  I  [520] sjg.h(335): DS: onGetDownload(request_id=7, files_to_download=[config.xxhdpi(size:1736689)], context[group_id=com.google.android.googlequicksearchbox:3dtdgDxpRMak8imSL4Fu7A], display_data[invisible=true, title=Required app update], network_restrictions=ANY_NETWORK status=succeeded, bytes_downloaded=1736689, total_bytes=1736689, retry[count=1, next_retry=2025-06-19T20:38:48.333+03:00[Europe/Moscow]])
2025-06-19 20:38:48.441  7111-7111  Finsky                  com.android.vending                  I  [2] akjs.apply(400): IQ::HLD: if pauseAppUpdates is called now, it must wait for these ongoing installs: [[Package:com.google.android.googlequicksearchbox, isid:3dtdgDxpRMak8imSL4Fu7A]]
2025-06-19 20:38:48.442  7240-7240  Finsky:background       com.android.vending                  I  [2] ahue.a(39): RF: onProgress 7
