06-19 20:44:59.346  8014  8014 W Glide   : Load failed for [] with dimensions [275x193]
06-19 20:44:59.346  8014  8014 W Glide   : class com.bumptech.glide.load.engine.GlideException: Failed to load resource
06-19 20:44:59.474   501  1728 I system_server: oneway function results will be dropped but finished with status OK and parcel size 4
06-19 20:45:03.496   501  1728 I chatty  : uid=1000(system) Binder:501_12 identical 3 lines
06-19 20:45:03.496   501  1728 I system_server: oneway function results will be dropped but finished with status OK and parcel size 4
06-19 20:45:03.631   501  1897 I system_server: oneway function results will be dropped but finished with status OK and parcel size 4
06-19 20:45:05.033   501  1728 I system_server: oneway function results will be dropped but finished with status OK and parcel size 4
06-19 20:45:05.161   501  1728 I chatty  : uid=1000(system) Binder:501_12 identical 1 line
06-19 20:45:08.126   501  1728 I system_server: oneway function results will be dropped but finished with status OK and parcel size 4
06-19 20:45:17.013  1326  1326 E JavaBinder: !!! FAILED BINDER TRANSACTION !!!  (parcel size = 156)
06-19 20:45:17.013  1326  1326 D AndroidRuntime: Shutting down VM
--------- beginning of crash
06-19 20:45:17.013  1326  1326 E AndroidRuntime: FATAL EXCEPTION: main
06-19 20:45:17.013  1326  1326 E AndroidRuntime: Process: com.google.android.inputmethod.latin, PID: 1326
06-19 20:45:17.013  1326  1326 E AndroidRuntime: DeadSystemException: The system died; earlier logs will point to the root cause
06-19 20:45:17.024   501  8347 I DropBoxManagerService: add tag=system_app_crash isTagEnabled=true flags=0x2
06-19 20:45:17.027  1326  1326 I Process : Sending signal. PID: 1326 SIG: 9
06-19 20:45:17.028   501   544 W BroadcastQueue: Background execution not allowed: receiving Intent { act=android.intent.action.DROPBOX_ENTRY_ADDED flg=0x10 (has extras) } to com.google.android.gms/.stats.service.DropBoxEntryAddedReceiver
06-19 20:45:17.029   501   544 W BroadcastQueue: Background execution not allowed: receiving Intent { act=android.intent.action.DROPBOX_ENTRY_ADDED flg=0x10 (has extras) } to com.google.android.gms/.chimera.GmsIntentOperationService$PersistentTrustedReceiver
06-19 20:45:17.069   501   511 W JavaBinder: BinderProxy is being destroyed but the application did not call unlinkToDeath to unlink all of its death recipients beforehand.  Releasing leaked death recipient: com.android.server.AlarmManagerService$2
06-19 20:45:17.069   501   511 I BpBinder: onLastStrongRef automatically unlinking death recipients: <uncached descriptor>
06-19 20:45:17.073   501   511 W JavaBinder: BinderProxy is being destroyed but the application did not call unlinkToDeath to unlink all of its death recipients beforehand.  Releasing leaked death recipient: com.android.server.AlarmManagerService$2
06-19 20:45:17.073   501   511 I BpBinder: onLastStrongRef automatically unlinking death recipients: <uncached descriptor>
06-19 20:45:17.076   501  1892 I WindowManager: WIN DEATH: Window{d2710a5 u0 InputMethod}
06-19 20:45:17.076   501  1892 W InputDispatcher: Attempted to unregister already unregistered input channel 'd2710a5 InputMethod (server)'
06-19 20:45:17.078   286   286 I Zygote  : Process 1326 exited due to signal 9 (Killed)
06-19 20:45:17.078   501  1621 I ActivityManager: Process com.google.android.inputmethod.latin (pid 1326) has died: prcp IMPB
06-19 20:45:17.078   501   546 I libprocessgroup: Successfully killed process cgroup uid 10134 pid 1326 in 0ms
06-19 20:45:17.080   501   501 W InputMethodManagerService: Session failed to close due to remote exception
06-19 20:45:17.080   501   501 W InputMethodManagerService: android.os.DeadObjectException
06-19 20:45:17.080   501   501 W InputMethodManagerService:     at android.os.BinderProxy.transactNative(Native Method)
06-19 20:45:17.080   501   501 W InputMethodManagerService:     at android.os.BinderProxy.transact(BinderProxy.java:540)
06-19 20:45:17.080   501   501 W InputMethodManagerService:     at com.android.internal.view.IInputMethodSession$Stub$Proxy.finishSession(IInputMethodSession.java:432)
06-19 20:45:17.080   501   501 W InputMethodManagerService:     at com.android.server.inputmethod.InputMethodManagerService.finishSessionLocked(InputMethodManagerService.java:2708)
06-19 20:45:17.080   501   501 W InputMethodManagerService:     at com.android.server.inputmethod.InputMethodManagerService.clearClientSessionLocked(InputMethodManagerService.java:2699)
06-19 20:45:17.080   501   501 W InputMethodManagerService:     at com.android.server.inputmethod.InputMethodManagerService.clearCurMethodLocked(InputMethodManagerService.java:2726)
06-19 20:45:17.080   501   501 W InputMethodManagerService:     at com.android.server.inputmethod.InputMethodManagerService.onServiceDisconnected(InputMethodManagerService.java:2755)
06-19 20:45:17.080   501   501 W InputMethodManagerService:     at android.app.LoadedApk$ServiceDispatcher.doDeath(LoadedApk.java:1973)
06-19 20:45:17.080   501   501 W InputMethodManagerService:     at android.app.LoadedApk$ServiceDispatcher$RunConnection.run(LoadedApk.java:1988)
06-19 20:45:17.080   501   501 W InputMethodManagerService:     at android.os.Handler.handleCallback(Handler.java:938)
06-19 20:45:17.080   501   501 W InputMethodManagerService:     at android.os.Handler.dispatchMessage(Handler.java:99)
06-19 20:45:17.080   501   501 W InputMethodManagerService:     at android.os.Looper.loop(Looper.java:223)
06-19 20:45:17.080   501   501 W InputMethodManagerService:     at com.android.server.SystemServer.run(SystemServer.java:622)
06-19 20:45:17.080   501   501 W InputMethodManagerService:     at com.android.server.SystemServer.main(SystemServer.java:408)
06-19 20:45:17.080   501   501 W InputMethodManagerService:     at java.lang.reflect.Method.invoke(Native Method)
06-19 20:45:17.080   501   501 W InputMethodManagerService:     at com.android.internal.os.RuntimeInit$MethodAndArgsCaller.run(RuntimeInit.java:592)
06-19 20:45:17.080   501   501 W InputMethodManagerService:     at com.android.internal.os.ZygoteInit.main(ZygoteInit.java:925)
06-19 20:45:17.080   501   512 W System  : A resource failed to call release.
06-19 20:45:17.082   501   501 W InputMethodManagerService: Session failed to close due to remote exception
06-19 20:45:17.082   501   501 W InputMethodManagerService: android.os.DeadObjectException
06-19 20:45:17.082   501   501 W InputMethodManagerService:     at android.os.BinderProxy.transactNative(Native Method)
06-19 20:45:17.082   501   501 W InputMethodManagerService:     at android.os.BinderProxy.transact(BinderProxy.java:540)
06-19 20:45:17.082   501   501 W InputMethodManagerService:     at com.android.internal.view.IInputMethodSession$Stub$Proxy.finishSession(IInputMethodSession.java:432)
06-19 20:45:17.082   501   501 W InputMethodManagerService:     at com.android.server.inputmethod.InputMethodManagerService.finishSessionLocked(InputMethodManagerService.java:2708)
06-19 20:45:17.082   501   501 W InputMethodManagerService:     at com.android.server.inputmethod.InputMethodManagerService.clearClientSessionLocked(InputMethodManagerService.java:2699)
06-19 20:45:17.082   501   501 W InputMethodManagerService:     at com.android.server.inputmethod.InputMethodManagerService.clearCurMethodLocked(InputMethodManagerService.java:2726)
06-19 20:45:17.082   501   501 W InputMethodManagerService:     at com.android.server.inputmethod.InputMethodManagerService.onServiceDisconnected(InputMethodManagerService.java:2755)
06-19 20:45:17.082   501   501 W InputMethodManagerService:     at android.app.LoadedApk$ServiceDispatcher.doDeath(LoadedApk.java:1973)
06-19 20:45:17.082   501   501 W InputMethodManagerService:     at android.app.LoadedApk$ServiceDispatcher$RunConnection.run(LoadedApk.java:1988)
06-19 20:45:17.082   501   501 W InputMethodManagerService:     at android.os.Handler.handleCallback(Handler.java:938)
06-19 20:45:17.082   501   501 W InputMethodManagerService:     at android.os.Handler.dispatchMessage(Handler.java:99)
06-19 20:45:17.082   501   501 W InputMethodManagerService:     at android.os.Looper.loop(Looper.java:223)
06-19 20:45:17.082   501   501 W InputMethodManagerService:     at com.android.server.SystemServer.run(SystemServer.java:622)
06-19 20:45:17.082   501   501 W InputMethodManagerService:     at com.android.server.SystemServer.main(SystemServer.java:408)
06-19 20:45:17.082   501   501 W InputMethodManagerService:     at java.lang.reflect.Method.invoke(Native Method)
06-19 20:45:17.082   501   501 W InputMethodManagerService:     at com.android.internal.os.RuntimeInit$MethodAndArgsCaller.run(RuntimeInit.java:592)
06-19 20:45:17.082   501   501 W InputMethodManagerService:     at com.android.internal.os.ZygoteInit.main(ZygoteInit.java:925)
06-19 20:45:17.083   501  1621 W ActivityManager: Scheduling restart of crashed service com.google.android.inputmethod.latin/com.android.inputmethod.latin.LatinIME in 1000ms for connection
06-19 20:45:17.085   501   501 W InputMethodManagerService: Session failed to close due to remote exception
06-19 20:45:17.085   501   501 W InputMethodManagerService: android.os.DeadObjectException
06-19 20:45:17.085   501   501 W InputMethodManagerService:     at android.os.BinderProxy.transactNative(Native Method)
06-19 20:45:17.085   501   501 W InputMethodManagerService:     at android.os.BinderProxy.transact(BinderProxy.java:540)
06-19 20:45:17.085   501   501 W InputMethodManagerService:     at com.android.internal.view.IInputMethodSession$Stub$Proxy.finishSession(IInputMethodSession.java:432)
06-19 20:45:17.085   501   501 W InputMethodManagerService:     at com.android.server.inputmethod.InputMethodManagerService.finishSessionLocked(InputMethodManagerService.java:2708)
06-19 20:45:17.085   501   501 W InputMethodManagerService:     at com.android.server.inputmethod.InputMethodManagerService.clearClientSessionLocked(InputMethodManagerService.java:2699)
06-19 20:45:17.085   501   501 W InputMethodManagerService:     at com.android.server.inputmethod.InputMethodManagerService.clearCurMethodLocked(InputMethodManagerService.java:2726)
06-19 20:45:17.085   501   501 W InputMethodManagerService:     at com.android.server.inputmethod.InputMethodManagerService.onServiceDisconnected(InputMethodManagerService.java:2755)
06-19 20:45:17.085   501   501 W InputMethodManagerService:     at android.app.LoadedApk$ServiceDispatcher.doDeath(LoadedApk.java:1973)
06-19 20:45:17.085   501   501 W InputMethodManagerService:     at android.app.LoadedApk$ServiceDispatcher$RunConnection.run(LoadedApk.java:1988)
06-19 20:45:17.085   501   501 W InputMethodManagerService:     at android.os.Handler.handleCallback(Handler.java:938)
06-19 20:45:17.085   501   501 W InputMethodManagerService:     at android.os.Handler.dispatchMessage(Handler.java:99)
06-19 20:45:17.085   501   501 W InputMethodManagerService:     at android.os.Looper.loop(Looper.java:223)
06-19 20:45:17.085   501   501 W InputMethodManagerService:     at com.android.server.SystemServer.run(SystemServer.java:622)
06-19 20:45:17.085   501   501 W InputMethodManagerService:     at com.android.server.SystemServer.main(SystemServer.java:408)
06-19 20:45:17.085   501   501 W InputMethodManagerService:     at java.lang.reflect.Method.invoke(Native Method)
06-19 20:45:17.085   501   501 W InputMethodManagerService:     at com.android.internal.os.RuntimeInit$MethodAndArgsCaller.run(RuntimeInit.java:592)
06-19 20:45:17.085   501   501 W InputMethodManagerService:     at com.android.internal.os.ZygoteInit.main(ZygoteInit.java:925)
06-19 20:45:17.089   501   501 W InputMethodManagerService: Session failed to close due to remote exception
06-19 20:45:17.089   501   501 W InputMethodManagerService: android.os.DeadObjectException
06-19 20:45:17.089   501   501 W InputMethodManagerService:     at android.os.BinderProxy.transactNative(Native Method)
06-19 20:45:17.089   501   501 W InputMethodManagerService:     at android.os.BinderProxy.transact(BinderProxy.java:540)
06-19 20:45:17.089   501   501 W InputMethodManagerService:     at com.android.internal.view.IInputMethodSession$Stub$Proxy.finishSession(IInputMethodSession.java:432)
06-19 20:45:17.089   501   501 W InputMethodManagerService:     at com.android.server.inputmethod.InputMethodManagerService.finishSessionLocked(InputMethodManagerService.java:2708)
06-19 20:45:17.089   501   501 W InputMethodManagerService:     at com.android.server.inputmethod.InputMethodManagerService.clearClientSessionLocked(InputMethodManagerService.java:2699)
06-19 20:45:17.089   501   501 W InputMethodManagerService:     at com.android.server.inputmethod.InputMethodManagerService.clearCurMethodLocked(InputMethodManagerService.java:2726)
06-19 20:45:17.089   501   501 W InputMethodManagerService:     at com.android.server.inputmethod.InputMethodManagerService.onServiceDisconnected(InputMethodManagerService.java:2755)
06-19 20:45:17.089   501   501 W InputMethodManagerService:     at android.app.LoadedApk$ServiceDispatcher.doDeath(LoadedApk.java:1973)
06-19 20:45:17.089   501   501 W InputMethodManagerService:     at android.app.LoadedApk$ServiceDispatcher$RunConnection.run(LoadedApk.java:1988)
06-19 20:45:17.089   501   501 W InputMethodManagerService:     at android.os.Handler.handleCallback(Handler.java:938)
06-19 20:45:17.089   501   501 W InputMethodManagerService:     at android.os.Handler.dispatchMessage(Handler.java:99)
06-19 20:45:17.089   501   501 W InputMethodManagerService:     at android.os.Looper.loop(Looper.java:223)
06-19 20:45:17.089   501   501 W InputMethodManagerService:     at com.android.server.SystemServer.run(SystemServer.java:622)
06-19 20:45:17.089   501   501 W InputMethodManagerService:     at com.android.server.SystemServer.main(SystemServer.java:408)
06-19 20:45:17.089   501   501 W InputMethodManagerService:     at java.lang.reflect.Method.invoke(Native Method)
06-19 20:45:17.089   501   501 W InputMethodManagerService:     at com.android.internal.os.RuntimeInit$MethodAndArgsCaller.run(RuntimeInit.java:592)
06-19 20:45:17.089   501   501 W InputMethodManagerService:     at com.android.internal.os.ZygoteInit.main(ZygoteInit.java:925)
06-19 20:45:17.092   501   538 W ActivityManager: setHasOverlayUi called on unknown pid: 1326
06-19 20:45:18.086   501   544 D CompatibilityChangeReporter: Compat change id reported: 135634846; UID 10134; state: DISABLED
06-19 20:45:18.087   501   545 D CompatibilityChangeReporter: Compat change id reported: 143937733; UID 10134; state: DISABLED
06-19 20:45:17.087   501   512 I chatty  : uid=1000(system) FinalizerDaemon identical 13 lines
06-19 20:45:17.087   501   512 W System  : A resource failed to call release.
06-19 20:45:18.092   286   286 D Zygote  : Forked child process 8354
06-19 20:45:18.095   501   545 I ActivityManager: Start proc 8354:com.google.android.inputmethod.latin/u0a134 for service {com.google.android.inputmethod.latin/com.android.inputmethod.latin.LatinIME}
06-19 20:45:18.096  8354  8354 W putmethod.lati: Unexpected CPU variant for X86 using defaults: x86_64
06-19 20:45:18.101  8354  8354 E putmethod.lati: Not starting debugger since process cannot load the jdwp agent.
06-19 20:45:18.110  8354  8354 D ApplicationLoaders: Returning zygote-cached class loader: /system/framework/android.test.base.jar
06-19 20:45:18.112  8354  8354 I putmethod.lati: The ClassLoaderContext is a special shared library.
06-19 20:45:18.113  8354  8354 D nativeloader: classloader namespace configured for unbundled product apk. library_path=/product/app/LatinIMEGooglePrebuilt/lib/x86_64:/product/app/LatinIMEGooglePrebuilt/LatinIMEGooglePrebuilt.apk!/lib/x86_64:/product/lib64:/system/product/lib64
06-19 20:45:18.134  8354  8354 D NetworkSecurityConfig: No Network Security Config specified, using platform default
06-19 20:45:18.134  8354  8354 D NetworkSecurityConfig: No Network Security Config specified, using platform default
06-19 20:45:18.207  8354  8354 I LatinApp: LatinApp.prepareNativeLibraries():206 set BrellaInit fields for in-app training.
06-19 20:45:18.211  8354  8354 I TetheringManager: registerTetheringEventCallback:com.google.android.inputmethod.latin
06-19 20:45:18.213  8354  8354 I DeviceStatusMonitor: DeviceStatusMonitor.updateCountryInfo():111 updateCountryInfo(), notifyAnyway = true
06-19 20:45:18.216  8354  8354 I DeviceStatusMonitor: DeviceStatusMonitor.notifyIfNetworkChanged():148 notifyIfNetworkChanged: newState = NON_METERED, airplaneModeOn = false, notifyAnyway = true
06-19 20:45:18.223  8354  8354 I TransientFileCleaner: TransientFileCleaner.deleteFilesByKey():378 Deleting 0 files
06-19 20:45:18.226  8354  8380 E FileCache: FileCache.clearObsoleteFilesInternal():271 Failed to delete all obsolete files under folder: /data/user_de/0/com.google.android.inputmethod.latin/cache/kb_def
06-19 20:45:18.231  8354  8354 I LatinApp: LatinApp.initialize():168 initialize()
06-19 20:45:18.235  8354  8354 I Environment: Environment.getDeviceMode():694 Get device mode by ui mode:1 and smallestScreenWidthDp:392
06-19 20:45:18.242  8354  8354 I Environment: Environment.getDeviceMode():694 Get device mode by ui mode:1 and smallestScreenWidthDp:392
06-19 20:45:18.246  8354  8382 I Environment: Environment.getDeviceMode():694 Get device mode by ui mode:1 and smallestScreenWidthDp:392
06-19 20:45:18.250  8354  8354 I TransientFileCleaner: TransientFileCleaner.deleteFilesByKey():378 Deleting 0 files
06-19 20:45:18.252  8354  8375 I LauncherIconVisibilityInitializerBase: LauncherIconVisibilityInitializerBase$1.run():51 doUpdate() : Visible = false
06-19 20:45:18.255  8354  8354 I AndroidIME: AppBase.onUserUnlocked():508 device protected preferences are migrated
06-19 20:45:18.264  8354  8389 W DataFileManager: DataFileManager.readFromDisk():370 error reading data manager entries
06-19 20:45:18.264  8354  8389 W DataFileManager: java.io.FileNotFoundException: /data/user/0/com.google.android.inputmethod.latin/files/data_file_manager.pb: open failed: ENOENT (No such file or directory)
06-19 20:45:18.264  8354  8389 W DataFileManager:       at libcore.io.IoBridge.open(IoBridge.java:492)
06-19 20:45:18.264  8354  8389 W DataFileManager:       at java.io.FileInputStream.<init>(FileInputStream.java:160)
06-19 20:45:18.264  8354  8389 W DataFileManager:       at android.app.ContextImpl.openFileInput(ContextImpl.java:636)
06-19 20:45:18.264  8354  8389 W DataFileManager:       at android.content.ContextWrapper.openFileInput(ContextWrapper.java:216)
06-19 20:45:18.264  8354  8389 W DataFileManager:       at jtj.a(PG:65)
06-19 20:45:18.264  8354  8389 W DataFileManager:       at jtj.a(PG:59)
06-19 20:45:18.264  8354  8389 W DataFileManager:       at chw.run(Unknown Source:1)
06-19 20:45:18.264  8354  8389 W DataFileManager:       at jsr.run(PG:15)
06-19 20:45:18.264  8354  8389 W DataFileManager:       at java.util.concurrent.ThreadPoolExecutor.runWorker(ThreadPoolExecutor.java:1167)
06-19 20:45:18.264  8354  8389 W DataFileManager:       at java.util.concurrent.ThreadPoolExecutor$Worker.run(ThreadPoolExecutor.java:641)
06-19 20:45:18.264  8354  8389 W DataFileManager:       at java.lang.Thread.run(Thread.java:923)
06-19 20:45:18.264  8354  8389 W DataFileManager:       at jsh.run(PG:4)
06-19 20:45:18.264  8354  8389 W DataFileManager: Caused by: android.system.ErrnoException: open failed: ENOENT (No such file or directory)
06-19 20:45:18.264  8354  8389 W DataFileManager:       at libcore.io.Linux.open(Native Method)
06-19 20:45:18.264  8354  8389 W DataFileManager:       at libcore.io.ForwardingOs.open(ForwardingOs.java:166)
06-19 20:45:18.264  8354  8389 W DataFileManager:       at libcore.io.BlockGuardOs.open(BlockGuardOs.java:254)
06-19 20:45:18.264  8354  8389 W DataFileManager:       at libcore.io.ForwardingOs.open(ForwardingOs.java:166)
06-19 20:45:18.264  8354  8389 W DataFileManager:       at android.app.ActivityThread$AndroidOs.open(ActivityThread.java:7542)
06-19 20:45:18.264  8354  8389 W DataFileManager:       at libcore.io.IoBridge.open(IoBridge.java:478)
06-19 20:45:18.264  8354  8389 W DataFileManager:       ... 11 more
06-19 20:45:18.275  8354  8392 I TiresiasImpl: TiresiasImpl.<init>():301 TiresiasImpl set up
06-19 20:45:18.277  8354  8396 I SuperpacksManager: SuperpacksManager.initializeInternal():503 initializeInternal()
06-19 20:45:18.280  8354  8392 I ShortcutsDataManager: ShortcutsDataManager.onContentChanged():89 onContentChanged()
06-19 20:45:18.280  8354  8392 I ContactsDataManager: ContactsDataManager.onContentChanged():148 onContentChanged()
06-19 20:45:18.281  8354  8392 I EmailDataManager: EmailDataManager.onContentChanged():109 onContentChanged()
06-19 20:45:18.291  8354  8396 I SuperpacksManager: SuperpacksManager.initializeInternal():548 Switched background task scheduler: false
06-19 20:45:18.292  8354  8396 I JobSchedulerImpl: JobSchedulerImpl.schedule():68 Schedule task: superpacks-gc-task. Cancel the pre-existing task.
06-19 20:45:18.294  8354  8396 I JobSchedulerImpl: JobSchedulerImpl.schedule():86 Schedule task: superpacks-gc-task. Success.
06-19 20:45:18.296  8354  8354 I GoogleInputMethodService: GoogleInputMethodService.initializeKeyboardTheme():1171 Apply keyboard theme: theme_border_stylesheet_googleblue_materiallight_assets:theme_package_metadata_google_blue_light.binarypb_port
06-19 20:45:18.306  8354  8354 I KeyboardModeManager: KeyboardModeManager.initializeKeyboardModeFromPreferences():258 Initialize with keyboard mode: 1 and previous keyboard mode: 1
06-19 20:45:18.306  8354  8398 I PrimesApiImpl: PrimesApiImpl.lambda$createInitTask$4():270 background initialization
06-19 20:45:18.309  8354  8400 I NetworkInfoNotification: NetworkInfoNotification$Listener.onReceive():84 onNetworkAvailable: networkState = NON_METERED, isAirplaneModeOn = false
06-19 20:45:18.312  8354  8354 I DeviceStatusMonitor: DeviceStatusMonitor$1.onReceive():51 onReceive() : Action = android.net.conn.CONNECTIVITY_CHANGE
06-19 20:45:18.313  8354  8354 I DeviceStatusMonitor: DeviceStatusMonitor.notifyIfNetworkChanged():148 notifyIfNetworkChanged: newState = NON_METERED, airplaneModeOn = false, notifyAnyway = false
06-19 20:45:18.314  8354  8354 I Environment: Environment.getDeviceMode():694 Get device mode by ui mode:1 and smallestScreenWidthDp:392
06-19 20:45:18.315  8354  8354 I chatty  : uid=10134(com.google.android.inputmethod.latin) identical 1 line
06-19 20:45:18.316  8354  8354 I Environment: Environment.getDeviceMode():694 Get device mode by ui mode:1 and smallestScreenWidthDp:392
06-19 20:45:18.321  8354  8354 I UrgentSignalsProcessor: UrgentSignalsProcessor.flagUpdated():96 Received flagsUpdated for urgent signal
06-19 20:45:18.323  8354  8406 I SuperDelight: SuperDelightManager.initializeDelightSuperpacks():321 initializeDelightSuperpacks()
06-19 20:45:18.323  8354  8406 I SuperDelight: SuperDelightManager.getDelightMetadataUriAndVersion():1036 getDelightMetadataUriAndVersion(): Phenotype : 2020070800 : https://www.gstatic.com/android/keyboard/dictionarypack/Klaw-normal/metadata.json
06-19 20:45:18.326  8354  8388 I InputActionMetricsProcessor: InputActionMetricsProcessor.onAttached():82 Attached to metrics manager.
06-19 20:45:18.328  8354  8407 I JapaneseMozcExtension: JapaneseMozcExtension.onCreateServiceInternal():74 onCreateServiceInternal()
06-19 20:45:18.334  8354  8354 I PhenotypeModule: PhenotypeModule.onCreate():135 onCreate()
06-19 20:45:18.334  8354  8354 I PhenotypeModule: PhenotypeModule.maybeFetchAndUpdate():167 maybeFetchAndUpdate: forceRefresh=true
06-19 20:45:18.340  8354  8385 I FallbackOnDeviceRecognizerModule: FallbackOnDeviceRecognizerModule.onCreate():17 onCreate()
06-19 20:45:18.341  8354  8385 I SpeechPackManager: SpeechPackManager.registerManifest():336 registering the speech pack manifest : 1827201787
06-19 20:45:18.350  8354  8412 I KeyboardGroupDefParser: KeyboardGroupDefParser.parseKeyboardGroupDef():89 parseKeyboardGroupDef() 2132148419 -> extension_emoji_search_extension_view_m2 : WaitTime = 2 ms : RunTime = 1 ms
06-19 20:45:18.357  8354  8413 I KeyboardGroupDefParser: KeyboardGroupDefParser.parseKeyboardGroupDef():89 parseKeyboardGroupDef() 2132148420 -> extension_emoji_search_keyboards_emojipicker15_m2 : WaitTime = 7 ms : RunTime = 1 ms
06-19 20:45:18.377  8354  8354 I ShortcutsDataManager: AbstractContentDataManager.startImportContentTask():208 startImportContentTask()
06-19 20:45:18.384  8354  8354 I DictionarySuperpacksManager: DictionarySuperpacksManager$1.onEnabledInputMethodEntriesChanged():61 onEnabledInputMethodEntriesChanged
06-19 20:45:18.390  8354  8354 I GoogleInputMethodService: GoogleInputMethodService.initializeKeyboardTheme():1171 Apply keyboard theme: theme_border_stylesheet_googleblue_materiallight_assets:theme_package_metadata_google_blue_light.binarypb_port
06-19 20:45:18.394  8354  8397 I ShortcutsDataManager: AbstractContentDataManager$ImportContentTask.doInBackground():222 doInBackground()
06-19 20:45:18.394  8354  8397 I PersonalDictionaryDataHandler: PersonalDictionaryDataHandler.beginProcess():111 LanguageTags = [en-US]
06-19 20:45:18.415  8354  8397 I ShortcutsDataManager: AbstractContentDataManager.importRecords():312 importRecords() : Success : Count = 0
06-19 20:45:18.416  8354  8421 I MaestroExtensionImpl: MaestroExtensionImpl.onCreate():175 onCreate() : Disabled by system locale.
06-19 20:45:18.425  8354  8397 I ShortcutsDataManager: AbstractContentDataManager.importContentData():262 importContentData() : Ending import process
06-19 20:45:18.431  8354  8396 I SuperDelight: SuperDelightDownloadMetadataParser.parse():177 SuperDelightDownloadMetadataParser#parse(delight): Manifest parsed with 884 packs
06-19 20:45:18.433  8354  8422 I SuperDelight: SuperDelightManager.lambda$registerAndUpgradeSuperpacks$4():473 SuperDelightManager#registerAndUpgradeSuperpacks(delight): current 2020070800, required 2020070800
06-19 20:45:18.435  8354  8399 I SpeechPackManager: SpeechPackManager.lambda$registerManifest$4():341 reusing the manifest : 1827201787
06-19 20:45:18.456  8354  8423 E PhenotypeModule: PhenotypeModule.handlePhenotypeConfigurationUpdates():246 Get empty configurations.
06-19 20:45:18.461  8354  8392 I PhenotypeModule: PhenotypeModule.lambda$fetchAndUpdate$3():215 fetchAndUpdate() : Success, hasFlags=true, flagCount=446, lastFetchStatus=June 19, 8:45 PM {reason=1, isFullFetch=false, success=true, isEmpty=true, isDelta=false, updatedFlagsCount=0, deletedFlagsCount=0, totalTime=122}
06-19 20:45:18.755  8354  8397 I PersonalLanguageModelUpdater: PersonalLanguageModelUpdater$UpdateOperation.performInternal():160 run() : Added 0 words and 0 shortcuts
06-19 20:45:18.755  8354  8397 I DynamicLanguageModelOperation: DynamicLanguageModelOperation.perform():37 perform() : 4 : coc : Completed
06-19 20:45:18.757  8354  8354 I ShortcutsDataManager: AbstractContentDataManager$ImportContentTask.onPostExecute():233 onPostExecute() : Result = [2,0]
06-19 20:45:18.757  8354  8354 I ShortcutsDataManager: ShortcutsDataManager.onImportFinished():99 onImportFinished() : Result = 2 : Count = 0
06-19 20:45:21.184  8354  8354 E JavaBinder: !!! FAILED BINDER TRANSACTION !!!  (parcel size = 156)
06-19 20:45:21.184  8354  8354 D AndroidRuntime: Shutting down VM
06-19 20:45:21.185  8354  8354 E AndroidRuntime: FATAL EXCEPTION: main
06-19 20:45:21.185  8354  8354 E AndroidRuntime: Process: com.google.android.inputmethod.latin, PID: 8354
06-19 20:45:21.185  8354  8354 E AndroidRuntime: DeadSystemException: The system died; earlier logs will point to the root cause
06-19 20:45:21.194   501  8426 I DropBoxManagerService: add tag=system_app_crash isTagEnabled=true flags=0x2
06-19 20:45:21.200   501   544 W BroadcastQueue: Background execution not allowed: receiving Intent { act=android.intent.action.DROPBOX_ENTRY_ADDED flg=0x10 (has extras) } to com.google.android.gms/.stats.service.DropBoxEntryAddedReceiver
06-19 20:45:21.200   501   544 W BroadcastQueue: Background execution not allowed: receiving Intent { act=android.intent.action.DROPBOX_ENTRY_ADDED flg=0x10 (has extras) } to com.google.android.gms/.chimera.GmsIntentOperationService$PersistentTrustedReceiver
06-19 20:45:21.231  5923  5937 W System  : A resource failed to call close.
06-19 20:45:21.231  5923  5937 W System  : A resource failed to call close.
06-19 20:45:21.278   307  1263 D goldfish-address-space: claimShared: Ask to claim region [0x3f319a000 0x3f34e0000]
06-19 20:45:21.284   307  1263 D goldfish-address-space: claimShared: Ask to claim region [0x3f2232000 0x3f2578000]
06-19 20:45:21.288   307  1263 D goldfish-address-space: claimShared: Ask to claim region [0x3f18cd000 0x3f1c13000]
06-19 20:45:23.168  8354  8373 I putmethod.lati: Waiting for a blocking GC ProfileSaver
06-19 20:45:23.179  8354  8373 I putmethod.lati: WaitForGcToComplete blocked ProfileSaver on RunEmptyCheckpoint for 10.432ms
06-19 20:45:34.759   206   209 E android.system.suspend@1.0-service: Error opening kernel wakelock stats for: wakeup34: Permission denied
06-19 20:45:34.762   206   209 E android.system.suspend@1.0-service: Error opening kernel wakelock stats for: wakeup35: Permission denied
06-19 20:45:34.756   206   206 W Binder:206_2: type=1400 audit(0.0:329): avc: denied { read } for name="wakeup34" dev="sysfs" ino=18984 scontext=u:r:system_suspend:s0 tcontext=u:object_r:sysfs:s0 tclass=dir permissive=0
06-19 20:45:34.760   206   206 W Binder:206_2: type=1400 audit(0.0:330): avc: denied { read } for name="wakeup35" dev="sysfs" ino=19047 scontext=u:r:system_suspend:s0 tcontext=u:object_r:sysfs:s0 tclass=dir permissive=0
06-19 20:45:42.977   501  2614 D WifiNl80211Manager: Scan result ready event
06-19 20:45:42.977   501  2614 D WifiNative: Scan result ready event
06-19 20:45:45.804   480   480 E netmgr  : qemu_pipe_open_ns:62: Could not connect to the 'pipe:qemud:network' service: Invalid argument
06-19 20:45:45.804   480   480 E netmgr  : Failed to open QEMU pipe 'qemud:network': Invalid argument
06-19 20:45:45.999   486   486 E wifi_forwarder: qemu_pipe_open_ns:62: Could not connect to the 'pipe:qemud:wififorward' service: Invalid argument
06-19 20:45:45.999   486   486 E wifi_forwarder: RemoteConnection failed to initialize: RemoteConnection failed to open pipe
06-19 20:46:02.456   501  2614 I system_server: oneway function results will be dropped but finished with status OK and parcel size 4
06-19 20:46:02.456   501  1892 I ActivityManager: Killing 8354:com.google.android.inputmethod.latin/u0a134 (adj 200): crash
06-19 20:46:02.458   501  2614 I system_server: oneway function results will be dropped but finished with status OK and parcel size 4
06-19 20:46:02.463   501  6291 D OpenGLRenderer: endAllActiveAnimators on 0x769145e5cca0 (RippleDrawable) with handle 0x769065e72990
06-19 20:46:02.478   286   286 I Zygote  : Process 8354 exited due to signal 9 (Killed)
06-19 20:46:02.480   501  2620 I WindowManager: WIN DEATH: Window{91de94 u0 InputMethod}
06-19 20:46:02.480   501  2620 W InputDispatcher: Attempted to unregister already unregistered input channel '91de94 InputMethod (server)'
06-19 20:46:02.480   501   538 W ActivityManager: setHasOverlayUi called on unknown pid: 8354
06-19 20:46:02.506   501   546 I libprocessgroup: Successfully killed process cgroup uid 10134 pid 8354 in 47ms
06-19 20:46:02.592   501  2620 I system_server: oneway function results will be dropped but finished with status OK and parcel size 4
06-19 20:46:04.473   501  1621 I system_server: oneway function results will be dropped but finished with status OK and parcel size 4
06-19 20:46:04.607   501  1621 I system_server: oneway function results will be dropped but finished with status OK and parcel size 4
06-19 20:46:07.572   501  1892 I system_server: oneway function results will be dropped but finished with status OK and parcel size 4
06-19 20:46:13.782   206   209 E android.system.suspend@1.0-service: Error opening kernel wakelock stats for: wakeup34: Permission denied
06-19 20:46:13.784   206   209 E android.system.suspend@1.0-service: Error opening kernel wakelock stats for: wakeup35: Permission denied
06-19 20:46:13.780   206   206 W Binder:206_2: type=1400 audit(0.0:331): avc: denied { read } for name="wakeup34" dev="sysfs" ino=18984 scontext=u:r:system_suspend:s0 tcontext=u:object_r:sysfs:s0 tclass=dir permissive=0
06-19 20:46:13.780   206   206 W Binder:206_2: type=1400 audit(0.0:332): avc: denied { read } for name="wakeup35" dev="sysfs" ino=19047 scontext=u:r:system_suspend:s0 tcontext=u:object_r:sysfs:s0 tclass=dir permissive=0
06-19 20:46:29.024   206   209 E android.system.suspend@1.0-service: Error opening kernel wakelock stats for: wakeup34: Permission denied
06-19 20:46:29.027   206   209 E android.system.suspend@1.0-service: Error opening kernel wakelock stats for: wakeup35: Permission denied
06-19 20:46:29.020   206   206 W Binder:206_2: type=1400 audit(0.0:333): avc: denied { read } for name="wakeup34" dev="sysfs" ino=18984 scontext=u:r:system_suspend:s0 tcontext=u:object_r:sysfs:s0 tclass=dir permissive=0
06-19 20:46:29.024   206   206 W Binder:206_2: type=1400 audit(0.0:334): avc: denied { read } for name="wakeup35" dev="sysfs" ino=19047 scontext=u:r:system_suspend:s0 tcontext=u:object_r:sysfs:s0 tclass=dir permissive=0
06-19 20:46:35.186  1369  1472 W ProcessReaper: Memory state is: 400
06-19 20:46:35.187  1369  1472 W ProcessReaper: Killing process to refresh configuration
06-19 20:46:35.187  1369  1472 I Process : Sending signal. PID: 1369 SIG: 9
06-19 20:46:35.192   286   286 I Zygote  : Process 1369 exited due to signal 9 (Killed)
06-19 20:46:35.193   501  1650 I ActivityManager: Process com.google.android.apps.wellbeing (pid 1369) has died: cch+55 CEM
06-19 20:46:35.193   501   546 I libprocessgroup: Successfully killed process cgroup uid 10105 pid 1369 in 0ms
06-19 20:46:35.220  1799  2700 W ProcessReaper: Memory state is: 400
06-19 20:46:35.220  1799  2700 W ProcessReaper: Killing process to refresh experiment configuration
06-19 20:46:35.220  1799  2700 I Process : Sending signal. PID: 1799 SIG: 9
06-19 20:46:35.234   501  1896 D ConnectivityService: ConnectivityService NetworkRequestInfo binderDied(NetworkRequest [ LISTEN id=27, [ Capabilities: INTERNET&NOT_RESTRICTED&TRUSTED Uid: 10108 AdministratorUids: [] RequestorUid: 10108 RequestorPackageName: com.google.android.googlequicksearchbox] ], android.os.BinderProxy@fa0facc)
06-19 20:46:35.234   501  1199 I WindowManager: WIN DEATH: Window{7adc878 u0 com.google.android.googlequicksearchbox/android.app.ContextImpl}
06-19 20:46:35.235   501  1199 W InputDispatcher: Attempted to unregister already unregistered input channel '7adc878 com.google.android.googlequicksearchbox/android.app.ContextImpl (server)'
06-19 20:46:35.235   501   533 D ConnectivityService: ConnectivityService NetworkRequestInfo binderDied(NetworkRequest [ TRACK_DEFAULT id=26, [ Capabilities: INTERNET&NOT_RESTRICTED&TRUSTED Uid: 10108 AdministratorUids: [] RequestorUid: 10108 RequestorPackageName: com.google.android.googlequicksearchbox] ], android.os.BinderProxy@d9ac2a)
06-19 20:46:35.235   501   663 D ConnectivityService: releasing NetworkRequest [ TRACK_DEFAULT id=26, [ Capabilities: INTERNET&NOT_RESTRICTED&TRUSTED Uid: 10108 AdministratorUids: [] RequestorUid: 10108 RequestorPackageName: com.google.android.googlequicksearchbox] ] (release request)
06-19 20:46:35.235   501  1959 I ActivityManager: Process com.google.android.googlequicksearchbox:search (pid 1799) has died: cch CACC
06-19 20:46:35.237   287   287 I Zygote  : Process 1799 exited due to signal 9 (Killed)
06-19 20:46:35.238   501  1959 W ActivityManager: Scheduling restart of crashed service com.google.android.googlequicksearchbox/com.google.android.apps.gsa.nowoverlayservice.DrawerOverlayService in 1000ms for connection
06-19 20:46:35.240   501   538 W ActivityManager: setHasOverlayUi called on unknown pid: 1799
06-19 20:46:35.240  5666  5666 E ActivityThread: Service com.google.android.gms.chimera.GmsBoundBrokerService has leaked IntentReceiver com.google.android.gms.mdm.receivers.WifiStateChangedReceiver@980a25b that was originally registered here. Are you missing a call to unregisterReceiver()?
06-19 20:46:35.240  5666  5666 E ActivityThread: android.app.IntentReceiverLeaked: Service com.google.android.gms.chimera.GmsBoundBrokerService has leaked IntentReceiver com.google.android.gms.mdm.receivers.WifiStateChangedReceiver@980a25b that was originally registered here. Are you missing a call to unregisterReceiver()?
06-19 20:46:35.240  5666  5666 E ActivityThread:        at android.app.LoadedApk$ReceiverDispatcher.<init>(LoadedApk.java:1594)
06-19 20:46:35.240  5666  5666 E ActivityThread:        at android.app.LoadedApk.getReceiverDispatcher(LoadedApk.java:1374)
06-19 20:46:35.240  5666  5666 E ActivityThread:        at android.app.ContextImpl.registerReceiverInternal(ContextImpl.java:1614)
06-19 20:46:35.240  5666  5666 E ActivityThread:        at android.app.ContextImpl.registerReceiver(ContextImpl.java:1580)
06-19 20:46:35.240  5666  5666 E ActivityThread:        at android.content.ContextWrapper.registerReceiver(ContextWrapper.java:681)
06-19 20:46:35.240  5666  5666 E ActivityThread:        at android.content.ContextWrapper.registerReceiver(ContextWrapper.java:681)
06-19 20:46:35.240  5666  5666 E ActivityThread:        at android.content.ContextWrapper.registerReceiver(ContextWrapper.java:681)
06-19 20:46:35.240  5666  5666 E ActivityThread:        at android.content.ContextWrapper.registerReceiver(ContextWrapper.java:681)
06-19 20:46:35.240  5666  5666 E ActivityThread:        at android.content.ContextWrapper.registerReceiver(ContextWrapper.java:681)
06-19 20:46:35.240  5666  5666 E ActivityThread:        at android.content.ContextWrapper.registerReceiver(ContextWrapper.java:681)
06-19 20:46:35.240  5666  5666 E ActivityThread:        at android.content.ContextWrapper.registerReceiver(ContextWrapper.java:681)
06-19 20:46:35.240  5666  5666 E ActivityThread:        at android.content.ContextWrapper.registerReceiver(ContextWrapper.java:681)
06-19 20:46:35.240  5666  5666 E ActivityThread:        at aqax.a(:com.google.android.gms@201817023@20.18.17 (040800-311416286):2)
06-19 20:46:35.240  5666  5666 E ActivityThread:        at aqbp.a(:com.google.android.gms@201817023@20.18.17 (040800-311416286):13)
06-19 20:46:35.240  5666  5666 E ActivityThread:        at zus.run(:com.google.android.gms@201817023@20.18.17 (040800-311416286):10)
06-19 20:46:35.240  5666  5666 E ActivityThread:        at blot.run(:com.google.android.gms@201817023@20.18.17 (040800-311416286):2)
06-19 20:46:35.240  5666  5666 E ActivityThread:        at sji.b(:com.google.android.gms@201817023@20.18.17 (040800-311416286):12)
06-19 20:46:35.240  5666  5666 E ActivityThread:        at sji.run(:com.google.android.gms@201817023@20.18.17 (040800-311416286):7)
06-19 20:46:35.240  5666  5666 E ActivityThread:        at java.util.concurrent.ThreadPoolExecutor.runWorker(ThreadPoolExecutor.java:1167)
06-19 20:46:35.240  5666  5666 E ActivityThread:        at java.util.concurrent.ThreadPoolExecutor$Worker.run(ThreadPoolExecutor.java:641)
06-19 20:46:35.240  5666  5666 E ActivityThread:        at spj.run(:com.google.android.gms@201817023@20.18.17 (040800-311416286):0)
06-19 20:46:35.240  5666  5666 E ActivityThread:        at java.lang.Thread.run(Thread.java:923)
06-19 20:46:35.242   728   728 V KeyguardUpdateMonitor: onSubscriptionInfoChanged()
06-19 20:46:35.242  1074  1074 D Telephony: isEmergencyPreferredAccount: subId=1, activeData=1
06-19 20:46:35.242  1074  1074 D Telephony: isEmergencyPreferredAccount: Device does not require preference.
06-19 20:46:35.243   728   728 V KeyguardUpdateMonitor: SubInfo:{id=1 iccId=890141032[****] simSlotIndex=0 carrierId=1 displayName=T-Mobile carrierName=T-Mobile nameSource=3 iconTint=-16746133 number=[****] dataRoaming=0 iconBitmap=android.graphics.Bitmap@955ea5d mcc=310 mnc=260 countryIso=us isEmbedded=false nativeAccessRules=null cardString=890141032[****] cardId=-1 isOpportunistic=false groupUUID=null isGroupDisabled=false profileClass=-1 ehplmns=null hplmns=null subscriptionType=0 groupOwner=null carrierConfigAccessRules=null areUiccApplicationsEnabled=true}
06-19 20:46:35.271   501   546 I libprocessgroup: Successfully killed process cgroup uid 10108 pid 1799 in 35ms
06-19 20:46:45.836   480   480 E netmgr  : qemu_pipe_open_ns:62: Could not connect to the 'pipe:qemud:network' service: Invalid argument
06-19 20:46:45.836   480   480 E netmgr  : Failed to open QEMU pipe 'qemud:network': Invalid argument
06-19 20:46:46.043   486   486 E wifi_forwarder: qemu_pipe_open_ns:62: Could not connect to the 'pipe:qemud:wififorward' service: Invalid argument
06-19 20:46:46.043   486   486 E wifi_forwarder: RemoteConnection failed to initialize: RemoteConnection failed to open pipe
06-19 20:47:19.330   206   209 E android.system.suspend@1.0-service: Error opening kernel wakelock stats for: wakeup34: Permission denied
06-19 20:47:19.333   206   209 E android.system.suspend@1.0-service: Error opening kernel wakelock stats for: wakeup35: Permission denied
06-19 20:47:19.324   206   206 W Binder:206_2: type=1400 audit(0.0:335): avc: denied { read } for name="wakeup34" dev="sysfs" ino=18984 scontext=u:r:system_suspend:s0 tcontext=u:object_r:sysfs:s0 tclass=dir permissive=0
06-19 20:47:19.328   206   206 W Binder:206_2: type=1400 audit(0.0:336): avc: denied { read } for name="wakeup35" dev="sysfs" ino=19047 scontext=u:r:system_suspend:s0 tcontext=u:object_r:sysfs:s0 tclass=dir permissive=0
06-19 20:47:34.824   206   209 E android.system.suspend@1.0-service: Error opening kernel wakelock stats for: wakeup34: Permission denied
06-19 20:47:34.827   206   209 E android.system.suspend@1.0-service: Error opening kernel wakelock stats for: wakeup35: Permission denied
06-19 20:47:34.820   206   206 W Binder:206_2: type=1400 audit(0.0:337): avc: denied { read } for name="wakeup34" dev="sysfs" ino=18984 scontext=u:r:system_suspend:s0 tcontext=u:object_r:sysfs:s0 tclass=dir permissive=0
06-19 20:47:34.824   206   206 W Binder:206_2: type=1400 audit(0.0:338): avc: denied { read } for name="wakeup35" dev="sysfs" ino=19047 scontext=u:r:system_suspend:s0 tcontext=u:object_r:sysfs:s0 tclass=dir permissive=0
06-19 20:47:45.844   480   480 E netmgr  : qemu_pipe_open_ns:62: Could not connect to the 'pipe:qemud:network' service: Invalid argument
06-19 20:47:45.844   480   480 E netmgr  : Failed to open QEMU pipe 'qemud:network': Invalid argument
06-19 20:47:46.049   486   486 E wifi_forwarder: qemu_pipe_open_ns:62: Could not connect to the 'pipe:qemud:wififorward' service: Invalid argument
06-19 20:47:46.049   486   486 E wifi_forwarder: RemoteConnection failed to initialize: RemoteConnection failed to open pipe
06-19 20:48:21.356  7111  7350 I PhenotypeProcessReaper: Memory state is: 230
06-19 20:48:22.947  7111  7111 I Finsky  : [2] ajlh.onStartJob(127): SCH: job service start with id 9238.
06-19 20:48:22.970   501  1601 D WifiNl80211Manager: Scan result ready event
06-19 20:48:22.970   501  1601 D WifiNative: Scan result ready event
06-19 20:48:22.978  7111  8442 I Finsky  : [635] oab.a(728): SCH: Satisfied jobs for 9238 are: 10-11, 10-26, 10-123
06-19 20:48:22.979  7111  8440 I Finsky  : [634] ajkf.accept(151): SCH: Job 10-11 starting
06-19 20:48:22.980  7111  7198 I Finsky  : [495] akox.a(47): Running split install cleaner
06-19 20:48:22.982  7111  8440 I Finsky  : [634] ajkf.accept(151): SCH: Job 10-26 starting
06-19 20:48:22.983  7111  8440 I Finsky  : [634] ajkf.accept(151): SCH: Job 10-123 starting
06-19 20:48:22.984  7111  7111 I Finsky  : [2] AppRecoveryHygieneJob.b(6): AppRecoveryHygieneJob starting
06-19 20:48:22.985  7111  7193 I Finsky  : [489] ofu.apply(340): AppRecoveryHygieneJob: successfully finished generating v3.1 signatures
06-19 20:48:22.986  7111  7193 I Finsky  : [489] ofw.a(1565): AppRecoveryHygieneJob: starting fetching app recovery item details of packages
06-19 20:48:22.986  7111  7193 I Finsky  : [489] ofu.apply(328): AppRecoveryHygieneJob: successfully fetched app recovery item details of packages
06-19 20:48:22.986  7111  7193 I Finsky  : [489] xuy.a(143): AppRecoveryHygieneJob: no item details are available for app recovery updates
06-19 20:48:22.986  7111  7193 I Finsky  : [489] ofu.apply(314): AppRecoveryHygieneJob finished
06-19 20:48:22.987  7111  8444 I Finsky  : [637] aksh.accept(114): Removed 0 obsolete sessions.
06-19 20:48:22.987  7111  7193 I Finsky  : [489] ajjq.q(61): SCH: jobFinished: 10-123. TimeElapsed: 3ms.
06-19 20:48:22.988  7111  8444 I Finsky  : [637] aksh.accept(73): Removed 0 corrupted downloaded sessions.
06-19 20:48:22.991  7111  8444 I Finsky  : [637] aksh.accept(187): Finished completion of 0 sessions. Successful: 0. Failed: 0.
06-19 20:48:22.992  7111  7195 I Finsky  : [493] ajjq.q(61): SCH: jobFinished: 10-26. TimeElapsed: 9ms.
06-19 20:48:22.994  7111  7193 I Finsky  : [489] ajjq.q(61): SCH: jobFinished: 10-11. TimeElapsed: 15ms.
06-19 20:48:23.026  7111  7195 I Finsky  : [493] tcp.accept(59): SCH: Scheduling phonesky job Id: 1-1337, CT: 1750354699209, Constraints: [{ L: 14399998, D: 53898069, C: CHARGING_NONE, I: IDLE_NONE, N: NET_ANY, B: BATTERY_ANY }]
06-19 20:48:23.027  7111  7195 I Finsky  : [493] tcp.accept(59): SCH: Scheduling phonesky job Id: 10-4, CT: 1750354698767, Constraints: [{ L: 1200000, D: 86400000, C: CHARGING_NONE, I: IDLE_NONE, N: NET_ANY, B: BATTERY_ANY }]
06-19 20:48:23.030  7111  7198 I Finsky  : [495] oac.apply(312): SCH: Scheduling 1 system job(s)
06-19 20:48:23.030  7111  7198 I Finsky  : [495] ajjn.b(261): SCH: Scheduling system job Id: 9243, L: 595737, D: 53294248, C: false, I: false, N: 1
06-19 20:48:23.036  7111  8440 I Finsky  : [634] ajlh.a(26): SCH: job service finished with id 9238.
06-19 20:48:27.114   501   501 I JobServiceContext: Client timed out while executing (no jobFinished received), sending onStop: 1365b11 #u0a107/10028 com.android.vending/com.google.android.finsky.scheduler.process.backgroundimpl.PhoneskyJobServiceBackground
06-19 20:48:27.115   501   501 I JobServiceContext: Client timed out while executing (no jobFinished received), sending onStop: 294974d #u0a107/10029 com.android.vending/com.google.android.finsky.scheduler.process.backgroundimpl.PhoneskyJobServiceBackground
06-19 20:48:27.118  7240  7240 I Finsky:background: [2] ajlh.onStopJob(17): SCH: system job 10028 received onStopJob signal.
06-19 20:48:27.120  7240  7240 I Finsky:background: [2] ajlh.onStopJob(147): SCH: system job 10028 stopped.
06-19 20:48:27.129  7240  7240 I Finsky:background: [2] ajlh.onStopJob(17): SCH: system job 10029 received onStopJob signal.
06-19 20:48:27.131  7240  7240 I Finsky:background: [2] ajlh.onStopJob(147): SCH: system job 10029 stopped.
06-19 20:48:27.140  7240  7240 I Finsky:background: [2] ahwm.apply(118): SCH: Job 3-3 is stopped while running due to system job stopped
06-19 20:48:27.141  7240  7240 I Finsky:background: [2] ajjq.r(41): SCH: jobStopped: 3-3. TimeElapsed: 600023ms. EventType: 2535
06-19 20:48:27.141  7240  7240 I Finsky:background: [2] ajjq.p(84): SCH: Attempting to reschedule job: Id: 3-3, Constraints: [{ L: 0, D: 86400000, C: CHARGING_NONE, I: IDLE_NONE, N: NET_ANY, B: BATTERY_ANY }]
06-19 20:48:27.142  7240  8448 I Finsky:background: [561] ajjq.q(61): SCH: jobFinished: 3-3. TimeElapsed: 600024ms.
06-19 20:48:27.142  7240  8448 W Finsky:background: [561] ajkg.j(20): SCH: Controller has no job when job 3-3 checks state.
06-19 20:48:27.142  7240  7280 I Finsky:background: [487] xvj.V(21): IQ: start evaluating install requests.
06-19 20:48:27.152   206   209 E android.system.suspend@1.0-service: Error opening kernel wakelock stats for: wakeup34: Permission denied
06-19 20:48:27.152  7240  7240 I Finsky:background: [2] ahwm.apply(118): SCH: Job 3-4 is stopped while running due to system job stopped
06-19 20:48:27.152  7240  7240 I Finsky:background: [2] ajjq.r(41): SCH: jobStopped: 3-4. TimeElapsed: 600029ms. EventType: 2535
06-19 20:48:27.153  7240  7240 I Finsky:background: [2] ajjq.p(84): SCH: Attempting to reschedule job: Id: 3-4, Constraints: [{ L: 0, D: 86400000, C: CHARGING_NONE, I: IDLE_NONE, N: NET_ANY, B: BATTERY_ANY }]
06-19 20:48:27.155   206   209 E android.system.suspend@1.0-service: Error opening kernel wakelock stats for: wakeup35: Permission denied
06-19 20:48:27.158  7240  7281 I Finsky:background: [488] ajjk.a(15): SCH: no pending jobs to schedule.
06-19 20:48:27.158  7240  7278 I Finsky:background: [485] ajjk.a(15): SCH: no pending jobs to schedule.
06-19 20:48:27.161  7240  8448 I Finsky:background: [561] ajjq.q(61): SCH: jobFinished: 3-4. TimeElapsed: 600037ms.
06-19 20:48:27.161  7240  8448 W Finsky:background: [561] ajkg.j(20): SCH: Controller has no job when job 3-4 checks state.
06-19 20:48:27.164  7240  7280 I Finsky:background: [487] xvj.V(202): IQ: There are 1 installs pending for job 4: [com.google.android.gms]
06-19 20:48:27.148   206   206 W Binder:206_2: type=1400 audit(0.0:339): avc: denied { read } for name="wakeup34" dev="sysfs" ino=18984 scontext=u:r:system_suspend:s0 tcontext=u:object_r:sysfs:s0 tclass=dir permissive=0
06-19 20:48:27.152   206   206 W Binder:206_2: type=1400 audit(0.0:340): avc: denied { read } for name="wakeup35" dev="sysfs" ino=19047 scontext=u:r:system_suspend:s0 tcontext=u:object_r:sysfs:s0 tclass=dir permissive=0
06-19 20:48:27.175  7240  7280 I Finsky:background: [487] xvj.V(475): IQ: 1 scheduled install statuses found to proceed.
06-19 20:48:27.178  7240  7282 I Finsky:background: [489] qqx.a(165): IV2: installer unavailable to accept com.google.android.gms. Current active installs :
06-19 20:48:27.178  7240  7282 I Finsky:background: com.google.android.googlequicksearchbox: installId: 0 isid: 3dtdgDxpRMak8imSL4Fu7A requested 9 min ago
