06-19 20:44:34.296   501  1892 I ActivityTaskManager: START u0 {act=android.intent.action.MAIN cat=[android.intent.category.HOME] flg=0x10000000 pkg=com.google.android.apps.nexuslauncher cmp=com.google.android.apps.nexuslauncher/.NexusLauncherActivity (has extras)} from uid 10137
06-19 20:44:34.212   501  1892 I system_server: oneway function results will be dropped but finished with status OK and parcel size 4
06-19 20:44:34.296   501   538 D EventSequenceValidator: Transition from INTENT_FAILED to INTENT_STARTED
06-19 20:44:34.298   400   400 I perfetto: ing_service_impl.cc:758 Configured tracing session 17, #sources:1, duration:5000 ms, #buffers:1, total buffer size:4096 KB, total sessions:1, uid:1071 session name: ""
06-19 20:44:34.299   397   397 I perfetto: probes_producer.cc:230  Ftrace setup (target_buf=17)
06-19 20:44:34.299   501  1892 W InputReader: Device virtio_input_multi_touch_9 is associated with display ADISPLAY_ID_NONE.
06-19 20:44:34.299   501  1892 W InputReader: Device virtio_input_multi_touch_7 is associated with display ADISPLAY_ID_NONE.
06-19 20:44:34.299   501  1892 W InputReader: Device virtio_input_multi_touch_10 is associated with display ADISPLAY_ID_NONE.
06-19 20:44:34.299   501  1892 W InputReader: Device virtio_input_multi_touch_6 is associated with display ADISPLAY_ID_NONE.
06-19 20:44:34.299   501  1892 W InputReader: Device virtio_input_multi_touch_4 is associated with display ADISPLAY_ID_NONE.
06-19 20:44:34.299   501  1892 W InputReader: Device virtio_input_multi_touch_3 is associated with display ADISPLAY_ID_NONE.
06-19 20:44:34.299   501  1892 W InputReader: Device virtio_input_multi_touch_8 is associated with display ADISPLAY_ID_NONE.
06-19 20:44:34.299   501  1892 W InputReader: Device virtio_input_multi_touch_11 is associated with display ADISPLAY_ID_NONE.
06-19 20:44:34.299   501  1892 W InputReader: Device virtio_input_multi_touch_5 is associated with display ADISPLAY_ID_NONE.
06-19 20:44:34.299   501  1892 W InputReader: Device virtio_input_multi_touch_2 is associated with display ADISPLAY_ID_NONE.
06-19 20:44:34.299   501  1892 W InputReader: Device virtio_input_multi_touch_9 is associated with display ADISPLAY_ID_NONE.
06-19 20:44:34.299   501  1892 W InputReader: Device virtio_input_multi_touch_7 is associated with display ADISPLAY_ID_NONE.
06-19 20:44:34.299   501  1892 W InputReader: Device virtio_input_multi_touch_10 is associated with display ADISPLAY_ID_NONE.
06-19 20:44:34.299   501  1892 W InputReader: Device virtio_input_multi_touch_6 is associated with display ADISPLAY_ID_NONE.
06-19 20:44:34.300   501  1892 W InputReader: Device virtio_input_multi_touch_4 is associated with display ADISPLAY_ID_NONE.
06-19 20:44:34.300   501  1892 W InputReader: Device virtio_input_multi_touch_3 is associated with display ADISPLAY_ID_NONE.
06-19 20:44:34.300   501  1892 W InputReader: Device virtio_input_multi_touch_8 is associated with display ADISPLAY_ID_NONE.
06-19 20:44:34.300   501  1892 W InputReader: Device virtio_input_multi_touch_11 is associated with display ADISPLAY_ID_NONE.
06-19 20:44:34.300   501  1892 W InputReader: Device virtio_input_multi_touch_5 is associated with display ADISPLAY_ID_NONE.
06-19 20:44:34.300   501  1892 W InputReader: Device virtio_input_multi_touch_2 is associated with display ADISPLAY_ID_NONE.
06-19 20:44:34.305   728   728 V ShadeControllerImpl: NotificationShadeWindow: com.android.systemui.statusbar.phone.NotificationShadeWindowView{a2e0ac I.E...... ......ID 0,0-1080,2280} canPanelBeCollapsed(): false
06-19 20:44:34.306   939   939 D RecentsOrientedState: current RecentsOrientedState: [this=RecentsOrientedState@2bb71e5 mOrientationHandler=PortraitPagedViewHandler@19f864c mDisplayRotation=0 mTouchRotation=0 mRecentsActivityRotation=0 isRecentsActivityRotationAllowed=false mSystemRotation=true mFlags=299]
06-19 20:44:34.306   939   939 D RecentsOrientedState: current RecentsOrientedState: [this=RecentsOrientedState@2bb71e5 mOrientationHandler=PortraitPagedViewHandler@19f864c mDisplayRotation=0 mTouchRotation=0 mRecentsActivityRotation=0 isRecentsActivityRotationAllowed=false mSystemRotation=true mFlags=299]
06-19 20:44:34.310   346  8287 I android.hardware.vibrator-service.example: Notifying perform complete
06-19 20:44:34.310   346   346 I android.hardware.vibrator-service.example: Vibrator off
06-19 20:44:34.313   501   538 D EventSequenceValidator: Transition from INTENT_STARTED to ACTIVITY_LAUNCHED
06-19 20:44:34.327   397   397 I perfetto: ftrace_procfs.cc:176    enabled ftrace
06-19 20:44:34.328   307  1263 D goldfish-address-space: claimShared: Ask to claim region [0x3f52ca000 0x3f5c2f000]
06-19 20:44:34.338   307  1263 D goldfish-address-space: claimShared: Ask to claim region [0x3f5c2f000 0x3f6594000]
06-19 20:44:34.343   307  1263 D goldfish-address-space: claimShared: Ask to claim region [0x3f6594000 0x3f6ef9000]
06-19 20:44:34.347   501  1892 I system_server: oneway function results will be dropped but finished with status OK and parcel size 4
06-19 20:44:34.363   939   939 I AiAiSuggestUi: Clearing suggestions.
06-19 20:44:34.363   939   939 I AiAiSuggestUi: Clearing suggestions.
06-19 20:44:34.366   307  1263 D goldfish-address-space: claimShared: Ask to claim region [0x3f6ef9000 0x3f74fc000]
06-19 20:44:34.384   501   543 D ArtManagerInternalImpl: /data/misc/iorapd/com.google.android.apps.nexuslauncher/821/com.google.android.apps.nexuslauncher.NexusLauncherActivity/compiled_traces/compiled_trace.pb doesn't exist
06-19 20:44:34.385   939   939 D RecentsOrientedState: current RecentsOrientedState: [this=RecentsOrientedState@f4c75ed mOrientationHandler=PortraitPagedViewHandler@19f864c mDisplayRotation=0 mTouchRotation=0 mRecentsActivityRotation=0 isRecentsActivityRotationAllowed=false mSystemRotation=true mFlags=43]
06-19 20:44:34.385   939   939 I chatty  : uid=10137(com.google.android.apps.nexuslauncher) identical 2 lines
06-19 20:44:34.385   939   939 D RecentsOrientedState: current RecentsOrientedState: [this=RecentsOrientedState@f4c75ed mOrientationHandler=PortraitPagedViewHandler@19f864c mDisplayRotation=0 mTouchRotation=0 mRecentsActivityRotation=0 isRecentsActivityRotationAllowed=false mSystemRotation=true mFlags=43]
06-19 20:44:34.397   501   538 D EventSequenceValidator: Transition from ACTIVITY_LAUNCHED to ACTIVITY_FINISHED
06-19 20:44:34.403   313   384 W EmuHWC2 : validate: layer 77 CompositionType 1, fallback
06-19 20:44:34.406   307  1263 D goldfish-address-space: claimShared: Ask to claim region [0x3f74fc000 0x3f7e61000]
06-19 20:44:34.406   313   384 W EmuHWC2 : No layers, exit, buffer 0x7c994da7e1d0
06-19 20:44:34.420   313   384 W EmuHWC2 : validate: layer 77 CompositionType 1, fallback
06-19 20:44:34.422   939   939 I AiAiSuggestUi: Clearing suggestions.
06-19 20:44:34.426   313   384 W EmuHWC2 : No layers, exit, buffer 0x7c994da7f340
06-19 20:44:34.433   307  1263 D goldfish-address-space: claimShared: Ask to claim region [0x3f8000000 0x3f8965000]
06-19 20:44:34.438   313   384 W EmuHWC2 : validate: layer 77 CompositionType 1, fallback
06-19 20:44:34.440   307   307 D goldfish-address-space: claimShared: Ask to claim region [0x3faee8000 0x3fb84d000]
06-19 20:44:34.456   313   384 W EmuHWC2 : No layers, exit, buffer 0x7c994da7e1d0
06-19 20:44:34.459   313   384 W EmuHWC2 : validate: layer 77 CompositionType 1, fallback
06-19 20:44:34.469   313   384 W EmuHWC2 : No layers, exit, buffer 0x7c994da7f340
06-19 20:44:34.471   313   384 W EmuHWC2 : validate: layer 77 CompositionType 1, fallback
06-19 20:44:34.481   313   384 W EmuHWC2 : No layers, exit, buffer 0x7c994da7e1d0
06-19 20:44:34.487   313   384 W EmuHWC2 : validate: layer 77 CompositionType 1, fallback
06-19 20:44:34.492   313   384 W EmuHWC2 : No layers, exit, buffer 0x7c994da7f340
06-19 20:44:34.503   313   384 W EmuHWC2 : validate: layer 77 CompositionType 1, fallback
06-19 20:44:34.507   313   384 W EmuHWC2 : No layers, exit, buffer 0x7c994da7e1d0
06-19 20:44:34.510  1799  2019 W ThreadPoolDumper: Queue length for executor EventBus is now 11. Perhaps some tasks are too long, or the pool is too small.
06-19 20:44:34.516  1799  2090 W LocationOracle: No location history returned by ContextManager
06-19 20:44:34.520   313   384 W EmuHWC2 : validate: layer 77 CompositionType 1, fallback
06-19 20:44:34.522   313   384 W EmuHWC2 : No layers, exit, buffer 0x7c994da7f340
06-19 20:44:34.536   313   384 W EmuHWC2 : validate: layer 77 CompositionType 1, fallback
06-19 20:44:34.539   313   384 W EmuHWC2 : No layers, exit, buffer 0x7c994da7e1d0
06-19 20:44:34.551  1799  1799 I BgTaskExecutorImpl: Starting EXCLUSIVE background task TNG_MINUS_ONE_SYNC.
06-19 20:44:34.552  5923  5982 W GCoreFlp: No location to return for getLastLocation()
06-19 20:44:34.555   313   384 W EmuHWC2 : validate: layer 77 CompositionType 1, fallback
06-19 20:44:34.558   313   384 W EmuHWC2 : No layers, exit, buffer 0x7c994da7f340
06-19 20:44:34.568  1799  2028 E MDD     : DownloadProgressMonitor: Can't find file group for uri: android://com.google.android.googlequicksearchbox/files/sharedminusonemodule/shared/SharedMinusOneData.pb.tmp
06-19 20:44:34.571   313   384 W EmuHWC2 : validate: layer 77 CompositionType 1, fallback
06-19 20:44:34.574   313   384 W EmuHWC2 : No layers, exit, buffer 0x7c994da7e1d0
06-19 20:44:34.579  1799  2019 I TngMinusOneSync: Syncing TNG:-1
06-19 20:44:34.587   313   384 W EmuHWC2 : validate: layer 77 CompositionType 1, fallback
06-19 20:44:34.596   313   384 W EmuHWC2 : No layers, exit, buffer 0x7c994da7f340
06-19 20:44:34.604   313   384 W EmuHWC2 : validate: layer 77 CompositionType 1, fallback
06-19 20:44:34.609   313   384 W EmuHWC2 : No layers, exit, buffer 0x7c994da7e1d0
06-19 20:44:34.621   313   384 W EmuHWC2 : validate: layer 77 CompositionType 1, fallback
06-19 20:44:34.625   313   384 W EmuHWC2 : No layers, exit, buffer 0x7c994da7f340
06-19 20:44:34.638   313   384 W EmuHWC2 : validate: layer 77 CompositionType 1, fallback
06-19 20:44:34.641   313   384 W EmuHWC2 : No layers, exit, buffer 0x7c994da7e1d0
06-19 20:44:34.654   365   365 E Layer   : [Surface(name=Task=1)/@0x4456ffd - animation-leash#0] No local sync point found
06-19 20:44:34.654   365   365 E Layer   : [Surface(name=Task=1)/@0x4456ffd - animation-leash#0] No local sync point found
06-19 20:44:34.654   365   365 E Layer   : [Surface(name=Task=13)/@0xa316853 - animation-leash#0] No local sync point found
06-19 20:44:34.654   365   365 E Layer   : [Surface(name=Task=13)/@0xa316853 - animation-leash#0] No local sync point found
06-19 20:44:34.662   939   939 I AiAiSuggestUi: Clearing suggestions.
06-19 20:44:34.680  6908  6908 D DashboardFragment: unregister observer: @fba6743, uri: content://com.android.settings.dashboard.SummaryProvider/backup
06-19 20:44:34.689  6908  6908 D DashboardFragment: unregister observer: @3911ffd, uri: content://com.android.settings.dashboard.SummaryProvider/user
06-19 20:44:34.917   206   209 E android.system.suspend@1.0-service: Error opening kernel wakelock stats for: wakeup34: Permission denied
06-19 20:44:34.912   206   206 W Binder:206_2: type=1400 audit(0.0:323): avc: denied { read } for name="wakeup34" dev="sysfs" ino=18984 scontext=u:r:system_suspend:s0 tcontext=u:object_r:sysfs:s0 tclass=dir permissive=0
06-19 20:44:34.919   206   209 E android.system.suspend@1.0-service: Error opening kernel wakelock stats for: wakeup35: Permission denied
06-19 20:44:34.916   206   206 W Binder:206_2: type=1400 audit(0.0:324): avc: denied { read } for name="wakeup35" dev="sysfs" ino=19047 scontext=u:r:system_suspend:s0 tcontext=u:object_r:sysfs:s0 tclass=dir permissive=0
06-19 20:44:35.510   501  1584 D WifiNl80211Manager: Scan result ready event
06-19 20:44:35.510   501  1584 D WifiNative: Scan result ready event
06-19 20:44:35.800   501   538 D EventSequenceValidator: Transition from ACTIVITY_FINISHED to INTENT_STARTED
06-19 20:44:35.801   400   400 I perfetto: ing_service_impl.cc:758 Configured tracing session 18, #sources:1, duration:5000 ms, #buffers:1, total buffer size:4096 KB, total sessions:2, uid:1071 session name: ""
06-19 20:44:35.802   397   397 I perfetto: probes_producer.cc:230  Ftrace setup (target_buf=18)
06-19 20:44:35.808   501   538 D EventSequenceValidator: Transition from INTENT_STARTED to ACTIVITY_LAUNCHED
06-19 20:44:35.809   501  2625 W InputReader: Device virtio_input_multi_touch_9 is associated with display ADISPLAY_ID_NONE.
06-19 20:44:35.809   501  2625 W InputReader: Device virtio_input_multi_touch_7 is associated with display ADISPLAY_ID_NONE.
06-19 20:44:35.809   501  2625 W InputReader: Device virtio_input_multi_touch_10 is associated with display ADISPLAY_ID_NONE.
06-19 20:44:35.809   501  2625 W InputReader: Device virtio_input_multi_touch_6 is associated with display ADISPLAY_ID_NONE.
06-19 20:44:35.809   501  2625 W InputReader: Device virtio_input_multi_touch_4 is associated with display ADISPLAY_ID_NONE.
06-19 20:44:35.809   501  2625 W InputReader: Device virtio_input_multi_touch_3 is associated with display ADISPLAY_ID_NONE.
06-19 20:44:35.809   501  2625 W InputReader: Device virtio_input_multi_touch_8 is associated with display ADISPLAY_ID_NONE.
06-19 20:44:35.809   501  2625 W InputReader: Device virtio_input_multi_touch_11 is associated with display ADISPLAY_ID_NONE.
06-19 20:44:35.809   501  2625 W InputReader: Device virtio_input_multi_touch_5 is associated with display ADISPLAY_ID_NONE.
06-19 20:44:35.809   501  2625 W InputReader: Device virtio_input_multi_touch_2 is associated with display ADISPLAY_ID_NONE.
06-19 20:44:35.809   501  2625 W InputReader: Device virtio_input_multi_touch_9 is associated with display ADISPLAY_ID_NONE.
06-19 20:44:35.809   501  2625 W InputReader: Device virtio_input_multi_touch_7 is associated with display ADISPLAY_ID_NONE.
06-19 20:44:35.809   501  2625 W InputReader: Device virtio_input_multi_touch_10 is associated with display ADISPLAY_ID_NONE.
06-19 20:44:35.809   501  2625 W InputReader: Device virtio_input_multi_touch_6 is associated with display ADISPLAY_ID_NONE.
06-19 20:44:35.809   501  2625 W InputReader: Device virtio_input_multi_touch_4 is associated with display ADISPLAY_ID_NONE.
06-19 20:44:35.809   501  2625 W InputReader: Device virtio_input_multi_touch_3 is associated with display ADISPLAY_ID_NONE.
06-19 20:44:35.809   501  2625 W InputReader: Device virtio_input_multi_touch_8 is associated with display ADISPLAY_ID_NONE.
06-19 20:44:35.809   501  2625 W InputReader: Device virtio_input_multi_touch_11 is associated with display ADISPLAY_ID_NONE.
06-19 20:44:35.809   501  2625 W InputReader: Device virtio_input_multi_touch_5 is associated with display ADISPLAY_ID_NONE.
06-19 20:44:35.809   501  2625 W InputReader: Device virtio_input_multi_touch_2 is associated with display ADISPLAY_ID_NONE.
06-19 20:44:35.811   501  1584 I system_server: oneway function results will be dropped but finished with status OK and parcel size 4
06-19 20:44:35.821   939   939 D RecentsOrientedState: current RecentsOrientedState: [this=RecentsOrientedState@eb125ff mOrientationHandler=PortraitPagedViewHandler@19f864c mDisplayRotation=0 mTouchRotation=0 mRecentsActivityRotation=0 isRecentsActivityRotationAllowed=false mSystemRotation=true mFlags=43]
06-19 20:44:35.821   939   939 I chatty  : uid=10137(com.google.android.apps.nexuslauncher) identical 2 lines
06-19 20:44:35.821   939   939 D RecentsOrientedState: current RecentsOrientedState: [this=RecentsOrientedState@eb125ff mOrientationHandler=PortraitPagedViewHandler@19f864c mDisplayRotation=0 mTouchRotation=0 mRecentsActivityRotation=0 isRecentsActivityRotationAllowed=false mSystemRotation=true mFlags=43]
06-19 20:44:35.826  6908  6908 D DashboardFragment: register observer: @fba6743, uri: content://com.android.settings.dashboard.SummaryProvider/backup
06-19 20:44:35.827  6908  6908 D DashboardFragment: register observer: @3911ffd, uri: content://com.android.settings.dashboard.SummaryProvider/user
06-19 20:44:35.834  6908  6908 D AssistGesture: mAssistOnly:false, isSupported:false, isSensorAvailable:false
06-19 20:44:35.835   501   811 I SystemUpdateManagerService: No existing info file /data/system/system-update-info.xml
06-19 20:44:35.835  6908  6908 D SysUpdatePrefContr: Update statue unknown
06-19 20:44:35.837   313   384 W EmuHWC2 : validate: layer 80 CompositionType 1, fallback
06-19 20:44:35.840   313   384 W EmuHWC2 : No layers, exit, buffer 0x7c994da7f340
06-19 20:44:35.845   307   307 D goldfish-address-space: claimShared: Ask to claim region [0x3f0f68000 0x3f18cd000]
06-19 20:44:35.853   313   384 W EmuHWC2 : validate: layer 80 CompositionType 1, fallback
06-19 20:44:35.854   307   307 D goldfish-address-space: claimShared: Ask to claim region [0x3f4000000 0x3f4965000]
06-19 20:44:35.855   501   549 E libprocessgroup: AddTidToCgroup failed to write '8304'; fd=48: Invalid argument
06-19 20:44:35.855   501   549 E libprocessgroup: Failed to add task into cgroup
06-19 20:44:35.855   501   549 W libprocessgroup: ExecuteForTask failed for aggregate profile: Invalid argument
06-19 20:44:35.861   313   384 W EmuHWC2 : No layers, exit, buffer 0x7c994da7e1d0
06-19 20:44:35.864   307   307 D goldfish-address-space: claimShared: Ask to claim region [0x3f4965000 0x3f52ca000]
06-19 20:44:35.868  6908  8304 D SettingsActivity: No enabled state changed, skipping updateCategory call
06-19 20:44:35.871   313   384 W EmuHWC2 : validate: layer 80 CompositionType 1, fallback
06-19 20:44:35.881   313   384 W EmuHWC2 : No layers, exit, buffer 0x7c994da7f340
06-19 20:44:35.886   501   543 D ArtManagerInternalImpl: /data/misc/iorapd/com.android.settings/30/com.android.settings.SubSettings/compiled_traces/compiled_trace.pb doesn't exist
06-19 20:44:35.886   501   538 D EventSequenceValidator: Transition from ACTIVITY_LAUNCHED to ACTIVITY_FINISHED
06-19 20:44:35.888   313   384 W EmuHWC2 : validate: layer 81 CompositionType 1, fallback
06-19 20:44:35.890   313   384 W EmuHWC2 : No layers, exit, buffer 0x7c994da7e1d0
06-19 20:44:35.905   313   384 W EmuHWC2 : validate: layer 81 CompositionType 1, fallback
06-19 20:44:35.908   313   384 W EmuHWC2 : No layers, exit, buffer 0x7c994da7f340
06-19 20:44:35.921   313   384 W EmuHWC2 : validate: layer 81 CompositionType 1, fallback
06-19 20:44:35.924   313   384 W EmuHWC2 : No layers, exit, buffer 0x7c994da7e1d0
06-19 20:44:35.937   313   384 W EmuHWC2 : validate: layer 81 CompositionType 1, fallback
06-19 20:44:35.940   313   384 W EmuHWC2 : No layers, exit, buffer 0x7c994da7f340
06-19 20:44:35.943   501  1728 I system_server: oneway function results will be dropped but finished with status OK and parcel size 4
06-19 20:44:35.953   313   384 W EmuHWC2 : validate: layer 81 CompositionType 1, fallback
06-19 20:44:35.955   313   384 W EmuHWC2 : No layers, exit, buffer 0x7c994da7e1d0
06-19 20:44:35.970   313   384 W EmuHWC2 : validate: layer 81 CompositionType 1, fallback
06-19 20:44:35.973   313   384 W EmuHWC2 : No layers, exit, buffer 0x7c994da7f340
06-19 20:44:35.987   313   384 W EmuHWC2 : validate: layer 81 CompositionType 1, fallback
06-19 20:44:35.990   313   384 W EmuHWC2 : No layers, exit, buffer 0x7c994da7e1d0
06-19 20:44:36.004   313   384 W EmuHWC2 : validate: layer 81 CompositionType 1, fallback
06-19 20:44:36.007   313   384 W EmuHWC2 : No layers, exit, buffer 0x7c994da7f340
06-19 20:44:36.021   313   384 W EmuHWC2 : validate: layer 81 CompositionType 1, fallback
06-19 20:44:36.024   313   384 W EmuHWC2 : No layers, exit, buffer 0x7c994da7e1d0
06-19 20:44:36.037   313   384 W EmuHWC2 : validate: layer 81 CompositionType 1, fallback
06-19 20:44:36.039   313   384 W EmuHWC2 : No layers, exit, buffer 0x7c994da7f340
06-19 20:44:36.053   313   384 W EmuHWC2 : validate: layer 81 CompositionType 1, fallback
06-19 20:44:36.056   313   384 W EmuHWC2 : No layers, exit, buffer 0x7c994da7e1d0
06-19 20:44:36.071   313   384 W EmuHWC2 : validate: layer 81 CompositionType 1, fallback
06-19 20:44:36.073   313   384 W EmuHWC2 : No layers, exit, buffer 0x7c994da7f340
06-19 20:44:36.087   313   384 W EmuHWC2 : validate: layer 81 CompositionType 1, fallback
06-19 20:44:36.092   313   384 W EmuHWC2 : No layers, exit, buffer 0x7c994da7e1d0
06-19 20:44:36.105   313   384 W EmuHWC2 : validate: layer 81 CompositionType 1, fallback
06-19 20:44:36.107   313   384 W EmuHWC2 : No layers, exit, buffer 0x7c994da7f340
06-19 20:44:36.121   313   384 W EmuHWC2 : validate: layer 81 CompositionType 1, fallback
06-19 20:44:36.125   313   384 W EmuHWC2 : No layers, exit, buffer 0x7c994da7e1d0
06-19 20:44:36.137   313   384 W EmuHWC2 : validate: layer 81 CompositionType 1, fallback
06-19 20:44:36.141   313   384 W EmuHWC2 : No layers, exit, buffer 0x7c994da7f340
06-19 20:44:36.154   313   384 W EmuHWC2 : validate: layer 81 CompositionType 1, fallback
06-19 20:44:36.156   313   384 W EmuHWC2 : No layers, exit, buffer 0x7c994da7e1d0
06-19 20:44:36.159   939   939 I AiAiSuggestUi: Clearing suggestions.
06-19 20:44:36.159   939   939 I AiAiSuggestUi: Clearing suggestions.
06-19 20:44:36.169   365   365 E Layer   : [Surface(name=Task=1)/@0x4456ffd - animation-leash#0] No local sync point found
06-19 20:44:36.169   365   365 E Layer   : [Surface(name=Task=13)/@0xa316853 - animation-leash#0] No local sync point found
06-19 20:44:36.186   365   365 E Layer   : [Surface(name=Task=13)/@0xa316853 - animation-leash#0] No local sync point found
06-19 20:44:36.190  1799  3511 I PBSessionCacheImpl: Deleted sessionId[7913836028035969] from persistence.
06-19 20:44:36.202  1799  2019 W SearchServiceCore: Abort, client detached.
06-19 20:44:38.898   501   811 I system_server: oneway function results will be dropped but finished with status OK and parcel size 4
06-19 20:44:39.310   397   397 I perfetto: probes_producer.cc:329  Producer stop (id=17)
06-19 20:44:39.312   400   400 I perfetto: ng_service_impl.cc:1948 Tracing session 17 ended, total sessions:1
06-19 20:44:39.457  1326  1418 I PeriodicStatsRunner: PeriodicStatsRunner.call():180 call()
06-19 20:44:39.458  1326  1418 I PeriodicStatsRunner: PeriodicStatsRunner.call():184 No submit PeriodicStats since input started.
06-19 20:44:39.633   346   346 I android.hardware.vibrator-service.example: Vibrator reporting capabilities
06-19 20:44:39.634   346   346 I android.hardware.vibrator-service.example: Vibrator off
06-19 20:44:39.634   346   346 I android.hardware.vibrator-service.example: Vibrator perform
06-19 20:44:39.635   346  8305 I android.hardware.vibrator-service.example: Starting perform on another thread
06-19 20:44:39.638   501   811 I system_server: oneway function results will be dropped but finished with status OK and parcel size 4
06-19 20:44:39.638   501   811 I system_server: oneway function results will be dropped but finished with status OK and parcel size 4
06-19 20:44:39.707   349   439 D AF::Track: interceptBuffer: took 589us to intercept 0 tracks
06-19 20:44:39.736   346  8305 I android.hardware.vibrator-service.example: Notifying perform complete
06-19 20:44:39.737   346   346 I android.hardware.vibrator-service.example: Vibrator off
06-19 20:44:39.739   728   728 V ShadeControllerImpl: NotificationShadeWindow: com.android.systemui.statusbar.phone.NotificationShadeWindowView{a2e0ac I.E...... ......ID 0,0-1080,2280} canPanelBeCollapsed(): false
06-19 20:44:39.740   501   538 D EventSequenceValidator: Transition from ACTIVITY_FINISHED to INTENT_STARTED
06-19 20:44:39.740   501   811 I ActivityTaskManager: START u0 {act=android.intent.action.MAIN cat=[android.intent.category.HOME] flg=0x10000000 pkg=com.google.android.apps.nexuslauncher cmp=com.google.android.apps.nexuslauncher/.NexusLauncherActivity (has extras)} from uid 10137
06-19 20:44:39.741   400   400 I perfetto: ing_service_impl.cc:758 Configured tracing session 19, #sources:1, duration:5000 ms, #buffers:1, total buffer size:4096 KB, total sessions:2, uid:1071 session name: ""
06-19 20:44:39.742   397   397 I perfetto: probes_producer.cc:230  Ftrace setup (target_buf=19)
06-19 20:44:39.743   501   811 W InputReader: Device virtio_input_multi_touch_9 is associated with display ADISPLAY_ID_NONE.
06-19 20:44:39.743   501   811 W InputReader: Device virtio_input_multi_touch_7 is associated with display ADISPLAY_ID_NONE.
06-19 20:44:39.743   501   811 W InputReader: Device virtio_input_multi_touch_10 is associated with display ADISPLAY_ID_NONE.
06-19 20:44:39.743   501   811 W InputReader: Device virtio_input_multi_touch_6 is associated with display ADISPLAY_ID_NONE.
06-19 20:44:39.743   501   811 W InputReader: Device virtio_input_multi_touch_4 is associated with display ADISPLAY_ID_NONE.
06-19 20:44:39.743   501   811 W InputReader: Device virtio_input_multi_touch_3 is associated with display ADISPLAY_ID_NONE.
06-19 20:44:39.743   501   811 W InputReader: Device virtio_input_multi_touch_8 is associated with display ADISPLAY_ID_NONE.
06-19 20:44:39.743   501   811 W InputReader: Device virtio_input_multi_touch_11 is associated with display ADISPLAY_ID_NONE.
06-19 20:44:39.743   501   811 W InputReader: Device virtio_input_multi_touch_5 is associated with display ADISPLAY_ID_NONE.
06-19 20:44:39.743   501   811 W InputReader: Device virtio_input_multi_touch_2 is associated with display ADISPLAY_ID_NONE.
06-19 20:44:39.743   501   811 W InputReader: Device virtio_input_multi_touch_9 is associated with display ADISPLAY_ID_NONE.
06-19 20:44:39.743   501   811 W InputReader: Device virtio_input_multi_touch_7 is associated with display ADISPLAY_ID_NONE.
06-19 20:44:39.743   501   811 W InputReader: Device virtio_input_multi_touch_10 is associated with display ADISPLAY_ID_NONE.
06-19 20:44:39.743   501   811 W InputReader: Device virtio_input_multi_touch_6 is associated with display ADISPLAY_ID_NONE.
06-19 20:44:39.743   501   811 W InputReader: Device virtio_input_multi_touch_4 is associated with display ADISPLAY_ID_NONE.
06-19 20:44:39.743   501   811 W InputReader: Device virtio_input_multi_touch_3 is associated with display ADISPLAY_ID_NONE.
06-19 20:44:39.743   501   811 W InputReader: Device virtio_input_multi_touch_8 is associated with display ADISPLAY_ID_NONE.
06-19 20:44:39.743   501   811 W InputReader: Device virtio_input_multi_touch_11 is associated with display ADISPLAY_ID_NONE.
06-19 20:44:39.743   501   811 W InputReader: Device virtio_input_multi_touch_5 is associated with display ADISPLAY_ID_NONE.
06-19 20:44:39.743   501   811 W InputReader: Device virtio_input_multi_touch_2 is associated with display ADISPLAY_ID_NONE.
06-19 20:44:39.747   939   939 D RecentsOrientedState: current RecentsOrientedState: [this=RecentsOrientedState@2bb71e5 mOrientationHandler=PortraitPagedViewHandler@19f864c mDisplayRotation=0 mTouchRotation=0 mRecentsActivityRotation=0 isRecentsActivityRotationAllowed=false mSystemRotation=true mFlags=299]
06-19 20:44:39.747   939   939 D RecentsOrientedState: current RecentsOrientedState: [this=RecentsOrientedState@2bb71e5 mOrientationHandler=PortraitPagedViewHandler@19f864c mDisplayRotation=0 mTouchRotation=0 mRecentsActivityRotation=0 isRecentsActivityRotationAllowed=false mSystemRotation=true mFlags=299]
06-19 20:44:39.748   501   538 D EventSequenceValidator: Transition from INTENT_STARTED to ACTIVITY_LAUNCHED
06-19 20:44:39.765   307   307 D goldfish-address-space: claimShared: Ask to claim region [0x3f74fc000 0x3f7e61000]
06-19 20:44:39.774   501  2625 I system_server: oneway function results will be dropped but finished with status OK and parcel size 4
06-19 20:44:39.781   307   307 D goldfish-address-space: claimShared: Ask to claim region [0x3f52ca000 0x3f5c2f000]
06-19 20:44:39.785   307   307 D goldfish-address-space: claimShared: Ask to claim region [0x3f5c2f000 0x3f6594000]
06-19 20:44:39.793   939   939 I AiAiSuggestUi: Clearing suggestions.
06-19 20:44:39.793   939   939 I AiAiSuggestUi: Clearing suggestions.
06-19 20:44:39.799   307   307 D goldfish-address-space: claimShared: Ask to claim region [0x3f6594000 0x3f6b97000]
06-19 20:44:39.830   501   543 D ArtManagerInternalImpl: /data/misc/iorapd/com.google.android.apps.nexuslauncher/821/com.google.android.apps.nexuslauncher.NexusLauncherActivity/compiled_traces/compiled_trace.pb doesn't exist
06-19 20:44:39.831   939   939 D RecentsOrientedState: current RecentsOrientedState: [this=RecentsOrientedState@1ab2132 mOrientationHandler=PortraitPagedViewHandler@19f864c mDisplayRotation=0 mTouchRotation=0 mRecentsActivityRotation=0 isRecentsActivityRotationAllowed=false mSystemRotation=true mFlags=43]
06-19 20:44:39.831   939   939 I chatty  : uid=10137(com.google.android.apps.nexuslauncher) identical 2 lines
06-19 20:44:39.831   939   939 D RecentsOrientedState: current RecentsOrientedState: [this=RecentsOrientedState@1ab2132 mOrientationHandler=PortraitPagedViewHandler@19f864c mDisplayRotation=0 mTouchRotation=0 mRecentsActivityRotation=0 isRecentsActivityRotationAllowed=false mSystemRotation=true mFlags=43]
06-19 20:44:39.835   501   538 D EventSequenceValidator: Transition from ACTIVITY_LAUNCHED to ACTIVITY_FINISHED
06-19 20:44:39.848   307   307 D goldfish-address-space: claimShared: Ask to claim region [0x3f8000000 0x3f8965000]
06-19 20:44:39.856   313   313 W EmuHWC2 : validate: layer 81 CompositionType 1, fallback
06-19 20:44:39.860   313   313 W EmuHWC2 : No layers, exit, buffer 0x7c994da7f340
06-19 20:44:39.870   313   313 W EmuHWC2 : validate: layer 81 CompositionType 1, fallback
06-19 20:44:39.871   939   939 I AiAiSuggestUi: Clearing suggestions.
06-19 20:44:39.874   307   307 D goldfish-address-space: claimShared: Ask to claim region [0x3faee8000 0x3fb84d000]
06-19 20:44:39.875   313   313 W EmuHWC2 : No layers, exit, buffer 0x7c994da7e1d0
06-19 20:44:39.886   307  1263 D goldfish-address-space: claimShared: Ask to claim region [0x3f89f1000 0x3f9356000]
06-19 20:44:39.887   313   313 W EmuHWC2 : validate: layer 81 CompositionType 1, fallback
06-19 20:44:39.904   313   313 W EmuHWC2 : No layers, exit, buffer 0x7c994da7f340
06-19 20:44:39.906   313   313 W EmuHWC2 : validate: layer 81 CompositionType 1, fallback
06-19 20:44:39.916   313   313 W EmuHWC2 : No layers, exit, buffer 0x7c994da7e1d0
06-19 20:44:39.919   313   313 W EmuHWC2 : validate: layer 81 CompositionType 1, fallback
06-19 20:44:39.929   313   313 W EmuHWC2 : No layers, exit, buffer 0x7c994da7f340
06-19 20:44:39.933  1799  2019 W ThreadPoolDumper: Queue length for executor EventBus is now 11. Perhaps some tasks are too long, or the pool is too small.
06-19 20:44:39.937   313   313 W EmuHWC2 : validate: layer 81 CompositionType 1, fallback
06-19 20:44:39.942   313   313 W EmuHWC2 : No layers, exit, buffer 0x7c994da7e1d0
06-19 20:44:39.955   313   313 W EmuHWC2 : validate: layer 81 CompositionType 1, fallback
06-19 20:44:39.957   313   313 W EmuHWC2 : No layers, exit, buffer 0x7c994da7f340
06-19 20:44:39.962  1799  1799 I BgTaskExecutorImpl: Starting EXCLUSIVE background task TNG_MINUS_ONE_SYNC.
06-19 20:44:39.969  1799  2028 E MDD     : DownloadProgressMonitor: Can't find file group for uri: android://com.google.android.googlequicksearchbox/files/sharedminusonemodule/shared/SharedMinusOneData.pb.tmp
06-19 20:44:39.969  1799  2019 I TngMinusOneSync: Syncing TNG:-1
06-19 20:44:39.971   313   313 W EmuHWC2 : validate: layer 81 CompositionType 1, fallback
06-19 20:44:39.972   313   313 W EmuHWC2 : No layers, exit, buffer 0x7c994da7e1d0
06-19 20:44:39.987   313   313 W EmuHWC2 : validate: layer 81 CompositionType 1, fallback
06-19 20:44:39.990   313   313 W EmuHWC2 : No layers, exit, buffer 0x7c994da7f340
06-19 20:44:40.004   313   313 W EmuHWC2 : validate: layer 81 CompositionType 1, fallback
06-19 20:44:40.006   313   313 W EmuHWC2 : No layers, exit, buffer 0x7c994da7e1d0
06-19 20:44:40.020   313   313 W EmuHWC2 : validate: layer 81 CompositionType 1, fallback
06-19 20:44:40.022   313   313 W EmuHWC2 : No layers, exit, buffer 0x7c994da7f340
06-19 20:44:40.037   313   313 W EmuHWC2 : validate: layer 81 CompositionType 1, fallback
06-19 20:44:40.038   313   313 W EmuHWC2 : No layers, exit, buffer 0x7c994da7e1d0
06-19 20:44:40.053   313   313 W EmuHWC2 : validate: layer 81 CompositionType 1, fallback
06-19 20:44:40.055   313   313 W EmuHWC2 : No layers, exit, buffer 0x7c994da7f340
06-19 20:44:40.071   313   313 W EmuHWC2 : validate: layer 81 CompositionType 1, fallback
06-19 20:44:40.072   313   313 W EmuHWC2 : No layers, exit, buffer 0x7c994da7e1d0
06-19 20:44:40.086   313   313 W EmuHWC2 : validate: layer 81 CompositionType 1, fallback
06-19 20:44:40.088   313   313 W EmuHWC2 : No layers, exit, buffer 0x7c994da7f340
06-19 20:44:40.095  6908  6908 D DashboardFragment: unregister observer: @fba6743, uri: content://com.android.settings.dashboard.SummaryProvider/backup
06-19 20:44:40.095  6908  6908 D DashboardFragment: unregister observer: @3911ffd, uri: content://com.android.settings.dashboard.SummaryProvider/user
06-19 20:44:40.103   365   365 E Layer   : [Surface(name=Task=1)/@0x4456ffd - animation-leash#0] No local sync point found
06-19 20:44:40.103   365   365 E Layer   : [Surface(name=Task=1)/@0x4456ffd - animation-leash#0] No local sync point found
06-19 20:44:40.103   365   365 E Layer   : [Surface(name=Task=13)/@0xa316853 - animation-leash#0] No local sync point found
06-19 20:44:40.103   365   365 E Layer   : [Surface(name=Task=13)/@0xa316853 - animation-leash#0] No local sync point found
06-19 20:44:40.108   939   939 I AiAiSuggestUi: Clearing suggestions.
06-19 20:44:40.806   397   397 I perfetto: probes_producer.cc:329  Producer stop (id=18)
06-19 20:44:40.806   400   400 I perfetto: ng_service_impl.cc:1948 Tracing session 18 ended, total sessions:1
06-19 20:44:40.928  1326  1418 I PeriodicStatsRunner: PeriodicStatsRunner.call():180 call()
06-19 20:44:40.928  1326  1418 I PeriodicStatsRunner: PeriodicStatsRunner.call():184 No submit PeriodicStats since input started.
06-19 20:44:41.015   501   538 D EventSequenceValidator: Transition from ACTIVITY_FINISHED to INTENT_STARTED
06-19 20:44:41.016   400   400 I perfetto: ing_service_impl.cc:758 Configured tracing session 20, #sources:1, duration:5000 ms, #buffers:1, total buffer size:4096 KB, total sessions:2, uid:1071 session name: ""
06-19 20:44:41.016   501   811 I system_server: oneway function results will be dropped but finished with status OK and parcel size 4
06-19 20:44:41.017   397   397 I perfetto: probes_producer.cc:230  Ftrace setup (target_buf=20)
06-19 20:44:41.025   501  1897 W InputReader: Device virtio_input_multi_touch_9 is associated with display ADISPLAY_ID_NONE.
06-19 20:44:41.025   501  1897 W InputReader: Device virtio_input_multi_touch_7 is associated with display ADISPLAY_ID_NONE.
06-19 20:44:41.025   501  1897 W InputReader: Device virtio_input_multi_touch_10 is associated with display ADISPLAY_ID_NONE.
06-19 20:44:41.025   501  1897 W InputReader: Device virtio_input_multi_touch_6 is associated with display ADISPLAY_ID_NONE.
06-19 20:44:41.025   501  1897 W InputReader: Device virtio_input_multi_touch_4 is associated with display ADISPLAY_ID_NONE.
06-19 20:44:41.025   501  1897 W InputReader: Device virtio_input_multi_touch_3 is associated with display ADISPLAY_ID_NONE.
06-19 20:44:41.025   501  1897 W InputReader: Device virtio_input_multi_touch_8 is associated with display ADISPLAY_ID_NONE.
06-19 20:44:41.025   501  1897 W InputReader: Device virtio_input_multi_touch_11 is associated with display ADISPLAY_ID_NONE.
06-19 20:44:41.025   501  1897 W InputReader: Device virtio_input_multi_touch_5 is associated with display ADISPLAY_ID_NONE.
06-19 20:44:41.025   501  1897 W InputReader: Device virtio_input_multi_touch_2 is associated with display ADISPLAY_ID_NONE.
06-19 20:44:41.025   501  1897 W InputReader: Device virtio_input_multi_touch_9 is associated with display ADISPLAY_ID_NONE.
06-19 20:44:41.025   501  1897 W InputReader: Device virtio_input_multi_touch_7 is associated with display ADISPLAY_ID_NONE.
06-19 20:44:41.025   501  1897 W InputReader: Device virtio_input_multi_touch_10 is associated with display ADISPLAY_ID_NONE.
06-19 20:44:41.025   501  1897 W InputReader: Device virtio_input_multi_touch_6 is associated with display ADISPLAY_ID_NONE.
06-19 20:44:41.025   501  1897 W InputReader: Device virtio_input_multi_touch_4 is associated with display ADISPLAY_ID_NONE.
06-19 20:44:41.025   501  1897 W InputReader: Device virtio_input_multi_touch_3 is associated with display ADISPLAY_ID_NONE.
06-19 20:44:41.025   501  1897 W InputReader: Device virtio_input_multi_touch_8 is associated with display ADISPLAY_ID_NONE.
06-19 20:44:41.025   501  1897 W InputReader: Device virtio_input_multi_touch_11 is associated with display ADISPLAY_ID_NONE.
06-19 20:44:41.025   501  1897 W InputReader: Device virtio_input_multi_touch_5 is associated with display ADISPLAY_ID_NONE.
06-19 20:44:41.025   501  1897 W InputReader: Device virtio_input_multi_touch_2 is associated with display ADISPLAY_ID_NONE.
06-19 20:44:41.032   501   538 D EventSequenceValidator: Transition from INTENT_STARTED to ACTIVITY_LAUNCHED
06-19 20:44:41.033   939   939 D RecentsOrientedState: current RecentsOrientedState: [this=RecentsOrientedState@2e057ad mOrientationHandler=PortraitPagedViewHandler@19f864c mDisplayRotation=0 mTouchRotation=0 mRecentsActivityRotation=0 isRecentsActivityRotationAllowed=false mSystemRotation=true mFlags=43]
06-19 20:44:41.040   501  1897 D ConnectivityService: requestNetwork for uid/pid:10154/8014 NetworkRequest [ TRACK_DEFAULT id=59, [ Capabilities: INTERNET&NOT_RESTRICTED&TRUSTED Uid: 10154 AdministratorUids: [] RequestorUid: 10154 RequestorPackageName: ru.geekbranes.stand] ]
06-19 20:44:41.040   501   663 D ConnectivityService: NetReassign [59 : null  100]
06-19 20:44:41.033   939   939 I chatty  : uid=10137(com.google.android.apps.nexuslauncher) identical 2 lines
06-19 20:44:41.033   939   939 D RecentsOrientedState: current RecentsOrientedState: [this=RecentsOrientedState@2e057ad mOrientationHandler=PortraitPagedViewHandler@19f864c mDisplayRotation=0 mTouchRotation=0 mRecentsActivityRotation=0 isRecentsActivityRotationAllowed=false mSystemRotation=true mFlags=43]
06-19 20:44:41.041   501   659 D WifiNetworkFactory: got request NetworkRequest [ TRACK_DEFAULT id=59, [ Capabilities: INTERNET&NOT_RESTRICTED&TRUSTED Uid: 10154 AdministratorUids: [] RequestorUid: 10154 RequestorPackageName: ru.geekbranes.stand] ] with score 60 and providerId 2
06-19 20:44:41.041   501   659 D UntrustedWifiNetworkFactory: got request NetworkRequest [ TRACK_DEFAULT id=59, [ Capabilities: INTERNET&NOT_RESTRICTED&TRUSTED Uid: 10154 AdministratorUids: [] RequestorUid: 10154 RequestorPackageName: ru.geekbranes.stand] ] with score 60 and providerId 2
06-19 20:44:41.041  1074  1074 D PhoneSwitcherNetworkRequstListener: got request NetworkRequest [ TRACK_DEFAULT id=59, [ Capabilities: INTERNET&NOT_RESTRICTED&TRUSTED Uid: 10154 AdministratorUids: [] RequestorUid: 10154 RequestorPackageName: ru.geekbranes.stand] ] with score 60 and providerId 2
06-19 20:44:41.045   728   728 V KeyguardUpdateMonitor: onSubscriptionInfoChanged()
06-19 20:44:41.045   728   728 V KeyguardUpdateMonitor: SubInfo:{id=1 iccId=890141032[****] simSlotIndex=0 carrierId=1 displayName=T-Mobile carrierName=T-Mobile nameSource=3 iconTint=-16746133 number=[****] dataRoaming=0 iconBitmap=android.graphics.Bitmap@f241a22 mcc=310 mnc=260 countryIso=us isEmbedded=false nativeAccessRules=null cardString=890141032[****] cardId=-1 isOpportunistic=false groupUUID=null isGroupDisabled=false profileClass=-1 ehplmns=null hplmns=null subscriptionType=0 groupOwner=null carrierConfigAccessRules=null areUiccApplicationsEnabled=true}
06-19 20:44:41.046  1074  1074 D Telephony: isEmergencyPreferredAccount: subId=1, activeData=1
06-19 20:44:41.046  1074  1074 D Telephony: isEmergencyPreferredAccount: Device does not require preference.
06-19 20:44:41.054   313   313 W EmuHWC2 : validate: layer 84 CompositionType 1, fallback
06-19 20:44:41.057   313   313 W EmuHWC2 : No layers, exit, buffer 0x7c994da7e1d0
06-19 20:44:41.061   307  1263 D goldfish-address-space: claimShared: Ask to claim region [0x3f0f68000 0x3f18cd000]
06-19 20:44:41.070   313   313 W EmuHWC2 : validate: layer 84 CompositionType 1, fallback
06-19 20:44:41.076   313   313 W EmuHWC2 : No layers, exit, buffer 0x7c994da7f340
06-19 20:44:41.077   307  1263 D goldfish-address-space: claimShared: Ask to claim region [0x3f4000000 0x3f4965000]
06-19 20:44:41.083   307  1263 D goldfish-address-space: claimShared: Ask to claim region [0x3f4965000 0x3f52ca000]
06-19 20:44:41.087   313   313 W EmuHWC2 : validate: layer 84 CompositionType 1, fallback
06-19 20:44:41.101   313   313 W EmuHWC2 : No layers, exit, buffer 0x7c994da7e1d0
06-19 20:44:41.102   501   543 D ArtManagerInternalImpl: /data/misc/iorapd/ru.geekbranes.stand/1/ru.geekbranes.stand.feature.main.ui.MainActivity/compiled_traces/compiled_trace.pb doesn't exist
06-19 20:44:41.102   501   538 D EventSequenceValidator: Transition from ACTIVITY_LAUNCHED to ACTIVITY_FINISHED
06-19 20:44:41.105   313   313 W EmuHWC2 : validate: layer 85 CompositionType 1, fallback
06-19 20:44:41.115   313   313 W EmuHWC2 : No layers, exit, buffer 0x7c994da7f340
06-19 20:44:41.121   313   313 W EmuHWC2 : validate: layer 85 CompositionType 1, fallback
06-19 20:44:41.127   313   313 W EmuHWC2 : No layers, exit, buffer 0x7c994da7e1d0
06-19 20:44:41.139   313   313 W EmuHWC2 : validate: layer 85 CompositionType 1, fallback
06-19 20:44:41.141   313   313 W EmuHWC2 : No layers, exit, buffer 0x7c994da7f340
06-19 20:44:41.145   501  1584 I system_server: oneway function results will be dropped but finished with status OK and parcel size 4
06-19 20:44:41.154   313   313 W EmuHWC2 : validate: layer 85 CompositionType 1, fallback
06-19 20:44:41.156   313   313 W EmuHWC2 : No layers, exit, buffer 0x7c994da7e1d0
06-19 20:44:41.170   313   313 W EmuHWC2 : validate: layer 85 CompositionType 1, fallback
06-19 20:44:41.171   313   313 W EmuHWC2 : No layers, exit, buffer 0x7c994da7f340
06-19 20:44:41.186   313   313 W EmuHWC2 : validate: layer 85 CompositionType 1, fallback
06-19 20:44:41.188   313   313 W EmuHWC2 : No layers, exit, buffer 0x7c994da7e1d0
06-19 20:44:41.203   313   313 W EmuHWC2 : validate: layer 85 CompositionType 1, fallback
06-19 20:44:41.205   313   313 W EmuHWC2 : No layers, exit, buffer 0x7c994da7f340
06-19 20:44:41.221   313   313 W EmuHWC2 : validate: layer 85 CompositionType 1, fallback
06-19 20:44:41.223   313   313 W EmuHWC2 : No layers, exit, buffer 0x7c994da7e1d0
06-19 20:44:41.238   313   313 W EmuHWC2 : validate: layer 85 CompositionType 1, fallback
06-19 20:44:41.240   313   313 W EmuHWC2 : No layers, exit, buffer 0x7c994da7f340
06-19 20:44:41.254   313   313 W EmuHWC2 : validate: layer 85 CompositionType 1, fallback
06-19 20:44:41.256   313   313 W EmuHWC2 : No layers, exit, buffer 0x7c994da7e1d0
06-19 20:44:41.270   313   313 W EmuHWC2 : validate: layer 85 CompositionType 1, fallback
06-19 20:44:41.272   313   313 W EmuHWC2 : No layers, exit, buffer 0x7c994da7f340
06-19 20:44:41.287   313   313 W EmuHWC2 : validate: layer 85 CompositionType 1, fallback
06-19 20:44:41.289   313   313 W EmuHWC2 : No layers, exit, buffer 0x7c994da7e1d0
06-19 20:44:41.304   313   313 W EmuHWC2 : validate: layer 85 CompositionType 1, fallback
06-19 20:44:41.307   313   313 W EmuHWC2 : No layers, exit, buffer 0x7c994da7f340
06-19 20:44:41.321   313   313 W EmuHWC2 : validate: layer 85 CompositionType 1, fallback
06-19 20:44:41.324   313   313 W EmuHWC2 : No layers, exit, buffer 0x7c994da7e1d0
06-19 20:44:41.337   313   313 W EmuHWC2 : validate: layer 85 CompositionType 1, fallback
06-19 20:44:41.340   313   313 W EmuHWC2 : No layers, exit, buffer 0x7c994da7f340
06-19 20:44:41.354   313   313 W EmuHWC2 : validate: layer 85 CompositionType 1, fallback
06-19 20:44:41.356   313   313 W EmuHWC2 : No layers, exit, buffer 0x7c994da7e1d0
06-19 20:44:41.370   313   313 W EmuHWC2 : validate: layer 85 CompositionType 1, fallback
06-19 20:44:41.371   939   939 I AiAiSuggestUi: Clearing suggestions.
06-19 20:44:41.371   939   939 I AiAiSuggestUi: Clearing suggestions.
06-19 20:44:41.373   313   313 W EmuHWC2 : No layers, exit, buffer 0x7c994da7f340
06-19 20:44:41.386   365   365 E Layer   : [Surface(name=Task=14)/@0x5ac9c71 - animation-leash#0] No local sync point found
06-19 20:44:41.386   365   365 E Layer   : [Surface(name=Task=14)/@0x5ac9c71 - animation-leash#0] No local sync point found
06-19 20:44:41.386   365   365 E Layer   : [Surface(name=Task=1)/@0x4456ffd - animation-leash#0] No local sync point found
06-19 20:44:41.387   365   365 E Layer   : [Surface(name=Task=1)/@0x4456ffd - animation-leash#0] No local sync point found
06-19 20:44:41.402  1799  3508 I PBSessionCacheImpl: Deleted sessionId[7913836028035972] from persistence.
06-19 20:44:41.412  1799  2019 W SearchServiceCore: Abort, client detached.
06-19 20:44:44.111   501   811 I system_server: oneway function results will be dropped but finished with status OK and parcel size 4
06-19 20:44:44.743   397   397 I perfetto: probes_producer.cc:329  Producer stop (id=19)
06-19 20:44:44.744   400   400 I perfetto: ng_service_impl.cc:1948 Tracing session 19 ended, total sessions:1
06-19 20:44:44.860  1326  1418 I PeriodicStatsRunner: PeriodicStatsRunner.call():180 call()
06-19 20:44:44.860  1326  1418 I PeriodicStatsRunner: PeriodicStatsRunner.call():184 No submit PeriodicStats since input started.
06-19 20:44:45.125  7111  7125 W System  : A resource failed to call end.
06-19 20:44:45.790   480   480 E netmgr  : qemu_pipe_open_ns:62: Could not connect to the 'pipe:qemud:network' service: Invalid argument
06-19 20:44:45.790   480   480 E netmgr  : Failed to open QEMU pipe 'qemud:network': Invalid argument
06-19 20:44:45.937   486   486 E wifi_forwarder: qemu_pipe_open_ns:62: Could not connect to the 'pipe:qemud:wififorward' service: Invalid argument
06-19 20:44:45.937   486   486 E wifi_forwarder: RemoteConnection failed to initialize: RemoteConnection failed to open pipe
06-19 20:44:46.023   397   397 I perfetto: probes_producer.cc:329  Producer stop (id=20)
06-19 20:44:46.026   400   400 I perfetto: ng_service_impl.cc:1948 Tracing session 20 ended, total sessions:0
06-19 20:44:46.027   397   397 I perfetto: ftrace_procfs.cc:183    disabled ftrace
06-19 20:44:46.120  1326  1418 I PeriodicStatsRunner: PeriodicStatsRunner.call():180 call()
06-19 20:44:46.120  1326  1418 I PeriodicStatsRunner: PeriodicStatsRunner.call():184 No submit PeriodicStats since input started.
06-19 20:44:49.952   206   209 E android.system.suspend@1.0-service: Error opening kernel wakelock stats for: wakeup34: Permission denied
06-19 20:44:49.955   206   209 E android.system.suspend@1.0-service: Error opening kernel wakelock stats for: wakeup35: Permission denied
06-19 20:44:49.948   206   206 W Binder:206_2: type=1400 audit(0.0:325): avc: denied { read } for name="wakeup34" dev="sysfs" ino=18984 scontext=u:r:system_suspend:s0 tcontext=u:object_r:sysfs:s0 tclass=dir permissive=0
06-19 20:44:49.952   206   206 W Binder:206_2: type=1400 audit(0.0:326): avc: denied { read } for name="wakeup35" dev="sysfs" ino=19047 scontext=u:r:system_suspend:s0 tcontext=u:object_r:sysfs:s0 tclass=dir permissive=0
06-19 20:44:51.223   206   209 E android.system.suspend@1.0-service: Error opening kernel wakelock stats for: wakeup34: Permission denied
06-19 20:44:51.225   206   209 E android.system.suspend@1.0-service: Error opening kernel wakelock stats for: wakeup35: Permission denied
06-19 20:44:51.220   206   206 W Binder:206_2: type=1400 audit(0.0:327): avc: denied { read } for name="wakeup34" dev="sysfs" ino=18984 scontext=u:r:system_suspend:s0 tcontext=u:object_r:sysfs:s0 tclass=dir permissive=0
06-19 20:44:51.220   206   206 W Binder:206_2: type=1400 audit(0.0:328): avc: denied { read } for name="wakeup35" dev="sysfs" ino=19047 scontext=u:r:system_suspend:s0 tcontext=u:object_r:sysfs:s0 tclass=dir permissive=0
06-19 20:44:55.004   168   168 I hwservicemanager: Notifying android.hardware.dumpstate@1.1::IDumpstateDevice/default they have clients: 0
06-19 20:44:55.004  8281  8281 I android.hardware.dumpstate@1.1-service.example: Process has 0 (of 1 available) client(s) in use after notification android.hardware.dumpstate@1.1::IDumpstateDevice has clients: 0
06-19 20:44:55.004  8281  8281 I android.hardware.dumpstate@1.1-service.example: Trying to exit HAL. No clients in use for any service in process.
06-19 20:44:55.004   168   168 I hw-BpHwBinder: onLastStrongRef automatically unlinking death recipients
06-19 20:44:55.004   168   168 I hw-BpHwBinder: onLastStrongRef automatically unlinking death recipients
06-19 20:44:55.004  8281  8281 I android.hardware.dumpstate@1.1-service.example: Unregistered all clients and exiting
06-19 20:44:56.721   501  2625 I system_server: oneway function results will be dropped but finished with status OK and parcel size 4
06-19 20:44:56.721   501  2625 I chatty  : uid=1000(system) Binder:501_1E identical 1 line
06-19 20:44:56.857   501  2625 I system_server: oneway function results will be dropped but finished with status OK and parcel size 4
06-19 20:44:57.521   501  1897 I system_server: oneway function results will be dropped but finished with status OK and parcel size 4
06-19 20:44:57.653   501  1728 I system_server: oneway function results will be dropped but finished with status OK and parcel size 4
06-19 20:44:58.250   501  1728 I chatty  : uid=1000(system) Binder:501_12 identical 1 line
06-19 20:44:58.383   501  1728 I system_server: oneway function results will be dropped but finished with status OK and parcel size 4
06-19 20:44:58.797  8014  8014 W Glide   : Load failed for [] with dimensions [275x193]
06-19 20:44:58.797  8014  8014 W Glide   : class com.bumptech.glide.load.engine.GlideException: Failed to load resource
06-19 20:44:59.346  8014  8014 I chatty  : uid=10154(u0_a154) identical 11 lines
