06-19 20:48:27.178  7240  7282 W Finsky:background: [489] xpt.apply(833): IV2: cannot process install request now for [Package:com.google.android.gms, isid:gv4UNgCsQweFbXNWWpv2zw] with status code 1136
06-19 20:48:27.179  7240  7278 I Finsky:background: [485] xvj.V(21): IQ: start evaluating install requests.
06-19 20:48:27.179  7240  7278 I Finsky:background: [485] xvj.V(54): IQ: no jobs active. Skipping
06-19 20:48:27.185  7240  7278 I Finsky:background: [485] xvj.V(475): IQ: 0 scheduled install statuses found to proceed.
06-19 20:48:27.210  7240  7278 I Finsky:background: [485] tcp.accept(59): SCH: Scheduling phonesky job Id: 3-3, CT: 1750355307142, Constraints: [{ L: 0, D: 86400000, C: CHARGING_NONE, I: IDLE_NONE, N: NET_ANY, B: BATTERY_ANY }, { L: 0, D: 0, C: CHARGING_NONE, I: IDLE_NONE, N: NET_NONE, B: BATTERY_ANY }]
06-19 20:48:27.214  7240  7276 I Finsky:background: [483] oac.apply(312): SCH: Scheduling 2 system job(s)
06-19 20:48:27.214  7240  7276 I Finsky:background: [483] ajjn.b(261): SCH: Scheduling system job Id: 10063, L: 0, D: 86399928, C: false, I: false, N: 1
06-19 20:48:27.219  7240  7276 I Finsky:background: [483] ajjn.b(261): SCH: Scheduling system job Id: 10064, L: 0, D: 0, C: false, I: false, N: 0
06-19 20:48:27.221  7240  7240 I Finsky:background: [2] ajlh.onStartJob(127): SCH: job service start with id 10063.
06-19 20:48:27.222  7240  7240 I Finsky:background: [2] ajlh.onStartJob(127): SCH: job service start with id 10064.
06-19 20:48:27.226  7240  8447 I Finsky:background: [560] oab.a(728): SCH: Satisfied jobs for 10063 are: 3-3, 3-4
06-19 20:48:27.227  7240  8446 I Finsky:background: [559] ajkf.accept(151): SCH: Job 3-3 starting
06-19 20:48:27.228  7240  8446 I Finsky:background: [559] ajkf.accept(151): SCH: Job 3-4 starting
06-19 20:48:27.229  7240  7240 I Finsky:background: [2] qlu.d(36): XPF:Binding for 209225373
06-19 20:48:27.230  7240  7240 I Finsky:background: [2] qlu.d(36): XPF:Binding for 209225373
06-19 20:48:27.232  7240  7276 I Finsky:background: [483] tcp.accept(59): SCH: Scheduling phonesky job Id: 3-4, CT: 1750355307153, Constraints: [{ L: 0, D: 86400000, C: CHARGING_NONE, I: IDLE_NONE, N: NET_ANY, B: BATTERY_ANY }, { L: 0, D: 0, C: CHARGING_NONE, I: IDLE_NONE, N: NET_NONE, B: BATTERY_ANY }]
06-19 20:48:27.232  7240  7240 I Finsky:background: [2] qlu.d(36): XPF:Binding for 209225373
06-19 20:48:27.232  7240  7240 I Finsky:background: [2] qlu.d(36): XPF:Binding for 209225373
06-19 20:48:27.232  7240  7270 I Finsky:background: [478] asdw.r(343): SCH: Scheduling system job 10063 to resume after 0 ms
06-19 20:48:27.232  7240  7270 I Finsky:background: [478] asdw.r(343): SCH: Scheduling system job 10064 to resume after 0 ms
06-19 20:48:27.233  7111  8425 I Finsky  : [633] qlq.h(35): XPF: 0 profiles are paused for app updates: []
06-19 20:48:27.233  7240  7280 I Finsky:background: [487] azbu.l(33): SCH: Resuming system job 10063 from hub.
06-19 20:48:27.233  7240  7280 I Finsky:background: [487] azbu.l(33): SCH: Resuming system job 10064 from hub.
06-19 20:48:27.234  7240  7240 I Finsky:background: [2] xwb.e(13): IQ: Connection has changed false
06-19 20:48:27.235  7111  8425 I Finsky  : [633] qlq.j(32): XPF:0 profiles are currently in enterprise setup: []
06-19 20:48:27.236  7240  7240 I Finsky:background: [2] InstallQueuePhoneskyJob.e(134): IQ::IQPJ: Start job 3
06-19 20:48:27.236  7111  8425 I Finsky  : [633] qlq.j(32): XPF:0 profiles are currently in enterprise setup: []
06-19 20:48:27.237  7240  8447 I Finsky:background: [560] oab.a(728): SCH: Satisfied jobs for 10064 are: 3-3, 3-4
06-19 20:48:27.237  7111  8425 I Finsky  : [633] qlq.h(35): XPF: 0 profiles are paused for app updates: []
06-19 20:48:27.237  7240  7240 I Finsky:background: [2] xwb.e(13): IQ: Connection has changed false
06-19 20:48:27.237  7240  7240 I Finsky:background: [2] InstallQueuePhoneskyJob.e(134): IQ::IQPJ: Start job 4
06-19 20:48:27.238  7240  7276 I Finsky:background: [483] xvj.V(21): IQ: start evaluating install requests.
06-19 20:48:27.239  7240  7280 I Finsky:background: [487] oac.apply(312): SCH: Scheduling 0 system job(s)
06-19 20:48:27.241  7240  8447 I Finsky:background: [560] oab.a(728): SCH: Satisfied jobs for 10063 are: 3-3, 3-4
06-19 20:48:27.243  7240  8447 I Finsky:background: [560] oab.a(728): SCH: Satisfied jobs for 10064 are: 3-3, 3-4
06-19 20:48:27.249  7240  7276 I Finsky:background: [483] xvj.V(202): IQ: There are 2 installs pending for job 3: [com.google.android.youtube, com.google.android.apps.youtube.music]
06-19 20:48:27.266  7240  7276 I Finsky:background: [483] xvj.V(202): IQ: There are 1 installs pending for job 4: [com.google.android.gms]
06-19 20:48:27.271  7240  7276 I Finsky:background: [483] xvj.V(475): IQ: 3 scheduled install statuses found to proceed.
06-19 20:48:27.282  7240  7282 I Finsky:background: [489] qqx.a(165): IV2: installer unavailable to accept com.google.android.apps.youtube.music. Current active installs :
06-19 20:48:27.282  7240  7282 I Finsky:background: com.google.android.googlequicksearchbox: installId: 0 isid: 3dtdgDxpRMak8imSL4Fu7A requested 10 min ago
06-19 20:48:27.282  7240  7282 W Finsky:background: [489] xpt.apply(833): IV2: cannot process install request now for [Package:com.google.android.apps.youtube.music, isid:Y5S2bg7mQyaUtC4q_QtcAg] with status code 1136
06-19 20:48:27.282  7240  7280 I Finsky:background: [487] xvj.V(21): IQ: start evaluating install requests.
06-19 20:48:27.299  7240  7280 I Finsky:background: [487] xvj.V(202): IQ: There are 2 installs pending for job 3: [com.google.android.youtube, com.google.android.apps.youtube.music]
06-19 20:48:27.312  7240  7253 I ding:backgroun: Compiler allocated 4385KB to compile int bkgl.c(java.lang.Object, byte[], int, int, int, bkde)
06-19 20:48:27.315  7240  7280 I Finsky:background: [487] xvj.V(202): IQ: There are 1 installs pending for job 4: [com.google.android.gms]
06-19 20:48:27.321  7240  7280 I Finsky:background: [487] xvj.V(475): IQ: 3 scheduled install statuses found to proceed.
06-19 20:48:27.330  7240  7282 I Finsky:background: [489] qqx.a(165): IV2: installer unavailable to accept com.google.android.apps.youtube.music. Current active installs :
06-19 20:48:27.330  7240  7282 I Finsky:background: com.google.android.googlequicksearchbox: installId: 0 isid: 3dtdgDxpRMak8imSL4Fu7A requested 10 min ago
06-19 20:48:27.331  7240  7282 W Finsky:background: [489] xpt.apply(833): IV2: cannot process install request now for [Package:com.google.android.apps.youtube.music, isid:Y5S2bg7mQyaUtC4q_QtcAg] with status code 1136
06-19 20:48:42.405   206   209 E android.system.suspend@1.0-service: Error opening kernel wakelock stats for: wakeup34: Permission denied
06-19 20:48:42.408   206   209 E android.system.suspend@1.0-service: Error opening kernel wakelock stats for: wakeup35: Permission denied
06-19 20:48:42.404   206   206 W Binder:206_2: type=1400 audit(0.0:341): avc: denied { read } for name="wakeup34" dev="sysfs" ino=18984 scontext=u:r:system_suspend:s0 tcontext=u:object_r:sysfs:s0 tclass=dir permissive=0
06-19 20:48:42.404   206   206 W Binder:206_2: type=1400 audit(0.0:342): avc: denied { read } for name="wakeup35" dev="sysfs" ino=19047 scontext=u:r:system_suspend:s0 tcontext=u:object_r:sysfs:s0 tclass=dir permissive=0
06-19 20:48:45.851   480   480 E netmgr  : qemu_pipe_open_ns:62: Could not connect to the 'pipe:qemud:network' service: Invalid argument
06-19 20:48:45.851   480   480 E netmgr  : Failed to open QEMU pipe 'qemud:network': Invalid argument
06-19 20:48:46.055   486   486 E wifi_forwarder: qemu_pipe_open_ns:62: Could not connect to the 'pipe:qemud:wififorward' service: Invalid argument
06-19 20:48:46.056   486   486 E wifi_forwarder: RemoteConnection failed to initialize: RemoteConnection failed to open pipe
06-19 20:48:52.334  7240  7282 I Finsky:background: [489] xqo.x(21): IV2: Finishing up unsuccessful install: 0, installState: 5
06-19 20:48:52.352  7240  7281 I Finsky:background: [488] xqz.a(19): IV2::TM: canceling tid: 1000000000
06-19 20:48:52.352  7240  7281 I Finsky:background: [488] xqw.b(78): Submitter: cancel permitted.
06-19 20:48:52.353  7240  7282 I Finsky:background: [489] xqm.a(26): IV2: Task canceled: tid:1000000000.
06-19 20:48:52.353  7240  7282 I Finsky:background: [489] abiy.b(54): MF: cancel no-op.
06-19 20:48:52.353  7240  7282 I Finsky:background: [489] xlq.b(55): AV: cancel no-op.
06-19 20:48:52.354  7240  7282 I Finsky:background: [489] yao.b(15): Submitter: cancel no-op.
06-19 20:48:52.354  7240  7281 I Finsky:background: [488] agqs.apply(350): RF: Cancelling resource request 8d9b7b39-fdc8-482f-bd66-518018d80069.
06-19 20:48:52.354  7240  7281 I Finsky:background: [488] ahwp.n(11): RM: cancel resources for request 8d9b7b39-fdc8-482f-bd66-518018d80069
06-19 20:48:52.356  7240  7290 I Finsky:background: [496] bemt.k(13): DSC: cancel(8)
06-19 20:48:52.356  7240  7290 I Finsky:background: [496] bemt.m(13): DSC: getDownload(8)
06-19 20:48:52.356  7240  7279 I Finsky:background: [486] sjg.e(15): DS: cancel(request_id=8)
06-19 20:48:52.357  7240  7284 I Finsky:background: [491] sjg.i(15): DS: getDownload(request_id=8)
06-19 20:48:52.361  7240  8457 I Finsky:background: [569] atel.s(16): DS: Queuing download (request id: 8) for reason 1
06-19 20:48:52.366  7240  8456 W Finsky:background: [568] sjy.apply(115): DS: Attempted to update download state [requestId=8] in terminal state [statusCode=6]. Update ignored.
06-19 20:48:52.366  7240  8457 I Finsky:background: [569] smt.c(111): DSC::L: Update all listeners for download <8:CANCELED with CANCELED_THROUGH_SERVICE_API:96%[96%]> in group com.google.android.googlequicksearchbox:3dtdgDxpRMak8imSL4Fu7A
06-19 20:48:52.366  7240  8457 I Finsky:background: [569] smt.c(153): DSC::L: Updating listener sgt@d22c422 for download <8:CANCELED with CANCELED_THROUGH_SERVICE_API:96%[96%]>
06-19 20:48:52.367  7240  8457 I Finsky:background: [569] smt.c(153): DSC::L: Updating listener DownloadServiceManagerListener::qwb@129a404 for download <8:CANCELED with CANCELED_THROUGH_SERVICE_API:96%[96%]>
06-19 20:48:52.367  7240  8457 I Finsky:background: [569] smt.c(153): DSC::L: Updating listener DownloadServiceManagerListener::ahuw@6ccb57a for download <8:CANCELED with CANCELED_THROUGH_SERVICE_API:96%[96%]>
06-19 20:48:52.368  7240  8457 I Finsky:background: [569] bqrp.f(59): RM: receive resource status onCancel com.google.android.googlequicksearchbox.apk reason: rapid_auto_update isid: 3dtdgDxpRMak8imSL4Fu7A, 5, 490, size: 70876656/73461245
06-19 20:48:52.368  7240  8457 I Finsky:background: [569] bqrp.f(95): RM: Skipping onCancel for already cancelled ResourceId for com.google.android.googlequicksearchbox
06-19 20:48:52.368  7240  8457 I Finsky:background: [569] atel.n(32): DS::IDC: updateWith: <8:CANCELED with CANCELED_THROUGH_SERVICE_API:96%[96%]>
06-19 20:48:52.368  7240  8457 I Finsky:background: [569] atel.n(186): DS::IDC: All invisible downloads are finished.
06-19 20:48:52.368  7240  8457 I Finsky:background: [569] smf.c(6): DS::ISM: Stopping invisible download job
06-19 20:48:52.370  7240  8457 I Finsky:background: [569] sjg.h(335): DS: onCancel(request_id=8, files_to_download=[com.google.android.googlequicksearchbox.apk(size:73461245)], context[group_id=com.google.android.googlequicksearchbox:3dtdgDxpRMak8imSL4Fu7A], display_data[invisible=true, title=Required app update], network_restrictions=ANY_NETWORK status=canceled[1], bytes_downloaded=70876656, total_bytes=73461245, retry[count=1, next_retry=2025-06-19T20:38:48.601+03:00[Europe/Moscow]])
06-19 20:48:52.371  7240  8457 I Finsky:background: [569] smt.c(58): DSC::L: Skipping updating listeners of <8:CANCELED with CANCELED_THROUGH_SERVICE_API:96%[96%]> because it's already done.
06-19 20:48:52.372  7240  8457 I Finsky:background: [569] atel.n(32): DS::IDC: updateWith: <8:CANCELED with CANCELED_THROUGH_SERVICE_API:96%[96%]>
06-19 20:48:52.372  7240  8457 I Finsky:background: [569] atel.n(186): DS::IDC: All invisible downloads are finished.
06-19 20:48:52.372  7240  8457 I Finsky:background: [569] smf.c(6): DS::ISM: Stopping invisible download job
06-19 20:48:52.372  7240  8457 I Finsky:background: [569] sjg.h(335): DS: onGetDownload(request_id=8, files_to_download=[com.google.android.googlequicksearchbox.apk(size:73461245)], context[group_id=com.google.android.googlequicksearchbox:3dtdgDxpRMak8imSL4Fu7A], display_data[invisible=true, title=Required app update], network_restrictions=ANY_NETWORK status=canceled[1], bytes_downloaded=70876656, total_bytes=73461245, retry[count=1, next_retry=2025-06-19T20:38:48.601+03:00[Europe/Moscow]])
06-19 20:48:52.374  7240  7281 I Finsky:background: [488] ahwi.a(1771): RM::SR: Proceed with artifact removal: Smart Resume is off
06-19 20:48:52.374  7240  7240 I Finsky:background: [2] ahmz.run(593): RF: onCancel 8
06-19 20:48:52.374  7240  7281 I Finsky:background: [488] ahwj.a(1903): RM::SR: Artifacts will be not be retained for request 8d9b7b39-fdc8-482f-bd66-518018d80069
06-19 20:48:52.374  7240  7279 I Finsky:background: [486] ahwp.t(11): RM: remove resources for request 8d9b7b39-fdc8-482f-bd66-518018d80069
06-19 20:48:52.375  7240  7284 I Finsky:background: [491] bemt.p(13): DSC: remove(8)
06-19 20:48:52.376  7240  7290 I Finsky:background: [496] sjg.k(15): DS: remove(request_id=8)
06-19 20:48:52.383  7240  8458 I Finsky:background: [570] qnb.run(220): DU: Stored data usage stats for package com.google.android.googlequicksearchbox; completed bytes: 70876656.
06-19 20:48:52.387  7240  7278 I Finsky:background: [485] xqz.a(77): IV2::TM: cleaning up tid: 1000000000
06-19 20:48:52.387  7240  7278 I Finsky:background: [485] xqz.a(212): IV2:TM: cleaning up task. com.google.android.googlequicksearchbox[iid:0] [isid:3dtdgDxpRMak8imSL4Fu7A] [tid: 1000000000]
06-19 20:48:52.389  7240  7280 I Finsky:background: [487] ahwp.t(11): RM: remove resources for request
06-19 20:48:52.389  7240  7280 I Finsky:background: [487] ahwp.t(11): RM: remove resources for request
06-19 20:48:52.389  7240  7280 I Finsky:background: [487] ahwp.t(11): RM: remove resources for request 8d9b7b39-fdc8-482f-bd66-518018d80069
06-19 20:48:52.390  7240  7284 E Finsky:background: [491] ahwe.a(827): RM: no data for ID, not removing
06-19 20:48:52.391  7240  7279 E Finsky:background: [486] ahwe.a(827): RM: no data for ID, not removing
06-19 20:48:52.393  7240  7284 E Finsky:background: [491] ahwe.a(827): RM: no data for ID, not removing
06-19 20:48:52.399  7240  8457 I Finsky:background: [569] sjg.h(335): DS: onRemove(request_id=8, files_to_download=[com.google.android.googlequicksearchbox.apk(size:73461245)], context[group_id=com.google.android.googlequicksearchbox:3dtdgDxpRMak8imSL4Fu7A], display_data[invisible=true, title=Required app update], network_restrictions=ANY_NETWORK status=canceled[1], bytes_downloaded=70876656, total_bytes=73461245, retry[count=1, next_retry=2025-06-19T20:38:48.601+03:00[Europe/Moscow]])
06-19 20:48:52.411  7240  8448 I Finsky:background: [561] xvj.O(58): IQ: Notifying installation update. [Package:com.google.android.googlequicksearchbox, isid:3dtdgDxpRMak8imSL4Fu7A], status=INSTALL_ERROR, status_code=6583, reason=rapid_auto_update, tsc=PT10M27.538S, attempt=0
06-19 20:48:52.417  7240  8463 I Finsky:background: [575] advo.i(18): Session is stale, session is not alive: getNames not allowed after destruction
06-19 20:48:52.418  7240  8463 I Finsky:background: [575] ahwj.a(1456): SM: Session with Context {name=com.google.android.googlequicksearchbox versionCode=301536668} was closed or abandoned in a consumer.
06-19 20:48:52.423  7240  7240 I Finsky:background: [2] agrl.iY(56): PIM: Ignore install package event for: com.google.android.googlequicksearchbox, isid: 3dtdgDxpRMak8imSL4Fu7A
06-19 20:48:52.433  7111  7111 I Finsky  : [2] akox.a(923): IQ::HLD: previousAllInstallsDone is Optional[false], allInstallationsDone is Optional[true]
06-19 20:48:52.433  7111  7111 I Finsky  : [2] akox.a(949): IQ::HLD: Updating installations status false cross profiles
06-19 20:48:52.433  7111  7111 I Finsky  : [2] qlu.d(36): XPF:Binding for 170233416
06-19 20:48:52.433  7111  7111 I Finsky  : [2] qlq.e(46): XPF:User 0 is not in installation anymore, removing profile.
06-19 20:48:52.433  7111  7111 I Finsky  : [2] qlq.e(93): XPF:Notifying user u0 that all installs are finished
06-19 20:48:52.434  7111  7176 I Finsky  : [481] ovg.b(36): AU2: Failure History successfully updated for package com.google.android.googlequicksearchbox, attempting to upgrade to version 301536668 with install reason RAPID_AUTO_UPDATE and status_code 6583
06-19 20:48:52.438  7240  7282 I Finsky:background: [489] ahwj.a(1508): SCU: Successfully abandon the session for com.google.android.googlequicksearchbox[iid:0] [isid:3dtdgDxpRMak8imSL4Fu7A]
06-19 20:48:52.440  7240  7282 I Finsky:background: [489] xqo.k(25): IV2: stopping install timeout for 0
06-19 20:48:52.447  7240  7278 I Finsky:background: [485] xvj.V(21): IQ: start evaluating install requests.
06-19 20:48:52.456  7240  7278 I Finsky:background: [485] xvj.V(202): IQ: There are 2 installs pending for job 3: [com.google.android.youtube, com.google.android.apps.youtube.music]
06-19 20:48:52.467  7240  7278 I Finsky:background: [485] xvj.V(202): IQ: There are 1 installs pending for job 4: [com.google.android.gms]
06-19 20:48:52.475  7240  7278 I Finsky:background: [485] xvj.V(475): IQ: 3 scheduled install statuses found to proceed.
06-19 20:48:52.488  7240  7276 I Finsky:background: [483] xqi.a(1125): IQ: proceed install request for [Package:com.google.android.apps.youtube.music, isid:Y5S2bg7mQyaUtC4q_QtcAg].
06-19 20:48:52.488  7240  7276 I Finsky:background: [483] xvj.Y(58): IQ: Notifying installation update. [Package:com.google.android.apps.youtube.music, isid:Y5S2bg7mQyaUtC4q_QtcAg], status=DOWNLOAD_PENDING, status_code=0, reason=rapid_auto_update, tsc=PT10M27.607S, attempt=0
06-19 20:48:52.495  7240  7240 I Finsky:background: [2] agrl.iY(56): PIM: Ignore install package event for: com.google.android.apps.youtube.music, isid: Y5S2bg7mQyaUtC4q_QtcAg
06-19 20:48:52.496  7240  7278 I Finsky:background: [485] akzg.j(23): IQ: Requesting install request=package_name=com.google.android.apps.youtube.music, pm_package_name=com.google.android.apps.youtube.music, version=82351280, priority=1, reason=rapid_auto_update, account_name=, type=0, isid=Y5S2bg7mQyaUtC4q_QtcAg, constraints=((REQ_GEARHEAD_PROJECTION_OFF, NETWORK=ANY, PROVISIONING_STATE=PROVISIONED, BACKUP_MANAGER_STATE=BACKUP_READY),) using installer.
06-19 20:48:52.496  7240  7278 I Finsky:background: [485] akzg.j(72): DLIF: createIncrementalConfig with useIncrementalSessionWithReason: INCREMENTAL_NOT_SUPPORTED , streamingVerdictWithReason: STREAMING_DISABLE_BY_UNKNOWN_REASON
06-19 20:48:52.500  7240  7282 I Finsky:background: [489] xrk.a(83): IV2::EIU: Existing install found for update [Package:com.google.android.apps.youtube.music, isid:Y5S2bg7mQyaUtC4q_QtcAg].
06-19 20:48:52.500  7240  7282 I Finsky:background: [489] xrm.a(215): IV2::FGCV: Foreground check passed for com.google.android.apps.youtube.music
06-19 20:48:52.501  7111  7111 I Finsky  : [2] akjs.apply(400): IQ::HLD: if pauseAppUpdates is called now, it must wait for these ongoing installs: [[Package:com.google.android.apps.youtube.music, isid:Y5S2bg7mQyaUtC4q_QtcAg]]
06-19 20:48:52.501  7111  7111 I Finsky  : [2] akox.a(923): IQ::HLD: previousAllInstallsDone is Optional[true], allInstallationsDone is Optional[false]
06-19 20:48:52.501  7111  7111 I Finsky  : [2] akox.a(949): IQ::HLD: Updating installations status true cross profiles
06-19 20:48:52.501  7111  7111 I Finsky  : [2] qlu.d(36): XPF:Binding for 170233416
06-19 20:48:52.502  7240  7276 I Finsky:background: [483] xqi.a(218): IV2::DRV: install for [Package:com.google.android.apps.youtube.music, isid:Y5S2bg7mQyaUtC4q_QtcAg] not tracked by installer.
06-19 20:48:52.502  7111  7111 I Finsky  : [2] qlq.e(27): XPF:User 0 is in installation, adding profile.
06-19 20:48:52.512  7240  7282 I Finsky:background: [489] oon.a(602): IV2: adding timeout to install 1
06-19 20:48:52.528   307  1263 D goldfish-address-space: claimShared: Ask to claim region [0x3f3db9000 0x3f3dcf000]
06-19 20:48:52.536   939  6199 D HostConnection: HostConnection::get() New Host Connection established 0x7690d5d7a310, tid 6199
06-19 20:48:52.538  7240  8463 I Finsky:background: [575] xqa.accept(86): SM: Session with Context {name=com.google.android.apps.youtube.music versionCode=82351280} successfully created
06-19 20:48:52.539   939  6199 D HostConnection: HostComposition ext ANDROID_EMU_CHECKSUM_HELPER_v1 ANDROID_EMU_native_sync_v2 ANDROID_EMU_native_sync_v3 ANDROID_EMU_native_sync_v4 ANDROID_EMU_dma_v1 ANDROID_EMU_direct_mem ANDROID_EMU_host_composition_v1 ANDROID_EMU_host_composition_v2 ANDROID_EMU_YUV_Cache ANDROID_EMU_has_shared_slots_host_memory_allocator ANDROID_EMU_sync_buffer_data ANDROID_EMU_read_color_buffer_dma GL_OES_vertex_array_object GL_KHR_texture_compression_astc_ldr ANDROID_EMU_host_side_tracing ANDROID_EMU_gles_max_version_2
06-19 20:48:52.539   939  6199 W OpenGLRenderer: Failed to choose config with EGL_SWAP_BEHAVIOR_PRESERVED, retrying without...
06-19 20:48:52.543  7240  7276 I Finsky:background: [483] xpt.apply(276): IV2::TV: allowMeteredNetwork=true for [Package=com.google.android.apps.youtube.music, isid=Y5S2bg7mQyaUtC4q_QtcAg]
06-19 20:48:52.544  7240  7276 I Finsky:background: [483] xqi.a(244): IV2::TM: Task added. com.google.android.apps.youtube.music[iid:1] [isid:Y5S2bg7mQyaUtC4q_QtcAg] [tid: 1000000001]
06-19 20:48:52.551   939  6199 D EGL_emulation: eglCreateContext: 0x7690c5d8eae0: maj 2 min 0 rcv 2
06-19 20:48:52.553   939  6199 D EGL_emulation: eglMakeCurrent: 0x7690c5d8eae0: ver 2 0 (tinfo 0x769065dcc910) (first time)
06-19 20:48:52.558  7240  7278 I Finsky:background: [485] xrb.a(302): IV2::TM: starting: 1000000001
06-19 20:48:52.561  7240  7276 I Finsky:background: [483] xra.a(39): IV2::TM: Starting task: com.google.android.apps.youtube.music[iid:1] [isid:Y5S2bg7mQyaUtC4q_QtcAg] [tid: 1000000001]
06-19 20:48:52.561  7240  7276 I Finsky:background: [483] xqw.d(13): IV2::TD starting task. com.google.android.apps.youtube.music[iid:1] [isid:Y5S2bg7mQyaUtC4q_QtcAg] [tid: 1000000001]
06-19 20:48:52.562  7240  7282 I Finsky:background: [489] xqi.a(521): IV2::TD: Fetching metadata start. com.google.android.apps.youtube.music[iid:1] [isid:Y5S2bg7mQyaUtC4q_QtcAg] [tid: 1000000001]
06-19 20:48:52.564  7240  7280 I Finsky:background: [487] abiy.a(30): Attempt creation of cached APK for com.google.android.apps.youtube.music
06-19 20:48:52.564  7240  7280 I Finsky:background: [487] abiy.a(1368): Preloads directory was not found.
06-19 20:48:52.564  7240  7280 I Finsky:background: [487] mef.call(60): File-by-File compatibility check result: true
06-19 20:48:52.567  7240  7282 I Finsky:background: [489] qqx.a(165): IV2: installer unavailable to accept com.google.android.youtube. Current active installs :
06-19 20:48:52.567  7240  7282 I Finsky:background: com.google.android.apps.youtube.music: installId: 1 isid: Y5S2bg7mQyaUtC4q_QtcAg requested 0 min ago
06-19 20:48:52.567  7240  7282 W Finsky:background: [489] xpt.apply(833): IV2: cannot process install request now for [Package:com.google.android.youtube, isid:8fjx95F4QtKw5VQzFgZyqg] with status code 1136
06-19 20:48:52.569  7240  7280 W Finsky:background: [487] rcj.a(623): IU: Account  from AppState for update of com.google.android.apps.youtube.music no longer exists.
06-19 20:48:52.576  7240  7280 W Finsky:background: [487] rcj.a(661): IU: Cannot get valid account for com.google.android.apps.youtube.music
06-19 20:48:52.576  7240  7280 I Finsky:background: [487] rcj.a(728): Unauthenticated delivery for com.google.android.apps.youtube.music.
06-19 20:48:52.589   206   209 E android.system.suspend@1.0-service: Error opening kernel wakelock stats for: wakeup34: Permission denied
06-19 20:48:52.592   206   209 E android.system.suspend@1.0-service: Error opening kernel wakelock stats for: wakeup35: Permission denied
06-19 20:48:52.584   206   206 W Binder:206_2: type=1400 audit(0.0:343): avc: denied { read } for name="wakeup34" dev="sysfs" ino=18984 scontext=u:r:system_suspend:s0 tcontext=u:object_r:sysfs:s0 tclass=dir permissive=0
06-19 20:48:52.588   206   206 W Binder:206_2: type=1400 audit(0.0:344): avc: denied { read } for name="wakeup35" dev="sysfs" ino=19047 scontext=u:r:system_suspend:s0 tcontext=u:object_r:sysfs:s0 tclass=dir permissive=0
06-19 20:48:52.622  7240  7737 W ding:backgroun: Accessing hidden method Lcom/android/org/conscrypt/ConscryptEngineSocket;->setUseSessionTickets(Z)V (greylist-max-q,core-platform-api, reflection, denied)
06-19 20:48:52.622  7240  7737 W ding:backgroun: Accessing hidden method Lcom/android/org/conscrypt/OpenSSLSocketImpl;->setUseSessionTickets(Z)V (greylist-max-q,core-platform-api, reflection, denied)
06-19 20:48:52.622  7240  7737 W ding:backgroun: Accessing hidden method Lcom/android/org/conscrypt/AbstractConscryptSocket;->setUseSessionTickets(Z)V (greylist-max-q, reflection, denied)
06-19 20:48:52.622  7240  7737 W ding:backgroun: Accessing hidden method Lcom/android/org/conscrypt/ConscryptEngineSocket;->setHostname(Ljava/lang/String;)V (greylist-max-q,core-platform-api, reflection, denied)
06-19 20:48:52.622  7240  7737 W ding:backgroun: Accessing hidden method Lcom/android/org/conscrypt/OpenSSLSocketImpl;->setHostname(Ljava/lang/String;)V (greylist-max-q,core-platform-api, reflection, denied)
06-19 20:48:52.622  7240  7737 W ding:backgroun: Accessing hidden method Lcom/android/org/conscrypt/AbstractConscryptSocket;->setHostname(Ljava/lang/String;)V (greylist-max-q, reflection, denied)
06-19 20:48:52.622  7240  7737 W ding:backgroun: Accessing hidden method Lcom/android/org/conscrypt/OpenSSLSocketImpl;->setAlpnProtocols([B)V (greylist-max-q,core-platform-api, reflection, denied)
06-19 20:48:52.623  7240  7737 W ding:backgroun: Accessing hidden method Lcom/android/org/conscrypt/AbstractConscryptSocket;->setAlpnProtocols([B)V (greylist-max-q, reflection, denied)
06-19 20:48:52.658  7240  7737 W ding:backgroun: Accessing hidden method Lcom/android/org/conscrypt/OpenSSLSocketImpl;->getAlpnSelectedProtocol()[B (greylist-max-q,core-platform-api, reflection, denied)
06-19 20:48:52.658  7240  7737 W ding:backgroun: Accessing hidden method Lcom/android/org/conscrypt/AbstractConscryptSocket;->getAlpnSelectedProtocol()[B (greylist-max-q, reflection, denied)
06-19 20:48:52.763  7240  7282 I Finsky:background: [489] xqu.apply(590): IV2::TD: Fetching metadata done. com.google.android.apps.youtube.music[iid:1] [isid:Y5S2bg7mQyaUtC4q_QtcAg] [tid: 1000000001]
06-19 20:48:52.765  7240  8452 I Finsky:background: [564] atyn.l(80): ICalc: Partition available space: 5731434496, install size: 76028128, min free: 312033280, additional needed: 0
06-19 20:48:52.766  7240  7280 I Finsky:background: [487] xmb.a(79): AV::DSC: sufficient disk space space available for com.google.android.apps.youtube.music[iid:1] [isid:Y5S2bg7mQyaUtC4q_QtcAg] [tid: 1000000001]: 76028128
06-19 20:48:52.775  7240  7278 W Finsky:background: [485] xme.apply(91): AV::PV: Can't download patch for package com.google.android.apps.youtube.music, artifact com.google.android.apps.youtube.music.apk, because didn't receive one in delivery response.
06-19 20:48:52.777  7240  7278 W Finsky:background: [485] xme.apply(91): AV::PV: Can't download patch for package com.google.android.apps.youtube.music, artifact config.en, because didn't receive one in delivery response.
06-19 20:48:52.778  7240  7282 I Finsky:background: [489] xqi.a(434): IV2::TD: Resource fetch start. com.google.android.apps.youtube.music[iid:1] [isid:Y5S2bg7mQyaUtC4q_QtcAg] [tid: 1000000001]
06-19 20:48:52.779  7240  7281 I Finsky:background: [488] ahub.a(61): RF: No TaskData found for a new request.
06-19 20:48:52.780  7240  7282 I Finsky:background: [489] nvi.accept(72): IV2: onTaskProgress com.google.android.apps.youtube.music[iid:1] [isid:Y5S2bg7mQyaUtC4q_QtcAg] status:RESOURCE_FETCH_START, size: 0/0
06-19 20:48:52.783  7240  8448 I Finsky:background: [561] xvj.O(58): IQ: Notifying installation update. [Package:com.google.android.apps.youtube.music, isid:Y5S2bg7mQyaUtC4q_QtcAg], status=DOWNLOADING, status_code=0, reason=rapid_auto_update, tsc=PT10M27.902S, attempt=0
06-19 20:48:52.786  7240  7278 I Finsky:background: [485] ahtz.a(11): RF: RowId of the upserted row is 1000000001.
06-19 20:48:52.791  7240  7240 I Finsky:background: [2] agrl.iY(56): PIM: Ignore install package event for: com.google.android.apps.youtube.music, isid: Y5S2bg7mQyaUtC4q_QtcAg
06-19 20:48:52.796  7240  7278 I Finsky:background: [485] ahwp.p(30): RM: create resource request id 4aac2a07-4e8e-47c8-833b-66d87b41598e for request com.google.android.apps.youtube.music.apk reason: rapid_auto_update isid: Y5S2bg7mQyaUtC4q_QtcAg
06-19 20:48:52.798  7111  7111 I Finsky  : [2] akjs.apply(400): IQ::HLD: if pauseAppUpdates is called now, it must wait for these ongoing installs: [[Package:com.google.android.apps.youtube.music, isid:Y5S2bg7mQyaUtC4q_QtcAg]]
06-19 20:48:52.804  7240  7281 I Finsky:background: [488] ahwp.p(30): RM: create resource request id 482e47c5-4bec-4d5a-bc1f-80565eb4d614 for request com.google.android.apps.youtube.music.dm reason: rapid_auto_update isid: Y5S2bg7mQyaUtC4q_QtcAg
06-19 20:48:52.811  7240  7280 I Finsky:background: [487] ahwp.p(30): RM: create resource request id 585e2889-c464-422d-9e8d-17c5344fbdfc for request config.en reason: rapid_auto_update isid: Y5S2bg7mQyaUtC4q_QtcAg
06-19 20:48:52.845  7240  7290 I Finsky:background: [496] bemt.l(6): DSC: enqueue()
06-19 20:48:52.854  7240  8457 I Finsky:background: [569] rzb.call(974): DS: request_id=9 generated with shared preferences
06-19 20:48:52.854  7240  8457 I Finsky:background: [569] rzb.call(997): DS: enqueue(request_id=9, files_to_download=[com.google.android.apps.youtube.music.apk(size:25739343)], context[group_id=com.google.android.apps.youtube.music:Y5S2bg7mQyaUtC4q_QtcAg], display_data[invisible=true, title=Required app update], network_restrictions=ANY_NETWORK
06-19 20:48:52.858  7240  7290 I Finsky:background: [496] bemt.l(6): DSC: enqueue()
06-19 20:48:52.864  7240  7279 I Finsky:background: [486] bemt.l(6): DSC: enqueue()
06-19 20:48:52.869  7240  8457 I Finsky:background: [569] rzb.call(974): DS: request_id=10 generated with shared preferences
06-19 20:48:52.870  7240  8457 I Finsky:background: [569] rzb.call(997): DS: enqueue(request_id=10, files_to_download=[com.google.android.apps.youtube.music.dm(size:49407)], context[group_id=com.google.android.apps.youtube.music:Y5S2bg7mQyaUtC4q_QtcAg], display_data[invisible=true, title=Required app update], network_restrictions=ANY_NETWORK
06-19 20:48:52.878  7240  8457 I Finsky:background: [569] sli.b(13): DS::CD: download(9)
06-19 20:48:52.879  7240  8457 I Finsky:background: [569] rzb.call(974): DS: request_id=11 generated with shared preferences
06-19 20:48:52.879  7240  8457 I Finsky:background: [569] rzb.call(997): DS: enqueue(request_id=11, files_to_download=[config.en(size:53301)], context[group_id=com.google.android.apps.youtube.music:Y5S2bg7mQyaUtC4q_QtcAg], display_data[invisible=true, title=Required app update], network_restrictions=ANY_NETWORK
06-19 20:48:52.879  7240  8457 I Finsky:background: [569] smt.c(111): DSC::L: Update all listeners for download <9:QUEUED with WAITING_FOR_START:0%[0%]> in group com.google.android.apps.youtube.music:Y5S2bg7mQyaUtC4q_QtcAg
06-19 20:48:52.879  7240  8457 I Finsky:background: [569] smt.c(153): DSC::L: Updating listener sgt@d22c422 for download <9:QUEUED with WAITING_FOR_START:0%[0%]>
06-19 20:48:52.879  7240  8457 I Finsky:background: [569] smt.c(153): DSC::L: Updating listener DownloadServiceManagerListener::qwb@129a404 for download <9:QUEUED with WAITING_FOR_START:0%[0%]>
06-19 20:48:52.880  7240  8457 I Finsky:background: [569] smt.c(153): DSC::L: Updating listener DownloadServiceManagerListener::ahuw@6ccb57a for download <9:QUEUED with WAITING_FOR_START:0%[0%]>
06-19 20:48:52.880  7240  8457 I Finsky:background: [569] atel.n(32): DS::IDC: updateWith: <9:QUEUED with WAITING_FOR_START:0%[0%]>
06-19 20:48:52.880  7240  8457 I Finsky:background: [569] smf.b(6): DS::ISM: Starting invisible download job
06-19 20:48:52.882  7240  8447 I Finsky:background: [560] bbvg.e(41): SCH: Received scheduling request: Id: 40-9998, Constraints: [{ L: 0, D: 86400000, C: CHARGING_NONE, I: IDLE_NONE, N: NET_ANY, B: BATTERY_ANY }]
06-19 20:48:52.894  7240  8457 I Finsky:background: [569] smt.c(111): DSC::L: Update all listeners for download <9:RUNNING:0%[0%]> in group com.google.android.apps.youtube.music:Y5S2bg7mQyaUtC4q_QtcAg
06-19 20:48:52.894  7240  8457 I Finsky:background: [569] smt.c(153): DSC::L: Updating listener sgt@d22c422 for download <9:RUNNING:0%[0%]>
06-19 20:48:52.894  7240  8457 I Finsky:background: [569] smt.c(153): DSC::L: Updating listener DownloadServiceManagerListener::qwb@129a404 for download <9:RUNNING:0%[0%]>
06-19 20:48:52.894  7240  8457 I Finsky:background: [569] smt.c(153): DSC::L: Updating listener DownloadServiceManagerListener::ahuw@6ccb57a for download <9:RUNNING:0%[0%]>
06-19 20:48:52.894  7240  8457 I Finsky:background: [569] ahuw.f(15): DS: Received onProgress request_id=9
06-19 20:48:52.895  7240  8457 I Finsky:background: [569] bqrp.i(59): RM: receive resource status onStart com.google.android.apps.youtube.music.apk reason: rapid_auto_update isid: Y5S2bg7mQyaUtC4q_QtcAg, 2, 192, size: 0/25739343
06-19 20:48:52.895  7240  8457 I Finsky:background: [569] bqrp.h(78): RM: receive resource status onProgress download_request_id=9, group_id=com.google.android.apps.youtube.music.apk reason: rapid_auto_update isid: Y5S2bg7mQyaUtC4q_QtcAg, status_code=RESOURCE_STATUS_IN_PROGRESS, legacy_status_code=192, size: 0/25739343
06-19 20:48:52.895  7240  8457 I Finsky:background: [569] atel.n(32): DS::IDC: updateWith: <9:RUNNING:0%[0%]>
06-19 20:48:52.898  7240  7279 I Finsky:background: [486] bemt.m(13): DSC: getDownload(9)
06-19 20:48:52.898  7240  7279 I Finsky:background: [486] sjg.i(15): DS: getDownload(request_id=9)
06-19 20:48:52.899  7240  8457 I Finsky:background: [569] sjg.h(335): DS: onGetDownload(request_id=9, files_to_download=[com.google.android.apps.youtube.music.apk(size:25739343)], context[group_id=com.google.android.apps.youtube.music:Y5S2bg7mQyaUtC4q_QtcAg], display_data[invisible=true, title=Required app update], network_restrictions=ANY_NETWORK status=running, bytes_downloaded=0, total_bytes=25739343, retry[count=0, next_retry=n/a])
06-19 20:48:52.901  7240  7284 I Finsky:background: [491] bemt.m(13): DSC: getDownload(9)
06-19 20:48:52.904  7240  7284 I Finsky:background: [491] sjg.i(15): DS: getDownload(request_id=9)
06-19 20:48:52.904  7240  8457 I Finsky:background: [569] smt.c(111): DSC::L: Update all listeners for download <10:QUEUED with WAITING_FOR_START:0%[0%]> in group com.google.android.apps.youtube.music:Y5S2bg7mQyaUtC4q_QtcAg
06-19 20:48:52.904  7240  8457 I Finsky:background: [569] smt.c(153): DSC::L: Updating listener sgt@d22c422 for download <10:QUEUED with WAITING_FOR_START:0%[0%]>
06-19 20:48:52.904  7240  8457 I Finsky:background: [569] smt.c(153): DSC::L: Updating listener DownloadServiceManagerListener::qwb@129a404 for download <10:QUEUED with WAITING_FOR_START:0%[0%]>
06-19 20:48:52.904  7240  8457 I Finsky:background: [569] smt.c(153): DSC::L: Updating listener DownloadServiceManagerListener::ahuw@6ccb57a for download <10:QUEUED with WAITING_FOR_START:0%[0%]>
06-19 20:48:52.905  7240  8457 I Finsky:background: [569] atel.n(32): DS::IDC: updateWith: <10:QUEUED with WAITING_FOR_START:0%[0%]>
06-19 20:48:52.905  7240  7284 I Finsky:background: [491] bemt.m(13): DSC: getDownload(9)
06-19 20:48:52.906  7240  7284 I Finsky:background: [491] sjg.i(15): DS: getDownload(request_id=9)
06-19 20:48:52.910  7240  8457 I Finsky:background: [569] sjg.h(335): DS: onGetDownload(request_id=9, files_to_download=[com.google.android.apps.youtube.music.apk(size:25739343)], context[group_id=com.google.android.apps.youtube.music:Y5S2bg7mQyaUtC4q_QtcAg], display_data[invisible=true, title=Required app update], network_restrictions=ANY_NETWORK status=running, bytes_downloaded=0, total_bytes=25739343, retry[count=0, next_retry=n/a])
06-19 20:48:52.911  7240  8457 I Finsky:background: [569] sjg.h(335): DS: onGetDownload(request_id=9, files_to_download=[com.google.android.apps.youtube.music.apk(size:25739343)], context[group_id=com.google.android.apps.youtube.music:Y5S2bg7mQyaUtC4q_QtcAg], display_data[invisible=true, title=Required app update], network_restrictions=ANY_NETWORK status=running, bytes_downloaded=0, total_bytes=25739343, retry[count=0, next_retry=n/a])
06-19 20:48:52.912  7240  7240 I Finsky:background: [2] ahmz.run(263): RF: onStart 9
06-19 20:48:52.915  7240  7240 I Finsky:background: [2] ahug.l(77): bytesCompleted/bytesTotal/ratio = 0 / 25842051 / 0.000000
06-19 20:48:52.915  7240  7240 I Finsky:background: [2] ahue.a(39): RF: onProgress 9
06-19 20:48:52.915  7240  7240 I Finsky:background: [2] ahue.a(205): RF: onProgress 9
06-19 20:48:52.915  7240  7240 I Finsky:background: [2] ahug.l(77): bytesCompleted/bytesTotal/ratio = 0 / 25842051 / 0.000000
06-19 20:48:52.916  7240  7281 I Finsky:background: [488] tcp.accept(59): SCH: Scheduling phonesky job Id: 40-9998, CT: 1750355332882, Constraints: [{ L: 0, D: 86400000, C: CHARGING_NONE, I: IDLE_NONE, N: NET_ANY, B: BATTERY_ANY }, { L: 0, D: 0, C: CHARGING_NONE, I: IDLE_NONE, N: NET_NONE, B: BATTERY_ANY }]
06-19 20:48:52.917  7240  7281 I Finsky:background: [488] asdw.r(343): SCH: Scheduling system job 10063 to resume after 0 ms
06-19 20:48:52.917  7240  7278 I Finsky:background: [485] azbu.l(33): SCH: Resuming system job 10063 from hub.
06-19 20:48:52.918  7240  7281 I Finsky:background: [488] asdw.r(343): SCH: Scheduling system job 10064 to resume after 0 ms
06-19 20:48:52.919  7240  7276 I Finsky:background: [483] azbu.l(33): SCH: Resuming system job 10064 from hub.
06-19 20:48:52.923  7240  8457 I Finsky:background: [569] smt.c(111): DSC::L: Update all listeners for download <11:QUEUED with WAITING_FOR_START:0%[0%]> in group com.google.android.apps.youtube.music:Y5S2bg7mQyaUtC4q_QtcAg
06-19 20:48:52.923  7240  8457 I Finsky:background: [569] smt.c(153): DSC::L: Updating listener sgt@d22c422 for download <11:QUEUED with WAITING_FOR_START:0%[0%]>
06-19 20:48:52.923  7240  8457 I Finsky:background: [569] smt.c(153): DSC::L: Updating listener DownloadServiceManagerListener::qwb@129a404 for download <11:QUEUED with WAITING_FOR_START:0%[0%]>
06-19 20:48:52.924  7240  7282 I Finsky:background: [489] nvi.accept(72): IV2: onTaskProgress com.google.android.apps.youtube.music[iid:1] [isid:Y5S2bg7mQyaUtC4q_QtcAg] status:RESOURCE_FETCH_PROGRESS, size: 0/25842051
06-19 20:48:52.924  7240  8457 I Finsky:background: [569] smt.c(153): DSC::L: Updating listener DownloadServiceManagerListener::ahuw@6ccb57a for download <11:QUEUED with WAITING_FOR_START:0%[0%]>
06-19 20:48:52.924  7240  8457 I Finsky:background: [569] atel.n(32): DS::IDC: updateWith: <11:QUEUED with WAITING_FOR_START:0%[0%]>
06-19 20:48:52.926  7240  7278 I Finsky:background: [485] oac.apply(312): SCH: Scheduling 0 system job(s)
06-19 20:48:52.928  7240  8447 I Finsky:background: [560] oab.a(728): SCH: Satisfied jobs for 10063 are: 3-3, 3-4, 40-9998
06-19 20:48:52.929  7240  8446 I Finsky:background: [559] ajkf.accept(151): SCH: Job 40-9998 starting
06-19 20:48:52.930  7240  7240 I Finsky:background: [2] InvisibleRunJob.i(6): DS::IRJ: Running InvisibleRunJob
06-19 20:48:52.932  7240  8447 I Finsky:background: [560] oab.a(728): SCH: Satisfied jobs for 10064 are: 3-3, 3-4, 40-9998
06-19 20:48:52.936  7240  7284 I Finsky:background: [491] bemt.m(13): DSC: getDownload(10)
06-19 20:48:52.938  7240  7282 I Finsky:background: [489] nvi.accept(72): IV2: onTaskProgress com.google.android.apps.youtube.music[iid:1] [isid:Y5S2bg7mQyaUtC4q_QtcAg] status:RESOURCE_FETCH_PROGRESS, size: 0/25842051
06-19 20:48:52.938  7240  7284 I Finsky:background: [491] sjg.i(15): DS: getDownload(request_id=10)
06-19 20:48:52.938  7240  8448 I Finsky:background: [561] xvj.O(58): IQ: Notifying installation update. [Package:com.google.android.apps.youtube.music, isid:Y5S2bg7mQyaUtC4q_QtcAg], status=DOWNLOADING, status_code=0, reason=rapid_auto_update, tsc=PT10M28.057S, attempt=0
06-19 20:48:52.939  7240  8457 I Finsky:background: [569] sjg.h(335): DS: onGetDownload(request_id=10, files_to_download=[com.google.android.apps.youtube.music.dm(size:49407)], context[group_id=com.google.android.apps.youtube.music:Y5S2bg7mQyaUtC4q_QtcAg], display_data[invisible=true, title=Required app update], network_restrictions=ANY_NETWORK status=queued[1], bytes_downloaded=0, total_bytes=49407, retry[count=0, next_retry=n/a])
06-19 20:48:52.952  7240  8476 I Finsky:background: [582] slj.d(6): CronetDownloader: onRedirectReceived
06-19 20:48:52.954  7240  7240 I Finsky:background: [2] agrl.iY(56): PIM: Ignore install package event for: com.google.android.apps.youtube.music, isid: Y5S2bg7mQyaUtC4q_QtcAg
06-19 20:48:52.955  7240  7290 I Finsky:background: [496] bemt.m(13): DSC: getDownload(11)
06-19 20:48:52.956  7240  7284 I Finsky:background: [491] sjg.i(15): DS: getDownload(request_id=11)
06-19 20:48:52.957  7240  8448 I Finsky:background: [561] xvj.O(58): IQ: Notifying installation update. [Package:com.google.android.apps.youtube.music, isid:Y5S2bg7mQyaUtC4q_QtcAg], status=DOWNLOADING, status_code=0, reason=rapid_auto_update, tsc=PT10M28.076S, attempt=0
06-19 20:48:52.959  7240  8457 I Finsky:background: [569] sjg.h(335): DS: onGetDownload(request_id=11, files_to_download=[config.en(size:53301)], context[group_id=com.google.android.apps.youtube.music:Y5S2bg7mQyaUtC4q_QtcAg], display_data[invisible=true, title=Required app update], network_restrictions=ANY_NETWORK status=queued[1], bytes_downloaded=0, total_bytes=53301, retry[count=0, next_retry=n/a])
06-19 20:48:52.968  7240  7240 I Finsky:background: [2] agrl.iY(56): PIM: Ignore install package event for: com.google.android.apps.youtube.music, isid: Y5S2bg7mQyaUtC4q_QtcAg
06-19 20:48:52.996  7111  7111 I Finsky  : [2] akjs.apply(400): IQ::HLD: if pauseAppUpdates is called now, it must wait for these ongoing installs: [[Package:com.google.android.apps.youtube.music, isid:Y5S2bg7mQyaUtC4q_QtcAg]]
06-19 20:48:53.000  7111  7111 I Finsky  : [2] akjs.apply(400): IQ::HLD: if pauseAppUpdates is called now, it must wait for these ongoing installs: [[Package:com.google.android.apps.youtube.music, isid:Y5S2bg7mQyaUtC4q_QtcAg]]
06-19 20:48:53.393  7240  8457 I Finsky:background: [569] smt.c(111): DSC::L: Update all listeners for download <9:RUNNING:0%[0%]> in group com.google.android.apps.youtube.music:Y5S2bg7mQyaUtC4q_QtcAg
06-19 20:48:53.393  7240  8457 I Finsky:background: [569] smt.c(153): DSC::L: Updating listener sgt@d22c422 for download <9:RUNNING:0%[0%]>
06-19 20:48:53.393  7240  8457 I Finsky:background: [569] smt.c(153): DSC::L: Updating listener DownloadServiceManagerListener::qwb@129a404 for download <9:RUNNING:0%[0%]>
06-19 20:48:53.393  7240  8457 I Finsky:background: [569] smt.c(153): DSC::L: Updating listener DownloadServiceManagerListener::ahuw@6ccb57a for download <9:RUNNING:0%[0%]>
06-19 20:48:53.394  7240  8457 I Finsky:background: [569] ahuw.f(15): DS: Received onProgress request_id=9
06-19 20:48:53.394  7240  8457 I Finsky:background: [569] bqrp.h(78): RM: receive resource status onProgress download_request_id=9, group_id=com.google.android.apps.youtube.music.apk reason: rapid_auto_update isid: Y5S2bg7mQyaUtC4q_QtcAg, status_code=RESOURCE_STATUS_IN_PROGRESS, legacy_status_code=192, size: 0/25739343
06-19 20:48:53.394  7240  8457 I Finsky:background: [569] atel.n(32): DS::IDC: updateWith: <9:RUNNING:0%[0%]>
06-19 20:48:53.396  7240  7279 I Finsky:background: [486] bemt.m(13): DSC: getDownload(9)
06-19 20:48:53.399  7240  7284 I Finsky:background: [491] sjg.i(15): DS: getDownload(request_id=9)
06-19 20:48:53.400  7240  8457 I Finsky:background: [569] sjg.h(335): DS: onGetDownload(request_id=9, files_to_download=[com.google.android.apps.youtube.music.apk(size:25739343)], context[group_id=com.google.android.apps.youtube.music:Y5S2bg7mQyaUtC4q_QtcAg], display_data[invisible=true, title=Required app update], network_restrictions=ANY_NETWORK status=running, bytes_downloaded=0, total_bytes=25739343, retry[count=0, next_retry=n/a])
06-19 20:48:53.403  7240  7240 I Finsky:background: [2] ahue.a(39): RF: onProgress 9
06-19 20:48:53.403  7240  7240 I Finsky:background: [2] ahue.a(205): RF: onProgress 9
06-19 20:48:53.404  7240  7240 I Finsky:background: [2] ahug.l(77): bytesCompleted/bytesTotal/ratio = 0 / 25842051 / 0.000000
06-19 20:48:53.406  7240  7282 I Finsky:background: [489] nvi.accept(72): IV2: onTaskProgress com.google.android.apps.youtube.music[iid:1] [isid:Y5S2bg7mQyaUtC4q_QtcAg] status:RESOURCE_FETCH_PROGRESS, size: 0/25842051
06-19 20:48:53.412  7240  8448 I Finsky:background: [561] xvj.O(58): IQ: Notifying installation update. [Package:com.google.android.apps.youtube.music, isid:Y5S2bg7mQyaUtC4q_QtcAg], status=DOWNLOADING, status_code=0, reason=rapid_auto_update, tsc=PT10M28.531S, attempt=0
06-19 20:48:53.426  7240  7240 I Finsky:background: [2] agrl.iY(56): PIM: Ignore install package event for: com.google.android.apps.youtube.music, isid: Y5S2bg7mQyaUtC4q_QtcAg
06-19 20:48:53.432  7111  7111 I Finsky  : [2] akjs.apply(400): IQ::HLD: if pauseAppUpdates is called now, it must wait for these ongoing installs: [[Package:com.google.android.apps.youtube.music, isid:Y5S2bg7mQyaUtC4q_QtcAg]]
06-19 20:48:54.873  7240  8457 I Finsky:background: [569] smt.c(111): DSC::L: Update all listeners for download <9:RUNNING:100%[100%]> in group com.google.android.apps.youtube.music:Y5S2bg7mQyaUtC4q_QtcAg
06-19 20:48:54.874  7240  8457 I Finsky:background: [569] smt.c(153): DSC::L: Updating listener sgt@d22c422 for download <9:RUNNING:100%[100%]>
06-19 20:48:54.874  7240  8457 I Finsky:background: [569] smt.c(153): DSC::L: Updating listener DownloadServiceManagerListener::qwb@129a404 for download <9:RUNNING:100%[100%]>
06-19 20:48:54.874  7240  8457 I Finsky:background: [569] smt.c(153): DSC::L: Updating listener DownloadServiceManagerListener::ahuw@6ccb57a for download <9:RUNNING:100%[100%]>
06-19 20:48:54.874  7240  8457 I Finsky:background: [569] ahuw.f(15): DS: Received onProgress request_id=9
06-19 20:48:54.875  7240  8457 I Finsky:background: [569] bqrp.h(78): RM: receive resource status onProgress download_request_id=9, group_id=com.google.android.apps.youtube.music.apk reason: rapid_auto_update isid: Y5S2bg7mQyaUtC4q_QtcAg, status_code=RESOURCE_STATUS_IN_PROGRESS, legacy_status_code=192, size: 25739343/25739343
06-19 20:48:54.875  7240  8457 I Finsky:background: [569] atel.n(32): DS::IDC: updateWith: <9:RUNNING:100%[100%]>
06-19 20:48:54.878  7240  7279 I Finsky:background: [486] bemt.m(13): DSC: getDownload(9)
06-19 20:48:54.879  7240  7284 I Finsky:background: [491] sjg.i(15): DS: getDownload(request_id=9)
06-19 20:48:54.880  7240  8457 I Finsky:background: [569] sjg.h(335): DS: onGetDownload(request_id=9, files_to_download=[com.google.android.apps.youtube.music.apk(size:25739343)], context[group_id=com.google.android.apps.youtube.music:Y5S2bg7mQyaUtC4q_QtcAg], display_data[invisible=true, title=Required app update], network_restrictions=ANY_NETWORK status=succeeded, bytes_downloaded=25739343, total_bytes=25739343, retry[count=0, next_retry=n/a])
06-19 20:48:54.881  7240  7240 I Finsky:background: [2] ahue.a(39): RF: onProgress 9
06-19 20:48:54.881  7240  7240 I Finsky:background: [2] ahue.a(205): RF: onProgress 9
06-19 20:48:54.887  7240  8457 I Finsky:background: [569] smt.c(111): DSC::L: Update all listeners for download <9:SUCCEEDED> in group com.google.android.apps.youtube.music:Y5S2bg7mQyaUtC4q_QtcAg
06-19 20:48:54.887  7240  8457 I Finsky:background: [569] smt.c(153): DSC::L: Updating listener sgt@d22c422 for download <9:SUCCEEDED>
06-19 20:48:54.887  7240  8457 I Finsky:background: [569] smt.c(153): DSC::L: Updating listener DownloadServiceManagerListener::qwb@129a404 for download <9:SUCCEEDED>
06-19 20:48:54.888  7240  8457 I Finsky:background: [569] smt.c(153): DSC::L: Updating listener DownloadServiceManagerListener::ahuw@6ccb57a for download <9:SUCCEEDED>
06-19 20:48:54.888  7240  7240 I Finsky:background: [2] ahug.l(77): bytesCompleted/bytesTotal/ratio = 25739343 / 25842051 / 0.996026
06-19 20:48:54.888  7240  8457 I Finsky:background: [569] bqrp.j(59): RM: receive resource status onSuccess com.google.android.apps.youtube.music.apk reason: rapid_auto_update isid: Y5S2bg7mQyaUtC4q_QtcAg, 3, 200, size: 25739343/25739343
06-19 20:48:54.890  7240  8457 I Finsky:background: [569] atel.n(32): DS::IDC: updateWith: <9:SUCCEEDED>
06-19 20:48:54.890  7240  7282 I Finsky:background: [489] nvi.accept(72): IV2: onTaskProgress com.google.android.apps.youtube.music[iid:1] [isid:Y5S2bg7mQyaUtC4q_QtcAg] status:RESOURCE_FETCH_PROGRESS, size: 25739343/25842051
06-19 20:48:54.891  7240  7290 I Finsky:background: [496] bemt.m(13): DSC: getDownload(9)
06-19 20:48:54.891  7240  8457 I Finsky:background: [569] sli.b(13): DS::CD: download(10)
06-19 20:48:54.892  7240  7284 I Finsky:background: [491] sjg.i(15): DS: getDownload(request_id=9)
06-19 20:48:54.893  7240  8457 I Finsky:background: [569] sjg.h(335): DS: onGetDownload(request_id=9, files_to_download=[com.google.android.apps.youtube.music.apk(size:25739343)], context[group_id=com.google.android.apps.youtube.music:Y5S2bg7mQyaUtC4q_QtcAg], display_data[invisible=true, title=Required app update], network_restrictions=ANY_NETWORK status=succeeded, bytes_downloaded=25739343, total_bytes=25739343, retry[count=0, next_retry=n/a])
