parcel size 4
06-19 20:42:47.028   501  4805 I system_server: oneway function results will be dropped but finished with status OK and parcel size 4
06-19 20:43:02.941   501   501 D CompatibilityChangeReporter: Compat change id reported: 135634846; UID 10102; state: DISABLED
06-19 20:43:02.941   501   545 D CompatibilityChangeReporter: Compat change id reported: 143937733; UID 10102; state: DISABLED
06-19 20:42:49.988   501  4805 I system_server: oneway function results will be dropped but finished with status OK and parcel size 4
06-19 20:43:02.967   501  2620 D WifiNl80211Manager: Scan result ready event
06-19 20:43:02.967   501  2620 D WifiNative: Scan result ready event
06-19 20:43:02.970   286   286 D Zygote  : Forked child process 8190
06-19 20:43:02.973   501   545 I ActivityManager: Start proc 8190:com.google.android.projection.gearhead:shared/u0a102 for service {com.google.android.projection.gearhead/com.google.android.apps.auto.components.app.fzero.LauncherIconStateVerificationService}
06-19 20:43:02.986  8190  8190 W gearhead:share: Unexpected CPU variant for X86 using defaults: x86_64
06-19 20:43:02.988  8190  8190 E gearhead:share: Not starting debugger since process cannot load the jdwp agent.
06-19 20:43:02.998  8190  8190 D ApplicationLoaders: Returning zygote-cached class loader: /system/framework/android.test.base.jar
06-19 20:43:03.000  8190  8190 I gearhead:share: The ClassLoaderContext is a special shared library.
06-19 20:43:03.003  8190  8190 I gearhead:share: The ClassLoaderContext is a special shared library.
06-19 20:43:03.004  8190  8190 D nativeloader: classloader namespace configured for unbundled product apk. library_path=/product/priv-app/AndroidAutoFullPrebuilt/lib/x86_64:/product/priv-app/AndroidAutoFullPrebuilt/AndroidAutoFullPrebuilt.apk!/lib/x86_64:/product/lib64:/system/product/lib64
06-19 20:43:03.009  8190  8190 D NetworkSecurityConfig: No Network Security Config specified, using platform default
06-19 20:43:03.010  8190  8190 D NetworkSecurityConfig: No Network Security Config specified, using platform default
06-19 20:43:03.024  8190  8190 I MultiDex: VM with version 2.1.0 has multidex support
06-19 20:43:03.024  8190  8190 I MultiDex: install
06-19 20:43:03.024  8190  8190 I MultiDex: VM has multidex support, MultiDex support library is disabled.
06-19 20:43:03.027  8190  8190 W Primes  : Primes not initialized, returning default (no-op) Primes instance which will ignore all calls. Please call Primes.initialize(...) before using any Primes API.
06-19 20:43:03.029  8190  8190 I CAR.GH  : onCreate
06-19 20:43:03.039  8190  8210 W gearhead:share: Accessing hidden field Ljava/util/Collections$SynchronizedCollection;->mutex:Ljava/lang/Object; (greylist-max-o, reflection, denied)
06-19 20:43:03.040  8190  8210 W gearhead:share: Accessing hidden method Ljava/util/Collections$SynchronizedSet;-><init>(Ljava/util/Set;Ljava/lang/Object;)V (greylist-max-o, reflection, denied)
06-19 20:43:03.040  8190  8210 W gearhead:share: Accessing hidden method Ljava/util/Collections$SynchronizedCollection;-><init>(Ljava/util/Collection;Ljava/lang/Object;)V (greylist-max-o, reflection, denied)
06-19 20:43:03.045  8190  8190 I CAR.GH  : Process: SHARED_SERVICE
06-19 20:43:03.049  8190  8190 V PrimesApiImpl: Primes instant initialization
06-19 20:43:03.050  8190  8211 I PrimesApiImpl: background initialization
06-19 20:43:03.062  8190  8211 V HashedNamesTransmitter: unhashed: # mhy@e7de6e83
06-19 20:43:03.063  8190  8211 V ClearcutMetricTransmitt: # mhy@e7de6e83
06-19 20:43:03.063  8190  8211 V ClearcutMetricTransmitt: Sending Primes primes stats
06-19 20:43:03.063  8190  8211 V ClearcutMetricTransmitt: Kk8KJmNvbS5nb29nbGUuYW5kcm9pZC5wcm9qZWN0aW9uLmdlYXJoZWFkEhU1LjMuODAxNjU4LXByZWluc3RhbGwYASDOvZCSASoGc2hhcmVkQgQIAhABugEKCMTl2QIQwPzzAg==
06-19 20:43:03.099  8190  8190 I CAR.TOKEN: useTransitionalToken: true
06-19 20:43:03.118  8190  8190 I GAv4    : Google Analytics 201.7.02 is starting up. To enable debug logging on a device run:
06-19 20:43:03.118  8190  8190 I GAv4    :   adb shell setprop log.tag.GAv4 DEBUG
06-19 20:43:03.118  8190  8190 I GAv4    :   adb logcat -s GAv4
06-19 20:43:03.124  8190  8217 W GAv4    : AnalyticsReceiver is not registered or is disabled. Register the receiver for reliable dispatching on non-Google Play devices. See http://goo.gl/8Rd3yj for instructions.
06-19 20:43:03.126  8190  8217 W GAv4    : CampaignTrackingReceiver is not registered, not exported or is disabled. Installation campaign tracking is not possible. See http://goo.gl/8Rd3yj for instructions.
06-19 20:43:03.127  8190  8190 W GH.CarClientManager: getToken() called while client was disconnected!
06-19 20:43:03.127  8190  8190 W GH.CarClientManager: java.lang.RuntimeException: Current stack
06-19 20:43:03.127  8190  8190 W GH.CarClientManager:   at btj.e(SourceFile:25)
06-19 20:43:03.127  8190  8190 W GH.CarClientManager:   at dpo.<init>(SourceFile:17)
06-19 20:43:03.127  8190  8190 W GH.CarClientManager:   at epd.a(Unknown Source:2)
06-19 20:43:03.127  8190  8190 W GH.CarClientManager:   at hrz.a(Unknown Source:11)
06-19 20:43:03.127  8190  8190 W GH.CarClientManager:   at hsw.a(SourceFile:23)
06-19 20:43:03.127  8190  8190 W GH.CarClientManager:   at hry.apply(Unknown Source:2)
06-19 20:43:03.127  8190  8190 W GH.CarClientManager:   at j$.util.Map$$CC.computeIfAbsent$$dflt$$(Unknown Source:957)
06-19 20:43:03.127  8190  8190 W GH.CarClientManager:   at mg.computeIfAbsent(Unknown Source:0)
06-19 20:43:03.127  8190  8190 W GH.CarClientManager:   at j$.util.Map$$Dispatch.computeIfAbsent(Unknown Source:6)
06-19 20:43:03.127  8190  8190 W GH.CarClientManager:   at hsa.a(SourceFile:9)
06-19 20:43:03.127  8190  8190 W GH.CarClientManager:   at hsa.c(SourceFile:11)
06-19 20:43:03.127  8190  8190 W GH.CarClientManager:   at cxf.a(SourceFile:43)
06-19 20:43:03.127  8190  8190 W GH.CarClientManager:   at eqg.a(SourceFile:32)
06-19 20:43:03.127  8190  8190 W GH.CarClientManager:   at com.google.android.projection.gearhead.GhApplication.onCreate(SourceFile:78)
06-19 20:43:03.127  8190  8190 W GH.CarClientManager:   at android.app.Instrumentation.callApplicationOnCreate(Instrumentation.java:1192)
06-19 20:43:03.127  8190  8190 W GH.CarClientManager:   at android.app.ActivityThread.handleBindApplication(ActivityThread.java:6712)
06-19 20:43:03.127  8190  8190 W GH.CarClientManager:   at android.app.ActivityThread.access$1300(ActivityThread.java:237)
06-19 20:43:03.127  8190  8190 W GH.CarClientManager:   at android.app.ActivityThread$H.handleMessage(ActivityThread.java:1913)
06-19 20:43:03.127  8190  8190 W GH.CarClientManager:   at android.os.Handler.dispatchMessage(Handler.java:106)
06-19 20:43:03.127  8190  8190 W GH.CarClientManager:   at android.os.Looper.loop(Looper.java:223)
06-19 20:43:03.127  8190  8190 W GH.CarClientManager:   at android.app.ActivityThread.main(ActivityThread.java:7656)
06-19 20:43:03.127  8190  8190 W GH.CarClientManager:   at java.lang.reflect.Method.invoke(Native Method)
06-19 20:43:03.127  8190  8190 W GH.CarClientManager:   at com.android.internal.os.RuntimeInit$MethodAndArgsCaller.run(RuntimeInit.java:592)
06-19 20:43:03.127  8190  8190 W GH.CarClientManager:   at com.android.internal.os.ZygoteInit.main(ZygoteInit.java:947)
06-19 20:43:03.127  8190  8217 W GAv4    : AnalyticsService not registered in the app manifest. Hits might not be delivered reliably. See http://goo.gl/8Rd3yj for instructions.
06-19 20:43:03.144  8190  8190 I GH.CONFIG: groups:
06-19 20:43:03.146  8190  8190 I GH.CONFIG: everyone
06-19 20:43:03.163  8190  8190 I GH.IconVerifyService: triggerSource = BOOT_COMPLETE, componentState = 2
06-19 20:43:03.181  8190  8190 I CAR.ANALYTICS: Flushing event queue to clearcut
06-19 20:43:07.297   206   209 E android.system.suspend@1.0-service: Error opening kernel wakelock stats for: wakeup34: Permission denied
06-19 20:43:07.299   206   209 E android.system.suspend@1.0-service: Error opening kernel wakelock stats for: wakeup35: Permission denied
06-19 20:43:07.292   206   206 W Binder:206_2: type=1400 audit(0.0:279): avc: denied { read } for name="wakeup34" dev="sysfs" ino=18984 scontext=u:r:system_suspend:s0 tcontext=u:object_r:sysfs:s0 tclass=dir permissive=0
06-19 20:43:07.296   206   206 W Binder:206_2: type=1400 audit(0.0:280): avc: denied { read } for name="wakeup35" dev="sysfs" ino=19047 scontext=u:r:system_suspend:s0 tcontext=u:object_r:sysfs:s0 tclass=dir permissive=0
06-19 20:43:07.877   206   209 E android.system.suspend@1.0-service: Error opening kernel wakelock stats for: wakeup34: Permission denied
06-19 20:43:07.880   206   209 E android.system.suspend@1.0-service: Error opening kernel wakelock stats for: wakeup35: Permission denied
06-19 20:43:07.876   206   206 W Binder:206_2: type=1400 audit(0.0:281): avc: denied { read } for name="wakeup34" dev="sysfs" ino=18984 scontext=u:r:system_suspend:s0 tcontext=u:object_r:sysfs:s0 tclass=dir permissive=0
06-19 20:43:07.876   206   206 W Binder:206_2: type=1400 audit(0.0:282): avc: denied { read } for name="wakeup35" dev="sysfs" ino=19047 scontext=u:r:system_suspend:s0 tcontext=u:object_r:sysfs:s0 tclass=dir permissive=0
06-19 20:43:11.529   346   346 I android.hardware.vibrator-service.example: Vibrator reporting capabilities
06-19 20:43:11.530   346   346 I android.hardware.vibrator-service.example: Vibrator off
06-19 20:43:11.530   346   346 I android.hardware.vibrator-service.example: Vibrator perform
06-19 20:43:11.530   346  8224 I android.hardware.vibrator-service.example: Starting perform on another thread
06-19 20:43:11.533   501  2620 I system_server: oneway function results will be dropped but finished with status OK and parcel size 4
06-19 20:43:11.534   501  2625 I system_server: oneway function results will be dropped but finished with status OK and parcel size 4
06-19 20:43:11.594   501  2625 I ActivityTaskManager: START u0 {act=android.intent.action.MAIN cat=[android.intent.category.HOME] flg=0x10000000 pkg=com.google.android.apps.nexuslauncher cmp=com.google.android.apps.nexuslauncher/.NexusLauncherActivity (has extras)} from uid 10137
06-19 20:43:11.594   501   538 D EventSequenceValidator: Transition from INTENT_FAILED to INTENT_STARTED
06-19 20:43:11.596   400   400 I perfetto: ing_service_impl.cc:758 Configured tracing session 13, #sources:1, duration:5000 ms, #buffers:1, total buffer size:4096 KB, total sessions:1, uid:1071 session name: ""
06-19 20:43:11.596   397   397 I perfetto: probes_producer.cc:230  Ftrace setup (target_buf=13)
06-19 20:43:11.598   501  2625 W InputReader: Device virtio_input_multi_touch_9 is associated with display ADISPLAY_ID_NONE.
06-19 20:43:11.598   501  2625 W InputReader: Device virtio_input_multi_touch_7 is associated with display ADISPLAY_ID_NONE.
06-19 20:43:11.598   501  2625 W InputReader: Device virtio_input_multi_touch_10 is associated with display ADISPLAY_ID_NONE.
06-19 20:43:11.598   501  2625 W InputReader: Device virtio_input_multi_touch_6 is associated with display ADISPLAY_ID_NONE.
06-19 20:43:11.598   501  2625 W InputReader: Device virtio_input_multi_touch_4 is associated with display ADISPLAY_ID_NONE.
06-19 20:43:11.598   501  2625 W InputReader: Device virtio_input_multi_touch_3 is associated with display ADISPLAY_ID_NONE.
06-19 20:43:11.598   501  2625 W InputReader: Device virtio_input_multi_touch_8 is associated with display ADISPLAY_ID_NONE.
06-19 20:43:11.598   501  2625 W InputReader: Device virtio_input_multi_touch_11 is associated with display ADISPLAY_ID_NONE.
06-19 20:43:11.598   501  2625 W InputReader: Device virtio_input_multi_touch_5 is associated with display ADISPLAY_ID_NONE.
06-19 20:43:11.598   501  2625 W InputReader: Device virtio_input_multi_touch_2 is associated with display ADISPLAY_ID_NONE.
06-19 20:43:11.599   501  2625 W InputReader: Device virtio_input_multi_touch_9 is associated with display ADISPLAY_ID_NONE.
06-19 20:43:11.599   501  2625 W InputReader: Device virtio_input_multi_touch_7 is associated with display ADISPLAY_ID_NONE.
06-19 20:43:11.600   501  2625 W InputReader: Device virtio_input_multi_touch_10 is associated with display ADISPLAY_ID_NONE.
06-19 20:43:11.600   501  2625 W InputReader: Device virtio_input_multi_touch_6 is associated with display ADISPLAY_ID_NONE.
06-19 20:43:11.600   501  2625 W InputReader: Device virtio_input_multi_touch_4 is associated with display ADISPLAY_ID_NONE.
06-19 20:43:11.600   501  2625 W InputReader: Device virtio_input_multi_touch_3 is associated with display ADISPLAY_ID_NONE.
06-19 20:43:11.600   501  2625 W InputReader: Device virtio_input_multi_touch_8 is associated with display ADISPLAY_ID_NONE.
06-19 20:43:11.600   501  2625 W InputReader: Device virtio_input_multi_touch_11 is associated with display ADISPLAY_ID_NONE.
06-19 20:43:11.600   501  2625 W InputReader: Device virtio_input_multi_touch_5 is associated with display ADISPLAY_ID_NONE.
06-19 20:43:11.600   501  2625 W InputReader: Device virtio_input_multi_touch_2 is associated with display ADISPLAY_ID_NONE.
06-19 20:43:11.607   728   728 V ShadeControllerImpl: NotificationShadeWindow: com.android.systemui.statusbar.phone.NotificationShadeWindowView{a2e0ac I.E...... ......ID 0,0-1080,2280} canPanelBeCollapsed(): false
06-19 20:43:11.608   939   939 D RecentsOrientedState: current RecentsOrientedState: [this=RecentsOrientedState@2bb71e5 mOrientationHandler=PortraitPagedViewHandler@19f864c mDisplayRotation=0 mTouchRotation=0 mRecentsActivityRotation=0 isRecentsActivityRotationAllowed=false mSystemRotation=true mFlags=299]
06-19 20:43:11.608   939   939 D RecentsOrientedState: current RecentsOrientedState: [this=RecentsOrientedState@2bb71e5 mOrientationHandler=PortraitPagedViewHandler@19f864c mDisplayRotation=0 mTouchRotation=0 mRecentsActivityRotation=0 isRecentsActivityRotationAllowed=false mSystemRotation=true mFlags=299]
06-19 20:43:11.622   307  1263 D goldfish-address-space: claimShared: Ask to claim region [0x3f0965000 0x3f12ca000]
06-19 20:43:11.624   501   538 D EventSequenceValidator: Transition from INTENT_STARTED to ACTIVITY_LAUNCHED
06-19 20:43:11.625   397   397 I perfetto: ftrace_procfs.cc:176    enabled ftrace
06-19 20:43:11.632   346  8224 I android.hardware.vibrator-service.example: Notifying perform complete
06-19 20:43:11.632   346   346 I android.hardware.vibrator-service.example: Vibrator off
06-19 20:43:11.639   307  1263 D goldfish-address-space: claimShared: Ask to claim region [0x3f12ca000 0x3f1c2f000]
06-19 20:43:11.650   307  1263 D goldfish-address-space: claimShared: Ask to claim region [0x3f1c2f000 0x3f2594000]
06-19 20:43:11.670   501  2625 I system_server: oneway function results will be dropped but finished with status OK and parcel size 4
06-19 20:43:11.685   307  1263 D goldfish-address-space: claimShared: Ask to claim region [0x3f2594000 0x3f2b97000]
06-19 20:43:11.709   501   543 D ArtManagerInternalImpl: /data/misc/iorapd/com.google.android.apps.nexuslauncher/821/com.google.android.apps.nexuslauncher.NexusLauncherActivity/compiled_traces/compiled_trace.pb doesn't exist
06-19 20:43:11.715   501   538 D EventSequenceValidator: Transition from ACTIVITY_LAUNCHED to ACTIVITY_FINISHED
06-19 20:43:11.725   307  1263 D goldfish-address-space: claimShared: Ask to claim region [0x3f2b97000 0x3f34fc000]
06-19 20:43:11.729   939   939 D RecentsOrientedState: current RecentsOrientedState: [this=RecentsOrientedState@38f96ba mOrientationHandler=PortraitPagedViewHandler@19f864c mDisplayRotation=0 mTouchRotation=0 mRecentsActivityRotation=0 isRecentsActivityRotationAllowed=false mSystemRotation=true mFlags=43]
06-19 20:43:11.729   939   939 I chatty  : uid=10137(com.google.android.apps.nexuslauncher) identical 2 lines
06-19 20:43:11.729   939   939 D RecentsOrientedState: current RecentsOrientedState: [this=RecentsOrientedState@38f96ba mOrientationHandler=PortraitPagedViewHandler@19f864c mDisplayRotation=0 mTouchRotation=0 mRecentsActivityRotation=0 isRecentsActivityRotationAllowed=false mSystemRotation=true mFlags=43]
06-19 20:43:11.737   307  1263 D goldfish-address-space: claimShared: Ask to claim region [0x3f4000000 0x3f4965000]
06-19 20:43:11.745   307   307 D goldfish-address-space: claimShared: Ask to claim region [0x3f4965000 0x3f52ca000]
06-19 20:43:11.756   939   939 I AiAiSuggestUi: Clearing suggestions.
06-19 20:43:11.770  1799  2019 W ThreadPoolDumper: Queue length for executor EventBus is now 11. Perhaps some tasks are too long, or the pool is too small.
06-19 20:43:11.778   939   965 W System  : A resource failed to call release.
06-19 20:43:11.778   939   965 W System  : A resource failed to call release.
06-19 20:43:11.781  1799  2028 W LocationOracle: No location history returned by ContextManager
06-19 20:43:11.787   313   313 W EmuHWC2 : validate: layer 63 CompositionType 1, fallback
06-19 20:43:11.791   313   313 W EmuHWC2 : No layers, exit, buffer 0x7c994da7f340
06-19 20:43:11.803   313   313 W EmuHWC2 : validate: layer 63 CompositionType 1, fallback
06-19 20:43:11.805   313   313 W EmuHWC2 : No layers, exit, buffer 0x7c994da7e1d0
06-19 20:43:11.809  1799  2090 E MDD     : DownloadProgressMonitor: Can't find file group for uri: android://com.google.android.googlequicksearchbox/files/sharedminusonemodule/shared/SharedMinusOneData.pb.tmp
06-19 20:43:11.815  1799  1799 I BgTaskExecutorImpl: Starting EXCLUSIVE background task TNG_MINUS_ONE_SYNC.
06-19 20:43:11.816  5923  5982 W GCoreFlp: No location to return for getLastLocation()
06-19 20:43:11.820   313   313 W EmuHWC2 : validate: layer 63 CompositionType 1, fallback
06-19 20:43:11.822   313   313 W EmuHWC2 : No layers, exit, buffer 0x7c994da7f340
06-19 20:43:11.822  1799  2019 I TngMinusOneSync: Syncing TNG:-1
06-19 20:43:11.837   313   313 W EmuHWC2 : validate: layer 63 CompositionType 1, fallback
06-19 20:43:11.839   313   313 W EmuHWC2 : No layers, exit, buffer 0x7c994da7e1d0
06-19 20:43:11.853   313   313 W EmuHWC2 : validate: layer 63 CompositionType 1, fallback
06-19 20:43:11.855   313   313 W EmuHWC2 : No layers, exit, buffer 0x7c994da7f340
06-19 20:43:11.870   313   313 W EmuHWC2 : validate: layer 63 CompositionType 1, fallback
06-19 20:43:11.872   313   313 W EmuHWC2 : No layers, exit, buffer 0x7c994da7e1d0
06-19 20:43:11.887   313   313 W EmuHWC2 : validate: layer 63 CompositionType 1, fallback
06-19 20:43:11.889   313   313 W EmuHWC2 : No layers, exit, buffer 0x7c994da7f340
06-19 20:43:11.904   313   313 W EmuHWC2 : validate: layer 63 CompositionType 1, fallback
06-19 20:43:11.906   313   313 W EmuHWC2 : No layers, exit, buffer 0x7c994da7e1d0
06-19 20:43:11.920   313   313 W EmuHWC2 : validate: layer 63 CompositionType 1, fallback
06-19 20:43:11.921   313   313 W EmuHWC2 : No layers, exit, buffer 0x7c994da7f340
06-19 20:43:11.937   313   313 W EmuHWC2 : validate: layer 63 CompositionType 1, fallback
06-19 20:43:11.938   313   313 W EmuHWC2 : No layers, exit, buffer 0x7c994da7e1d0
06-19 20:43:11.954   313   313 W EmuHWC2 : validate: layer 63 CompositionType 1, fallback
06-19 20:43:11.956   313   313 W EmuHWC2 : No layers, exit, buffer 0x7c994da7f340
06-19 20:43:11.970   313   313 W EmuHWC2 : validate: layer 63 CompositionType 1, fallback
06-19 20:43:11.972   313   313 W EmuHWC2 : No layers, exit, buffer 0x7c994da7e1d0
06-19 20:43:11.986   313   313 W EmuHWC2 : validate: layer 63 CompositionType 1, fallback
06-19 20:43:11.988   313   313 W EmuHWC2 : No layers, exit, buffer 0x7c994da7f340
06-19 20:43:12.020   365   365 E Layer   : [Surface(name=Task=1)/@0x4456ffd - animation-leash#0] No local sync point found
06-19 20:43:12.020   365   365 E Layer   : [Surface(name=Task=1)/@0x4456ffd - animation-leash#0] No local sync point found
06-19 20:43:12.020   365   365 E Layer   : [Surface(name=Task=14)/@0x5ac9c71 - animation-leash#0] No local sync point found
06-19 20:43:12.020   365   365 E Layer   : [Surface(name=Task=14)/@0x5ac9c71 - animation-leash#0] No local sync point found
06-19 20:43:12.027   939   939 I AiAiSuggestUi: Clearing suggestions.
06-19 20:43:12.038   501  6291 D HostConnection: HostConnection::get() New Host Connection established 0x7690d5d5c190, tid 6291
06-19 20:43:12.041   501  6291 D HostConnection: HostComposition ext ANDROID_EMU_CHECKSUM_HELPER_v1 ANDROID_EMU_native_sync_v2 ANDROID_EMU_native_sync_v3 ANDROID_EMU_native_sync_v4 ANDROID_EMU_dma_v1 ANDROID_EMU_direct_mem ANDROID_EMU_host_composition_v1 ANDROID_EMU_host_composition_v2 ANDROID_EMU_YUV_Cache ANDROID_EMU_has_shared_slots_host_memory_allocator ANDROID_EMU_sync_buffer_data ANDROID_EMU_read_color_buffer_dma GL_OES_vertex_array_object GL_KHR_texture_compression_astc_ldr ANDROID_EMU_host_side_tracing ANDROID_EMU_gles_max_version_2
06-19 20:43:12.043   501  6291 W OpenGLRenderer: Failed to choose config with EGL_SWAP_BEHAVIOR_PRESERVED, retrying without...
06-19 20:43:12.047   501   663 D ConnectivityService: releasing NetworkRequest [ TRACK_DEFAULT id=58, [ Capabilities: INTERNET&NOT_RESTRICTED&TRUSTED Uid: 10154 AdministratorUids: [] RequestorUid: 10154 RequestorPackageName: ru.geekbranes.stand] ] (release request)
06-19 20:43:12.051   728   728 V KeyguardUpdateMonitor: onSubscriptionInfoChanged()
06-19 20:43:12.052   728   728 V KeyguardUpdateMonitor: SubInfo:{id=1 iccId=890141032[****] simSlotIndex=0 carrierId=1 displayName=T-Mobile carrierName=T-Mobile nameSource=3 iconTint=-16746133 number=[****] dataRoaming=0 iconBitmap=android.graphics.Bitmap@34e6199 mcc=310 mnc=260 countryIso=us isEmbedded=false nativeAccessRules=null cardString=890141032[****] cardId=-1 isOpportunistic=false groupUUID=null isGroupDisabled=false profileClass=-1 ehplmns=null hplmns=null subscriptionType=0 groupOwner=null carrierConfigAccessRules=null areUiccApplicationsEnabled=true}
06-19 20:43:12.056  1074  1074 D Telephony: isEmergencyPreferredAccount: subId=1, activeData=1
06-19 20:43:12.056  1074  1074 D Telephony: isEmergencyPreferredAccount: Device does not require preference.
06-19 20:43:12.057   501  6291 D EGL_emulation: eglCreateContext: 0x7690c5e3c510: maj 2 min 0 rcv 2
06-19 20:43:12.063   501  6291 D EGL_emulation: eglMakeCurrent: 0x7690c5e3c510: ver 2 0 (tinfo 0x769065e5ec50) (first time)
06-19 20:43:12.670   501  1621 D WifiNl80211Manager: Scan result ready event
06-19 20:43:12.670   501  1621 D WifiNative: Scan result ready event
06-19 20:43:12.960   501   538 D EventSequenceValidator: Transition from ACTIVITY_FINISHED to INTENT_STARTED
06-19 20:43:12.961   501  2625 I system_server: oneway function results will be dropped but finished with status OK and parcel size 4
06-19 20:43:12.963   400   400 I perfetto: ing_service_impl.cc:758 Configured tracing session 14, #sources:1, duration:5000 ms, #buffers:1, total buffer size:4096 KB, total sessions:2, uid:1071 session name: ""
06-19 20:43:12.964   397   397 I perfetto: probes_producer.cc:230  Ftrace setup (target_buf=14)
06-19 20:43:12.967   501   538 D EventSequenceValidator: Transition from INTENT_STARTED to ACTIVITY_LAUNCHED
06-19 20:43:12.974   501  1897 W InputReader: Device virtio_input_multi_touch_9 is associated with display ADISPLAY_ID_NONE.
06-19 20:43:12.974   501  1897 W InputReader: Device virtio_input_multi_touch_7 is associated with display ADISPLAY_ID_NONE.
06-19 20:43:12.974   501  1897 W InputReader: Device virtio_input_multi_touch_10 is associated with display ADISPLAY_ID_NONE.
06-19 20:43:12.974   501  1897 W InputReader: Device virtio_input_multi_touch_6 is associated with display ADISPLAY_ID_NONE.
06-19 20:43:12.974   501  1897 W InputReader: Device virtio_input_multi_touch_4 is associated with display ADISPLAY_ID_NONE.
06-19 20:43:12.974   501  1897 W InputReader: Device virtio_input_multi_touch_3 is associated with display ADISPLAY_ID_NONE.
06-19 20:43:12.974   501  1897 W InputReader: Device virtio_input_multi_touch_8 is associated with display ADISPLAY_ID_NONE.
06-19 20:43:12.974   501  1897 W InputReader: Device virtio_input_multi_touch_11 is associated with display ADISPLAY_ID_NONE.
06-19 20:43:12.974   501  1897 W InputReader: Device virtio_input_multi_touch_5 is associated with display ADISPLAY_ID_NONE.
06-19 20:43:12.974   501  1897 W InputReader: Device virtio_input_multi_touch_2 is associated with display ADISPLAY_ID_NONE.
06-19 20:43:12.974   501  1897 W InputReader: Device virtio_input_multi_touch_9 is associated with display ADISPLAY_ID_NONE.
06-19 20:43:12.974   501  1897 W InputReader: Device virtio_input_multi_touch_7 is associated with display ADISPLAY_ID_NONE.
06-19 20:43:12.974   501  1897 W InputReader: Device virtio_input_multi_touch_10 is associated with display ADISPLAY_ID_NONE.
06-19 20:43:12.974   501  1897 W InputReader: Device virtio_input_multi_touch_6 is associated with display ADISPLAY_ID_NONE.
06-19 20:43:12.974   501  1897 W InputReader: Device virtio_input_multi_touch_4 is associated with display ADISPLAY_ID_NONE.
06-19 20:43:12.974   501  1897 W InputReader: Device virtio_input_multi_touch_3 is associated with display ADISPLAY_ID_NONE.
06-19 20:43:12.974   501  1897 W InputReader: Device virtio_input_multi_touch_8 is associated with display ADISPLAY_ID_NONE.
06-19 20:43:12.974   501  1897 W InputReader: Device virtio_input_multi_touch_11 is associated with display ADISPLAY_ID_NONE.
06-19 20:43:12.974   501  1897 W InputReader: Device virtio_input_multi_touch_5 is associated with display ADISPLAY_ID_NONE.
06-19 20:43:12.974   501  1897 W InputReader: Device virtio_input_multi_touch_2 is associated with display ADISPLAY_ID_NONE.
06-19 20:43:12.984   939   939 D RecentsOrientedState: current RecentsOrientedState: [this=RecentsOrientedState@183a2d3 mOrientationHandler=PortraitPagedViewHandler@19f864c mDisplayRotation=0 mTouchRotation=0 mRecentsActivityRotation=0 isRecentsActivityRotationAllowed=false mSystemRotation=true mFlags=43]
06-19 20:43:12.995   501  1897 D ActivityManager: Freezer.killable not present, disabling freezer
06-19 20:43:12.984   939   939 I chatty  : uid=10137(com.google.android.apps.nexuslauncher) identical 2 lines
06-19 20:43:12.984   939   939 D RecentsOrientedState: current RecentsOrientedState: [this=RecentsOrientedState@183a2d3 mOrientationHandler=PortraitPagedViewHandler@19f864c mDisplayRotation=0 mTouchRotation=0 mRecentsActivityRotation=0 isRecentsActivityRotationAllowed=false mSystemRotation=true mFlags=43]
06-19 20:43:12.996   168   168 I hwservicemanager: Since android.hardware.dumpstate@1.1::IDumpstateDevice/default is not registered, trying to start it as a lazy HAL.
06-19 20:43:13.003   313   313 W EmuHWC2 : validate: layer 70 CompositionType 1, fallback
06-19 20:43:13.004   168   168 I hwservicemanager: Since android.hardware.dumpstate@1.1::IDumpstateDevice/default is not registered, trying to start it as a lazy HAL.
06-19 20:43:13.004  6908  7670 I HidlServiceManagement: getService: Trying again for android.hardware.dumpstate@1.1::IDumpstateDevice/default...
06-19 20:43:13.006   313   313 W EmuHWC2 : No layers, exit, buffer 0x7c994da7e1d0
06-19 20:43:13.014  8246  8246 I android.hardware.dumpstate@1.1-service.example: Registering HAL: android.hardware.dumpstate@1.1::IDumpstateDevice with name: default
06-19 20:43:13.015  8246  8246 I HidlServiceManagement: Registered android.hardware.dumpstate@1.1::IDumpstateDevice/default (start delay of 18ms)
06-19 20:43:13.015  8246  8246 I HidlServiceManagement: Removing namespace from process name android.hardware.dumpstate@1.1-service.example to dumpstate@1.1-service.example.
06-19 20:43:13.016   168   168 I hw-BpHwBinder: onLastStrongRef automatically unlinking death recipients
06-19 20:43:13.016  6908  7670 I android_os_HwBinder: HwBinder: Starting thread pool for getting: android.hardware.dumpstate@1.1::IDumpstateDevice/default
06-19 20:43:13.018  6908  8247 D SettingsActivity: No enabled state changed, skipping updateCategory call
06-19 20:43:13.020   313   313 W EmuHWC2 : validate: layer 70 CompositionType 1, fallback
06-19 20:43:13.021   313   313 W EmuHWC2 : No layers, exit, buffer 0x7c994da7f340
06-19 20:43:13.027   307   307 D goldfish-address-space: claimShared: Ask to claim region [0x3f52ca000 0x3f5c2f000]
06-19 20:43:13.037   313   313 W EmuHWC2 : validate: layer 70 CompositionType 1, fallback
06-19 20:43:13.037   307   307 D goldfish-address-space: claimShared: Ask to claim region [0x3f5c2f000 0x3f6594000]
06-19 20:43:13.038   313   313 W EmuHWC2 : No layers, exit, buffer 0x7c994da7e1d0
06-19 20:43:13.045   307   307 D goldfish-address-space: claimShared: Ask to claim region [0x3f6594000 0x3f6ef9000]
06-19 20:43:13.053   313   313 W EmuHWC2 : validate: layer 70 CompositionType 1, fallback
06-19 20:43:13.069   313   313 W EmuHWC2 : No layers, exit, buffer 0x7c994da7f340
06-19 20:43:13.070   313   313 W EmuHWC2 : validate: layer 70 CompositionType 1, fallback
06-19 20:43:13.074  6908  6908 D AbstractBtDlgCtr: Unable to get current codec config. No active device.
06-19 20:43:13.074  6908  6908 D AbstractBtDlgCtr: Unable to get current config index. Current codec Config is null.
06-19 20:43:13.075   501   543 D ArtManagerInternalImpl: /data/misc/iorapd/com.android.settings/30/com.android.settings.SubSettings/compiled_traces/compiled_trace.pb doesn't exist
06-19 20:43:13.077   501   538 D EventSequenceValidator: Transition from ACTIVITY_LAUNCHED to ACTIVITY_FINISHED
06-19 20:43:13.084   313   313 W EmuHWC2 : No layers, exit, buffer 0x7c994da7e1d0
06-19 20:43:13.087   313   313 W EmuHWC2 : validate: layer 71 CompositionType 1, fallback
06-19 20:43:13.088  6908  6908 E BtHDAudioCtr: Active device is null. To disable HD audio button
06-19 20:43:13.089  6908  6908 D AbstractBtDlgCtr: Unable to get current codec config. No active device.
06-19 20:43:13.089  6908  6908 D AbstractBtDlgCtr: Unable to get current config index. Current codec Config is null.
06-19 20:43:13.089  6908  6908 D AbstractBtDlgCtr: Unable to get current codec config. No active device.
06-19 20:43:13.090   501  2625 I system_server: oneway function results will be dropped but finished with status OK and parcel size 4
06-19 20:43:13.092   313   313 W EmuHWC2 : No layers, exit, buffer 0x7c994da7f340
06-19 20:43:13.093  6908  7692 E ndroid.setting: Can't find memory status under: /sys/block/zram0/
06-19 20:43:13.092  6908  6908 W pool-2-thread-3: type=1400 audit(0.0:283): avc: denied { search } for name="zram0" dev="sysfs" ino=15013 scontext=u:r:system_app:s0 tcontext=u:object_r:sysfs_zram:s0 tclass=dir permissive=0
06-19 20:43:13.098  6908  7692 W ProcStatsManager: No process com.google.android.youtube/10119 for service com.google.android.apps.youtube.app.common.notification.FcmMessageListenerService
06-19 20:43:13.099  6908  7692 W ProcStatsManager: No process com.google.android.youtube/10119 for service com.google.android.apps.youtube.app.extensions.mediabrowser.impl.MainAppMediaBrowserService
06-19 20:43:13.099  6908  7692 W ProcStatsManager: No process com.google.android.youtube/10119 for service com.google.android.apps.youtube.app.common.ads.AdIdListenerService
06-19 20:43:13.099  6908  7692 W ProcStatsManager: No process com.google.android.youtube/10119 for service androidx.work.impl.background.systemjob.SystemJobService
06-19 20:43:13.099  6908  7692 W ProcStatsManager: No process android.process.media/10065 for service com.android.providers.downloads.DownloadJobService
06-19 20:43:13.099  6908  7692 W ProcStatsManager: No process com.google.android.apps.messaging/10122 for service com.google.android.apps.messaging.shared.fcm.impl.BugleFirebaseMessagingService
06-19 20:43:13.099  6908  7692 W ProcStatsManager: No process com.google.android.apps.messaging/10122 for service com.google.android.apps.messaging.shared.net.DittoForegroundService
06-19 20:43:13.099  6908  7692 W ProcStatsManager: No process com.google.android.apps.messaging/10122 for service com.google.android.apps.messaging.shared.datamodel.action.execution.ActionExecutorImpl$EmptyService
06-19 20:43:13.099  6908  7692 W ProcStatsManager: No process com.google.android.apps.messaging/10122 for service com.google.android.libraries.internal.growth.growthkit.internal.jobs.impl.GrowthKitJobService
06-19 20:43:13.099  6908  7692 W ProcStatsManager: No process com.google.android.apps.messaging/10122 for service com.google.android.apps.messaging.shared.datamodel.action.execution.ActionJobService
06-19 20:43:13.099  6908  7692 W ProcStatsManager: No process com.google.android.apps.messaging/10122 for service com.google.android.apps.messaging.rcsmigration.RcsMigrationService
06-19 20:43:13.099  6908  7692 W ProcStatsManager: No process com.google.android.configupdater/10096 for service com.google.android.configupdater.MainJobService
06-19 20:43:13.099  6908  7692 W ProcStatsManager: No process com.android.vending:download_service/10107 for service com.google.android.finsky.downloadservice.DownloadService
06-19 20:43:13.099  6908  7692 W ProcStatsManager: No process com.android.carrierconfig/10140 for service com.android.carrierconfig.DefaultCarrierConfigService
06-19 20:43:13.099  6908  7692 W ProcStatsManager: No process com.google.android.gm/10123 for service com.google.android.gm.job.ProviderCreatedJob$ProviderCreatedJobService
06-19 20:43:13.099  6908  7692 W ProcStatsManager: No process com.google.android.gm/10123 for service com.google.android.gm.job.GmailInitialSetupJob$GmailInitialSetupJobService
06-19 20:43:13.099  6908  7692 W ProcStatsManager: No process com.google.android.gm/10123 for service com.google.android.libraries.notifications.entrypoints.scheduled.ScheduledTaskService
06-19 20:43:13.099  6908  7692 W ProcStatsManager: No process com.google.android.gm/10123 for service com.android.email.job.MigrateDaJob$MigrateDaJobService
06-19 20:43:13.099  6908  7692 W ProcStatsManager: No process com.google.android.gm/10123 for service com.android.mail.job.NotifyDatasetChangedJob$NotifyDatasetChangedJobService
06-19 20:43:13.099  6908  7692 W ProcStatsManager: No process com.google.android.gm/10123 for service com.android.email.job.UpgradeJob$UpgradeJobService
06-19 20:43:13.099  6908  7692 W ProcStatsManager: No process com.google.android.gm/10123 for service com.android.email.job.BootCompletedJob$BootCompletedJobService
06-19 20:43:13.099  6908  7692 W ProcStatsManager: No process com.google.android.gm/10123 for service com.google.android.gm.job.GoogleMailWidgetAndShortcutSwitchJob$GoogleMailWidgetAndShortcutSwitchJobService
06-19 20:43:13.099  6908  7692 W ProcStatsManager: No process com.android.settings.intelligence/10106 for service com.android.settings.intelligence.suggestions.SuggestionService
06-19 20:43:13.099  6908  7692 W ProcStatsManager: No process com.android.printspooler/10089 for service com.android.printspooler.model.PrintSpoolerService
06-19 20:43:13.099  6908  7692 W ProcStatsManager: No process com.google.android.apps.wellbeing/10105 for service com.google.android.apps.wellbeing.dnd.impl.DndConditionProviderService
06-19 20:43:13.099  6908  7692 W ProcStatsManager: No process com.google.android.apps.wellbeing/10105 for service com.google.android.apps.wellbeing.powerstate.impl.PowerStateJobService
06-19 20:43:13.099  6908  7692 W ProcStatsManager: No process com.google.android.apps.docs/10121 for service com.google.android.libraries.notifications.entrypoints.scheduled.ScheduledTaskService
06-19 20:43:13.099  6908  7692 W ProcStatsManager: No process com.google.android.apps.docs/10121 for service com.google.android.libraries.internal.growth.growthkit.internal.jobs.impl.GrowthKitJobService
06-19 20:43:13.099  6908  7692 W ProcStatsManager: No process com.google.android.apps.docs/10121 for service com.google.firebase.messaging.FirebaseMessagingService
06-19 20:43:13.099  6908  7692 W ProcStatsManager: No process com.google.android.webview:sandboxed_process0/10109 for service org.chromium.content.app.SandboxedProcessService0
06-19 20:43:13.099  6908  7692 W ProcStatsManager: No process com.google.android.webview:webview_service/10112 for service org.chromium.android_webview.services.VariationsSeedServer
06-19 20:43:13.099  6908  7692 W ProcStatsManager: No process com.google.android.syncadapters.contacts/10131 for service com.google.android.syncadapters.contacts.ContactsSyncAdapterJobIntentService
06-19 20:43:13.099  6908  7692 W ProcStatsManager: No process com.android.keychain/1000 for service com.android.keychain.KeyChainService
06-19 20:43:13.099  6908  7692 W ProcStatsManager: No process com.android.chrome/10120 for service org.chromium.chrome.browser.customtabs.CustomTabsConnectionService
06-19 20:43:13.099  6908  7692 W ProcStatsManager: No process com.google.android.gms.unstable/10109 for service com.google.android.gms.droidguard.DroidGuardService
06-19 20:43:13.099  6908  7692 W ProcStatsManager: No process com.google.android.partnersetup/10099 for service com.google.android.partnersetup.PhenotypeJobService
06-19 20:43:13.099  6908  7692 W ProcStatsManager: No process com.android.localtransport/1000 for service com.android.localtransport.LocalTransportService
06-19 20:43:13.099  6908  7692 W ProcStatsManager: No process com.google.android.videos/10128 for service com.google.android.apps.play.movies.common.service.pinning.TransferService
06-19 20:43:13.099  6908  7692 W ProcStatsManager: No process com.google.android.videos/10128 for service com.google.android.apps.play.movies.common.service.messaging.fcm.VideosFcmService
06-19 20:43:13.099  6908  7692 W ProcStatsManager: No process com.google.android.videos/10128 for service androidx.work.impl.background.systemjob.SystemJobService
06-19 20:43:13.099  6908  7692 W ProcStatsManager: No process com.google.android.calendar/10124 for service com.google.android.calendar.alerts.RemindersListenerService
06-19 20:43:13.099  6908  7692 W ProcStatsManager: No process com.google.android.projection.gearhead:shared/10102 for service com.google.android.apps.auto.components.app.fzero.LauncherIconStateVerificationService
06-19 20:43:13.099  6908  7692 W ProcStatsManager: No process com.google.android.apps.youtube.music/10115 for service com.google.android.apps.youtube.music.mediabrowser.MusicBrowserService
06-19 20:43:13.099  6908  7692 W ProcStatsManager: No process com.google.android.apps.youtube.music/10115 for service com.google.android.apps.youtube.music.notifications.FcmMessageListenerService
06-19 20:43:13.099  6908  7692 W ProcStatsManager: No process com.google.android.apps.youtube.music/10115 for service androidx.work.impl.background.systemjob.SystemJobService
06-19 20:43:13.099  6908  7692 W ProcStatsManager: No process com.google.android.cellbroadcastreceiver/10153 for service com.android.cellbroadcastreceiver.CellBroadcastConfigService
06-19 20:43:13.100  6908  7692 W ProcStatsEntry: No process com.android.vending:quick_launch found in package state com.android.vending/10107
06-19 20:43:13.100  6908  7692 W ProcStatsEntry: No process com.android.vending:quick_launch found in package state com.android.vending/10107
06-19 20:43:13.101  6908  7692 W ProcStatsEntry: No process com.android.vending:background found in package state com.android.vending/10107
06-19 20:43:13.101  6908  7692 W ProcStatsEntry: No process com.android.vending:background found in package state com.android.vending/10107
06-19 20:43:13.101  6908  6908 D AbstractBtDlgCtr: Unable to get current codec config. No active device.
06-19 20:43:13.101  6908  6908 D AbstractBtDlgCtr: Unable to get current config index. Current codec Config is null.
06-19 20:43:13.092  6908  6908 W pool-2-thread-3: type=1400 audit(0.0:284): avc: denied { search } for name="zram0" dev="sysfs" ino=15013 scontext=u:r:system_app:s0 tcontext=u:object_r:sysfs_zram:s0 tclass=dir permissive=0
06-19 20:43:13.104   313   313 W EmuHWC2 : validate: layer 71 CompositionType 1, fallback
06-19 20:43:13.106   313   313 W EmuHWC2 : No layers, exit, buffer 0x7c994da7e1d0
06-19 20:43:13.108  6908  6908 D AbstractBtDlgCtr: Unable to get current codec config. No active device.
06-19 20:43:13.108  6908  6908 D AbstractBtDlgCtr: Unable to get current config index. Current codec Config is null.
06-19 20:43:13.111  6908  6908 D AbstractBtDlgCtr: Unable to get current codec config. No active device.
06-19 20:43:13.111  6908  6908 D AbstractBtDlgCtr: Unable to get current config index. Current codec Config is null.
06-19 20:43:13.115  6908  6908 W Settings: Setting bugreport_in_power_menu has moved from android.provider.Settings.Secure to android.provider.Settings.Global.
06-19 20:43:13.120   313   313 W EmuHWC2 : validate: layer 71 CompositionType 1, fallback
06-19 20:43:13.122   313   313 W EmuHWC2 : No layers, exit, buffer 0x7c994da7f340
06-19 20:43:13.123   168   168 I hwservicemanager: Notifying android.hardware.dumpstate@1.1::IDumpstateDevice/default they have clients: 1
06-19 20:43:13.123  8246  8246 I android.hardware.dumpstate@1.1-service.example: Process has 1 (of 1 available) client(s) in use after notification android.hardware.dumpstate@1.1::IDumpstateDevice has clients: 1
06-19 20:43:13.123  6908  6908 I android_os_HwBinder: HwBinder: Starting thread pool for getting: android.hardware.dumpstate@1.1::IDumpstateDevice/default
06-19 20:43:13.137   313   313 W EmuHWC2 : validate: layer 71 CompositionType 1, fallback
06-19 20:43:13.139   313   313 W EmuHWC2 : No layers, exit, buffer 0x7c994da7e1d0
06-19 20:43:13.153   313   313 W EmuHWC2 : validate: layer 71 CompositionType 1, fallback
06-19 20:43:13.155   313   313 W EmuHWC2 : No layers, exit, buffer 0x7c994da7f340
06-19 20:43:13.170   313   313 W EmuHWC2 : validate: layer 71 CompositionType 1, fallback
06-19 20:43:13.172   313   313 W EmuHWC2 : No layers, exit, buffer 0x7c994da7e1d0
06-19 20:43:13.186   313   313 W EmuHWC2 : validate: layer 71 CompositionType 1, fallback
06-19 20:43:13.188   313   313 W EmuHWC2 : No layers, exit, buffer 0x7c994da7f340
06-19 20:43:13.203   313   313 W EmuHWC2 : validate: layer 71 CompositionType 1, fallback
06-19 20:43:13.205   313   313 W EmuHWC2 : No layers, exit, buffer 0x7c994da7e1d0
06-19 20:43:13.220   313   313 W EmuHWC2 : validate: layer 71 CompositionType 1, fallback
06-19 20:43:13.222   313   313 W EmuHWC2 : No layers, exit, buffer 0x7c994da7f340
06-19 20:43:13.237   313   313 W EmuHWC2 : validate: layer 71 CompositionType 1, fallback
06-19 20:43:13.239   313   313 W EmuHWC2 : No layers, exit, buffer 0x7c994da7e1d0
06-19 20:43:13.254   313   313 W EmuHWC2 : validate: layer 71 CompositionType 1, fallback
06-19 20:43:13.256   313   313 W EmuHWC2 : No layers, exit, buffer 0x7c994da7f340
06-19 20:43:13.270   313   313 W EmuHWC2 : validate: layer 71 CompositionType 1, fallback
06-19 20:43:13.272   313   313 W EmuHWC2 : No layers, exit, buffer 0x7c994da7e1d0
06-19 20:43:13.286   313   313 W EmuHWC2 : validate: layer 71 CompositionType 1, fallback
06-19 20:43:13.289   313   313 W EmuHWC2 : No layers, exit, buffer 0x7c994da7f340
06-19 20:43:13.305   313   313 W EmuHWC2 : validate: layer 71 CompositionType 1, fallback
06-19 20:43:13.307   313   313 W EmuHWC2 : No layers, exit, buffer 0x7c994da7e1d0
06-19 20:43:13.321   313   313 W EmuHWC2 : validate: layer 71 CompositionType 1, fallback
06-19 20:43:13.322   939   939 I AiAiSuggestUi: Clearing suggestions.
06-19 20:43:13.322   939   939 I AiAiSuggestUi: Clearing suggestions.
06-19 20:43:13.323   313   313 W EmuHWC2 : No layers, exit, buffer 0x7c994da7f340
06-19 20:43:13.336   365   365 E Layer   : [Surface(name=Task=1)/@0x4456ffd - animation-leash#0] No local sync point found
06-19 20:43:13.336   365   365 E Layer   : [Surface(name=Task=1)/@0x4456ffd - animation-leash#0] No local sync point found
06-19 20:43:13.336   365   365 E Layer   : [Surface(name=Task=13)/@0xa316853 - animation-leash#0] No local sync point found
06-19 20:43:13.336   365   365 E Layer   : [Surface(name=Task=13)/@0xa316853 - animation-leash#0] No local sync point found
06-19 20:43:13.363  1799  3508 I PBSessionCacheImpl: Deleted sessionId[7913836028035966] from persistence.
06-19 20:43:13.373  1799  2019 W SearchServiceCore: Abort, client detached.
06-19 20:43:16.050   501  1584 I system_server: oneway function results will be dropped but finished with status OK and parcel size 4
06-19 20:43:16.599   397   397 I perfetto: probes_producer.cc:329  Producer stop (id=13)
06-19 20:43:16.600   400   400 I perfetto: ng_service_impl.cc:1948 Tracing session 13 ended, total sessions:1
06-19 20:43:16.771  1326  1418 I PeriodicStatsRunner: PeriodicStatsRunner.call():180 call()
06-19 20:43:16.771  1326  1418 I PeriodicStatsRunner: PeriodicStatsRunner.call():184 No submit PeriodicStats since input started.
06-19 20:43:17.235  7111  7220 I PlayCommon: [512] bako.j(213): Preparing logs for uploading
06-19 20:43:17.236  7111  7220 W PlayCommon: [512] bako.l(11): No account for auth token provided
06-19 20:43:17.236  7111  7220 I PlayCommon: [512] bako.j(1889): Connecting to server: https://play.googleapis.com/play/log?format=raw&proto_v2=true
06-19 20:43:17.335  7111  7220 I PlayCommon: [512] bako.j(2143): Successfully uploaded logs.
06-19 20:43:17.335  7111  7220 E PlayCommon: [512] bako.j(2373): Error reading the content of the response body: java.io.EOFException
06-19 20:43:17.967   397   397 I perfetto: probes_producer.cc:329  Producer stop (id=14)
06-19 20:43:17.968   400   400 I perfetto: ng_service_impl.cc:1948 Tracing session 14 ended, total sessions:0
06-19 20:43:17.968   397   397 I perfetto: ftrace_procfs.cc:183    disabled ftrace
06-19 20:43:18.136  1326  1418 I PeriodicStatsRunner: PeriodicStatsRunner.call():180 call()
06-19 20:43:18.136  1326  1418 I PeriodicStatsRunner: PeriodicStatsRunner.call():184 No submit PeriodicStats since input started.
06-19 20:43:18.606   501  1584 I ActivityTaskManager: START u0 {act=android.intent.action.MAIN cmp=com.android.settings/.SubSettings (has extras)} from uid 1000
06-19 20:43:18.606   501   538 D EventSequenceValidator: Transition from ACTIVITY_FINISHED to INTENT_STARTED
06-19 20:43:18.607   501  2625 I system_server: oneway function results will be dropped but finished with status OK and parcel size 4
06-19 20:43:18.607   501  1897 I system_server: oneway function results will be dropped but finished with status OK and parcel size 4
06-19 20:43:18.609   400   400 I perfetto: ing_service_impl.cc:758 Configured tracing session 15, #sources:1, duration:5000 ms, #buffers:1, total buffer size:4096 KB, total sessions:1, uid:1071 session name: ""
06-19 20:43:18.609   397   397 I perfetto: probes_producer.cc:230  Ftrace setup (target_buf=15)
06-19 20:43:18.610   501   538 D EventSequenceValidator: Transition from INTENT_STARTED to INTENT_FAILED
06-19 20:43:18.613   501  1584 W ActivityTaskManager: Tried to set launchTime (0) < mLastActivityLaunchTime (234168)
06-19 20:43:18.613   501  1584 W InputReader: Device virtio_input_multi_touch_9 is associated with display ADISPLAY_ID_NONE.
06-19 20:43:18.614   501  1584 W InputReader: Device virtio_input_multi_touch_7 is associated with display ADISPLAY_ID_NONE.
06-19 20:43:18.614   501  1584 W InputReader: Device virtio_input_multi_touch_10 is associated with display ADISPLAY_ID_NONE.
06-19 20:43:18.614   501  1584 W InputReader: Device virtio_input_multi_touch_6 is associated with display ADISPLAY_ID_NONE.
06-19 20:43:18.614   501  1584 W InputReader: Device virtio_input_multi_touch_4 is associated with display ADISPLAY_ID_NONE.
06-19 20:43:18.614   501  1584 W InputReader: Device virtio_input_multi_touch_3 is associated with display ADISPLAY_ID_NONE.
06-19 20:43:18.614   501  1584 W InputReader: Device virtio_input_multi_touch_8 is associated with display ADISPLAY_ID_NONE.
06-19 20:43:18.614   501  1584 W InputReader: Device virtio_input_multi_touch_11 is associated with display ADISPLAY_ID_NONE.
06-19 20:43:18.614   501  1584 W InputReader: Device virtio_input_multi_touch_5 is associated with display ADISPLAY_ID_NONE.
06-19 20:43:18.614   501  1584 W InputReader: Device virtio_input_multi_touch_2 is associated with display ADISPLAY_ID_NONE.
06-19 20:43:18.614   501  1584 W InputReader: Device virtio_input_multi_touch_9 is associated with display ADISPLAY_ID_NONE.
06-19 20:43:18.614   501  1584 W InputReader: Device virtio_input_multi_touch_7 is associated with display ADISPLAY_ID_NONE.
06-19 20:43:18.614   501  1584 W InputReader: Device virtio_input_multi_touch_10 is associated with display ADISPLAY_ID_NONE.
06-19 20:43:18.614   501  1584 W InputReader: Device virtio_input_multi_touch_6 is associated with display ADISPLAY_ID_NONE.
06-19 20:43:18.614   501  1584 W InputReader: Device virtio_input_multi_touch_4 is associated with display ADISPLAY_ID_NONE.
06-19 20:43:18.614   501  1584 W InputReader: Device virtio_input_multi_touch_3 is associated with display ADISPLAY_ID_NONE.
06-19 20:43:18.614   501  1584 W InputReader: Device virtio_input_multi_touch_8 is associated with display ADISPLAY_ID_NONE.
06-19 20:43:18.614   501  1584 W InputReader: Device virtio_input_multi_touch_11 is associated with display ADISPLAY_ID_NONE.
06-19 20:43:18.614   501  1584 W InputReader: Device virtio_input_multi_touch_5 is associated with display ADISPLAY_ID_NONE.
06-19 20:43:18.614   501  1584 W InputReader: Device virtio_input_multi_touch_2 is associated with display ADISPLAY_ID_NONE.
06-19 20:43:18.620  6908  6908 D SettingsActivity: Starting onCreate
06-19 20:43:18.632  6908  6908 D SettingsActivity: Starting to set activity title
06-19 20:43:18.632  6908  6908 D SettingsActivity: Done setting title
06-19 20:43:18.632  6908  6908 D SettingsActivity: Switching to fragment com.android.settings.applications.RunningServices
06-19 20:43:18.632  6908  6908 D SubSettings: Launching fragment com.android.settings.applications.RunningServices
06-19 20:43:18.635  6908  6908 D SettingsActivity: Executed frag manager pendingTransactions
06-19 20:43:18.651   397   397 I perfetto: ftrace_procfs.cc:176    enabled ftrace
06-19 20:43:18.673   307   307 D goldfish-address-space: claimShared: Ask to claim region [0x3f2b97000 0x3f34fc000]
